Archive member included because of file (symbol)

c:/program files (x86)/atollic/truestudio for arm lite 5.3.0/armtools/bin/../lib/gcc/arm-atollic-eabi/4.8.3/../../../../arm-atollic-eabi/lib/armv7e-m/fpu\libc_s.a(lib_a-init.o)
                              src\startup_stm32f303xe.o (__libc_init_array)
c:/program files (x86)/atollic/truestudio for arm lite 5.3.0/armtools/bin/../lib/gcc/arm-atollic-eabi/4.8.3/../../../../arm-atollic-eabi/lib/armv7e-m/fpu\libm.a(lib_a-sf_atan.o)
                              Drivers\MPU\_LibMPU6050.o (atanf)
c:/program files (x86)/atollic/truestudio for arm lite 5.3.0/armtools/bin/../lib/gcc/arm-atollic-eabi/4.8.3/../../../../arm-atollic-eabi/lib/armv7e-m/fpu\libm.a(lib_a-sf_fabs.o)
                              c:/program files (x86)/atollic/truestudio for arm lite 5.3.0/armtools/bin/../lib/gcc/arm-atollic-eabi/4.8.3/../../../../arm-atollic-eabi/lib/armv7e-m/fpu\libm.a(lib_a-sf_atan.o) (fabsf)
c:/program files (x86)/atollic/truestudio for arm lite 5.3.0/armtools/bin/../lib/gcc/arm-atollic-eabi/4.8.3/armv7e-m/fpu\libgcc.a(_arm_addsubdf3.o)
                              Framework\PID\PID_Usr.o (__aeabi_dsub)
c:/program files (x86)/atollic/truestudio for arm lite 5.3.0/armtools/bin/../lib/gcc/arm-atollic-eabi/4.8.3/armv7e-m/fpu\libgcc.a(_arm_muldivdf3.o)
                              Drivers\Motors\Motors.o (__aeabi_dmul)
c:/program files (x86)/atollic/truestudio for arm lite 5.3.0/armtools/bin/../lib/gcc/arm-atollic-eabi/4.8.3/armv7e-m/fpu\libgcc.a(_arm_truncdfsf2.o)
                              Framework\PID\PID_Usr.o (__aeabi_d2f)

Allocating common symbols
Common symbol       size              file

oBluetooth          0xac              src\main.o
time3072msPassed    0x1               src\Logic.o
dataStruct          0x8               Drivers\MPU\_LibMPU6050.o
oSharp              0xc               src\main.o
time32msPassed      0x1               src\Logic.o
oServos             0x10              Drivers\Motors\Motors.o
oPID_Rotation       0x50              src\main.o
oBattery            0x14              src\main.o
oPID_AngleMoving    0x50              src\main.o
AdcBufferTable      0x4               StmPeriphInit\ADC.o
oPID_Omega          0x50              src\main.o
oPID_Angle          0x50              src\main.o
time16msPassed      0x1               src\Logic.o
oMpuKalman          0x28              src\main.o
time128msPassed     0x1               src\Logic.o

Discarded input sections

 .text          0x00000000        0x0 c:/program files (x86)/atollic/truestudio for arm lite 5.3.0/armtools/bin/../lib/gcc/arm-atollic-eabi/4.8.3/armv7e-m/fpu/crti.o
 .data          0x00000000        0x0 c:/program files (x86)/atollic/truestudio for arm lite 5.3.0/armtools/bin/../lib/gcc/arm-atollic-eabi/4.8.3/armv7e-m/fpu/crti.o
 .bss           0x00000000        0x0 c:/program files (x86)/atollic/truestudio for arm lite 5.3.0/armtools/bin/../lib/gcc/arm-atollic-eabi/4.8.3/armv7e-m/fpu/crti.o
 .data          0x00000000        0x4 c:/program files (x86)/atollic/truestudio for arm lite 5.3.0/armtools/bin/../lib/gcc/arm-atollic-eabi/4.8.3/armv7e-m/fpu/crtbegin.o
 .text          0x00000000        0x0 src\system_stm32f30x.o
 .data          0x00000000        0x0 src\system_stm32f30x.o
 .bss           0x00000000        0x0 src\system_stm32f30x.o
 .data.SystemCoreClock
                0x00000000        0x4 src\system_stm32f30x.o
 .data.AHBPrescTable
                0x00000000       0x10 src\system_stm32f30x.o
 .text.SystemCoreClockUpdate
                0x00000000       0xd4 src\system_stm32f30x.o
 .text          0x00000000       0x14 src\startup_stm32f303xe.o
 .data          0x00000000        0x0 src\startup_stm32f303xe.o
 .bss           0x00000000        0x0 src\startup_stm32f303xe.o
 .text          0x00000000        0x0 src\main.o
 .data          0x00000000        0x0 src\main.o
 .bss           0x00000000        0x0 src\main.o
 .text          0x00000000        0x0 src\Logic.o
 .data          0x00000000        0x0 src\Logic.o
 .bss           0x00000000        0x0 src\Logic.o
 .text          0x00000000        0x0 src\Communicator.o
 .data          0x00000000        0x0 src\Communicator.o
 .bss           0x00000000        0x0 src\Communicator.o
 .text.priv_SendDummy
                0x00000000       0x14 src\Communicator.o
 .text          0x00000000        0x0 StmPeriphInit\USART.o
 .data          0x00000000        0x0 StmPeriphInit\USART.o
 .bss           0x00000000        0x0 StmPeriphInit\USART.o
 .text.USARTInterrupt
                0x00000000       0x14 StmPeriphInit\USART.o
 .text          0x00000000        0x0 StmPeriphInit\Timers.o
 .data          0x00000000        0x0 StmPeriphInit\Timers.o
 .bss           0x00000000        0x0 StmPeriphInit\Timers.o
 .text          0x00000000        0x0 StmPeriphInit\SysTick.o
 .data          0x00000000        0x0 StmPeriphInit\SysTick.o
 .bss           0x00000000        0x0 StmPeriphInit\SysTick.o
 .text          0x00000000        0x0 StmPeriphInit\RCC.o
[...]
Memory Configuration

Name             Origin             Length             Attributes
FLASH            0x08000000         0x00080000         xr
RAM              0x20000000         0x00010000         xrw
MEMORY_B1        0x60000000         0x00000000         xr
CCMRAM           0x10000000         0x00002000         rw
*default*        0x00000000         0xffffffff

Linker script and memory map

LOAD c:/program files (x86)/atollic/truestudio for arm lite 5.3.0/armtools/bin/../lib/gcc/arm-atollic-eabi/4.8.3/armv7e-m/fpu/crti.o
LOAD c:/program files (x86)/atollic/truestudio for arm lite 5.3.0/armtools/bin/../lib/gcc/arm-atollic-eabi/4.8.3/armv7e-m/fpu/crtbegin.o
LOAD src\system_stm32f30x.o
LOAD src\startup_stm32f303xe.o
LOAD src\main.o
LOAD src\Logic.o
LOAD src\Communicator.o
LOAD StmPeriphInit\USART.o
LOAD StmPeriphInit\Timers.o
LOAD StmPeriphInit\SysTick.o
LOAD StmPeriphInit\RCC.o
LOAD StmPeriphInit\NVIC.o
LOAD StmPeriphInit\I2C.o
LOAD StmPeriphInit\GPIO.o
LOAD StmPeriphInit\ADC.o
LOAD Framework\stm32f30x\src\stm32f30x_wwdg.o
LOAD Framework\stm32f30x\src\stm32f30x_usart.o
LOAD Framework\stm32f30x\src\stm32f30x_tim.o
LOAD Framework\stm32f30x\src\stm32f30x_syscfg.o
LOAD Framework\stm32f30x\src\stm32f30x_spi.o
LOAD Framework\stm32f30x\src\stm32f30x_rtc.o
LOAD Framework\stm32f30x\src\stm32f30x_rcc.o
LOAD Framework\stm32f30x\src\stm32f30x_pwr.o
LOAD Framework\stm32f30x\src\stm32f30x_opamp.o
LOAD Framework\stm32f30x\src\stm32f30x_misc.o
LOAD Framework\stm32f30x\src\stm32f30x_iwdg.o
LOAD Framework\stm32f30x\src\stm32f30x_i2c.o
LOAD Framework\stm32f30x\src\stm32f30x_gpio.o
LOAD Framework\stm32f30x\src\stm32f30x_fmc.o
LOAD Framework\stm32f30x\src\stm32f30x_flash.o
LOAD Framework\stm32f30x\src\stm32f30x_exti.o
LOAD Framework\stm32f30x\src\stm32f30x_dma.o
LOAD Framework\stm32f30x\src\stm32f30x_dbgmcu.o
LOAD Framework\stm32f30x\src\stm32f30x_dac.o
LOAD Framework\stm32f30x\src\stm32f30x_crc.o
LOAD Framework\stm32f30x\src\stm32f30x_comp.o
LOAD Framework\stm32f30x\src\stm32f30x_can.o
LOAD Framework\stm32f30x\src\stm32f30x_adc.o
LOAD Framework\PID\PID_Usr.o
LOAD Framework\PID\PID.o
LOAD Framework\Kalman\KalmanFilter.o
LOAD Framework\Fifo\Fifo.o
LOAD Drivers\Wifi\Wifi.o
LOAD Drivers\ProximitySensor\Sharp.o
LOAD Drivers\Motors\Motors.o
LOAD Drivers\MPU\_LibMPU6050.o
LOAD Drivers\MPU\MPU.o
LOAD Drivers\LEDs\LED.o
LOAD Drivers\Clock\clock.o
LOAD Drivers\Battery\Battery.o
LOAD Drivers\BT\BT.o
START GROUP
LOAD c:/program files (x86)/atollic/truestudio for arm lite 5.3.0/armtools/bin/../lib/gcc/arm-atollic-eabi/4.8.3/../../../../arm-atollic-eabi/lib/armv7e-m/fpu\libc_s.a
LOAD c:/program files (x86)/atollic/truestudio for arm lite 5.3.0/armtools/bin/../lib/gcc/arm-atollic-eabi/4.8.3/../../../../arm-atollic-eabi/lib/armv7e-m/fpu\libm.a
END GROUP
                0x00001000                malloc_getpagesize_P = 0x1000
START GROUP
LOAD c:/program files (x86)/atollic/truestudio for arm lite 5.3.0/armtools/bin/../lib/gcc/arm-atollic-eabi/4.8.3/armv7e-m/fpu\libgcc.a
LOAD c:/program files (x86)/atollic/truestudio for arm lite 5.3.0/armtools/bin/../lib/gcc/arm-atollic-eabi/4.8.3/../../../../arm-atollic-eabi/lib/armv7e-m/fpu\libc.a
END GROUP
LOAD c:/program files (x86)/atollic/truestudio for arm lite 5.3.0/armtools/bin/../lib/gcc/arm-atollic-eabi/4.8.3/armv7e-m/fpu/crtend.o
LOAD c:/program files (x86)/atollic/truestudio for arm lite 5.3.0/armtools/bin/../lib/gcc/arm-atollic-eabi/4.8.3/armv7e-m/fpu/crtn.o
                0x20010000                _estack = 0x20010000
                0x00000000                _Min_Heap_Size = 0x0
                0x00000200                _Min_Stack_Size = 0x200

.isr_vector     0x08000000      0x194
                0x08000000                . = ALIGN (0x4)
 *(.isr_vector)
 .isr_vector    0x08000000      0x194 src\startup_stm32f303xe.o
                0x08000000                g_pfnVectors
                0x08000194                . = ALIGN (0x4)

.text           0x08000198     0x69c0
                0x08000198                . = ALIGN (0x4)
 *(.text)
 .text          0x08000198       0x40 c:/program files (x86)/atollic/truestudio for arm lite 5.3.0/armtools/bin/../lib/gcc/arm-atollic-eabi/4.8.3/armv7e-m/fpu/crtbegin.o
 .text          0x080001d8      0x370 c:/program files (x86)/atollic/truestudio for arm lite 5.3.0/armtools/bin/../lib/gcc/arm-atollic-eabi/4.8.3/armv7e-m/fpu\libgcc.a(_arm_addsubdf3.o)
                0x080001d8                __aeabi_drsub
                0x080001e0                __aeabi_dsub
                0x080001e0                __subdf3
                0x080001e4                __aeabi_dadd
                0x080001e4                __adddf3
                0x0800045c                __floatunsidf
                0x0800045c                __aeabi_ui2d
                0x0800047c                __floatsidf
                0x0800047c                __aeabi_i2d
                0x080004a0                __aeabi_f2d
                0x080004a0                __extendsfdf2
                0x080004dc                __floatundidf
                0x080004dc                __aeabi_ul2d
                0x080004ec                __floatdidf
                0x080004ec                __aeabi_l2d
 .text          0x08000548      0x424 c:/program files (x86)/atollic/truestudio for arm lite 5.3.0/armtools/bin/../lib/gcc/arm-atollic-eabi/4.8.3/armv7e-m/fpu\libgcc.a(_arm_muldivdf3.o)
                0x08000548                __aeabi_dmul
                0x08000548                __muldf3
                0x0800079c                __divdf3
                0x0800079c                __aeabi_ddiv
 .text          0x0800096c       0xa0 c:/program files (x86)/atollic/truestudio for arm lite 5.3.0/armtools/bin/../lib/gcc/arm-atollic-eabi/4.8.3/armv7e-m/fpu\libgcc.a(_arm_truncdfsf2.o)
                0x0800096c                __truncdfsf2
                0x0800096c                __aeabi_d2f
 *(.text*)
 .text.SystemInit
                0x08000a0c       0x90 src\system_stm32f30x.o
                0x08000a0c                SystemInit
 .text.SetSysClock
                0x08000a9c       0xe0 src\system_stm32f30x.o
 .text.Reset_Handler
                0x08000b7c       0x5c src\startup_stm32f303xe.o
                0x08000b7c                Reset_Handler
 .text.Default_Handler
                0x08000bd8        0x4 src\startup_stm32f303xe.o
                0x08000bd8                RTC_Alarm_IRQHandler
                0x08000bd8                TIM8_TRG_COM_IRQHandler
                0x08000bd8                TIM8_CC_IRQHandler
                0x08000bd8                DebugMon_Handler
                0x08000bd8                SPI4_IRQHandler
                0x08000bd8                TIM1_CC_IRQHandler
                0x08000bd8                HardFault_Handler
                0x08000bd8                USB_HP_IRQHandler
                0x08000bd8                PVD_IRQHandler
                0x08000bd8                TAMP_STAMP_IRQHandler
                0x08000bd8                PendSV_Handler
                0x08000bd8                NMI_Handler
                0x08000bd8                EXTI3_IRQHandler
                0x08000bd8                I2C3_ER_IRQHandler
                0x08000bd8                USB_HP_CAN_TX_IRQHandler
                0x08000bd8                EXTI0_IRQHandler
                0x08000bd8                I2C2_EV_IRQHandler
                0x08000bd8                FPU_IRQHandler
                0x08000bd8                TIM1_UP_TIM16_IRQHandler
                0x08000bd8                UsageFault_Handler
                0x08000bd8                ADC1_2_IRQHandler
                0x08000bd8                SPI1_IRQHandler
                0x08000bd8                CAN_SCE_IRQHandler
                0x08000bd8                TIM6_DAC_IRQHandler
                0x08000bd8                TIM8_UP_IRQHandler
                0x08000bd8                DMA2_Channel2_IRQHandler
                0x08000bd8                DMA1_Channel4_IRQHandler
                0x08000bd8                TIM20_TRG_COM_IRQHandler
                0x08000bd8                DMA1_Channel7_IRQHandler
                0x08000bd8                UART5_IRQHandler
                0x08000bd8                ADC3_IRQHandler
                0x08000bd8                CAN_RX1_IRQHandler
                0x08000bd8                DMA2_Channel1_IRQHandler
                0x08000bd8                I2C1_EV_IRQHandler
                0x08000bd8                DMA1_Channel6_IRQHandler
                0x08000bd8                UART4_IRQHandler
                0x08000bd8                DMA2_Channel4_IRQHandler
                0x08000bd8                TIM3_IRQHandler
                0x08000bd8                RCC_IRQHandler
                0x08000bd8                TIM20_UP_IRQHandler
                0x08000bd8                DMA1_Channel1_IRQHandler
                0x08000bd8                Default_Handler
                0x08000bd8                USBWakeUp_RMP_IRQHandler
                0x08000bd8                EXTI15_10_IRQHandler
                0x08000bd8                TIM7_IRQHandler
                0x08000bd8                I2C3_EV_IRQHandler
                0x08000bd8                EXTI9_5_IRQHandler
                0x08000bd8                RTC_WKUP_IRQHandler
                0x08000bd8                SPI2_IRQHandler
                0x08000bd8                USB_LP_CAN_RX0_IRQHandler
                0x08000bd8                MemManage_Handler
                0x08000bd8                SVC_Handler
                0x08000bd8                DMA2_Channel5_IRQHandler
                0x08000bd8                DMA1_Channel5_IRQHandler
                0x08000bd8                USB_LP_IRQHandler
                0x08000bd8                EXTI4_IRQHandler
                0x08000bd8                TIM1_TRG_COM_TIM17_IRQHandler
                0x08000bd8                DMA1_Channel3_IRQHandler
                0x08000bd8                ADC4_IRQHandler
                0x08000bd8                WWDG_IRQHandler
                0x08000bd8                TIM2_IRQHandler
                0x08000bd8                COMP7_IRQHandler
                0x08000bd8                COMP1_2_3_IRQHandler
                0x08000bd8                EXTI1_IRQHandler
                0x08000bd8                COMP4_5_6_IRQHandler
                0x08000bd8                TIM20_BRK_IRQHandler
                0x08000bd8                I2C2_ER_IRQHandler
                0x08000bd8                DMA1_Channel2_IRQHandler
                0x08000bd8                TIM8_BRK_IRQHandler
                0x08000bd8                FLASH_IRQHandler
                0x08000bd8                TIM20_CC_IRQHandler
                0x08000bd8                BusFault_Handler
                0x08000bd8                SPI3_IRQHandler
                0x08000bd8                I2C1_ER_IRQHandler
                0x08000bd8                FMC_IRQHandler
                0x08000bd8                USBWakeUp_IRQHandler
                0x08000bd8                DMA2_Channel3_IRQHandler
                0x08000bd8                EXTI2_TSC_IRQHandler
                0x08000bd8                TIM1_BRK_TIM15_IRQHandler
 .text.main     0x08000bdc       0x94 src\main.o
                0x08000bdc                main
 .text.priv_CheckActualState
                0x08000c70      0x114 src\Logic.o
 .text.priv_EventBalancing
                0x08000d84      0x184 src\Logic.o
 .text.priv_EventStandingUp
                0x08000f08       0x60 src\Logic.o
 .text.priv_EventArmsUp
                0x08000f68       0x24 src\Logic.o
 .text.priv_EventArmsDown
                0x08000f8c       0x24 src\Logic.o
 .text.priv_EventMotorsStop
                0x08000fb0       0x24 src\Logic.o
 .text.MainTask8ms
                0x08000fd4       0xd8 src\Logic.o
                0x08000fd4                MainTask8ms
 .text.MainTask16ms
                0x080010ac       0x74 src\Logic.o
                0x080010ac                MainTask16ms
 .text.MainTask32ms
                0x08001120       0xe8 src\Logic.o
                0x08001120                MainTask32ms
 .text.MainTask128ms
                0x08001208       0xbc src\Logic.o
                0x08001208                MainTask128ms
 .text.priv_CheckParityBits
                0x080012c4       0x10 src\Communicator.o
                0x080012c4                priv_CheckParityBits
 .text.priv_CommandToFloat
                0x080012d4       0x28 src\Communicator.o
 .text.priv_ReadKalmanQAngle
                0x080012fc       0x20 src\Communicator.o
 .text.priv_ReadKalmanRMeasure
                0x0800131c       0x20 src\Communicator.o
 .text.priv_ReadFilteredAngle
                0x0800133c       0x1c src\Communicator.o
 .text.priv_ReadRawAngle
                0x08001358       0x1c src\Communicator.o
 .text.priv_ReadOmegaLeft
                0x08001374       0x20 src\Communicator.o
 .text.priv_ReadOmegaRight
                0x08001394       0x20 src\Communicator.o
 .text.priv_ReadPidAngleKp
                0x080013b4       0x20 src\Communicator.o
 .text.priv_ReadPidAngleKi
                0x080013d4       0x20 src\Communicator.o
 .text.priv_ReadPidAngleKd
                0x080013f4       0x20 src\Communicator.o
 .text.priv_ReadPidOmegaKp
                0x08001414       0x20 src\Communicator.o
 .text.priv_ReadPidOmegaKi
                0x08001434       0x20 src\Communicator.o
 .text.priv_ReadPidOmegaKd
                0x08001454       0x20 src\Communicator.o
 .text.privReadPidDstOmega
                0x08001474       0x20 src\Communicator.o
 .text.priv_WriteKalmanQAngle
                0x08001494       0x28 src\Communicator.o
 .text.priv_WriteKalmanQAngleDef
                0x080014bc       0x10 src\Communicator.o
 .text.priv_WriteKalmanRMeasure
                0x080014cc       0x28 src\Communicator.o
 .text.priv_WriteKalmanRMeasureDef
                0x080014f4       0x10 src\Communicator.o
 .text.priv_WritePidAngleKp
                0x08001504       0x28 src\Communicator.o
 .text.priv_WritePidAngleKi
                0x0800152c       0x28 src\Communicator.o
 .text.priv_WritePidAngleKd
                0x08001554       0x28 src\Communicator.o
 .text.priv_WritePidOmegaKp
                0x0800157c       0x28 src\Communicator.o
 .text.priv_WritePidOmegaKi
                0x080015a4       0x28 src\Communicator.o
 .text.priv_WritePidOmegaKd
                0x080015cc       0x28 src\Communicator.o
 .text.priv_WritePidRotationKp
                0x080015f4       0x28 src\Communicator.o
 .text.priv_WritePidRotationKi
                0x0800161c       0x28 src\Communicator.o
 .text.priv_WritePidRotationKd
                0x08001644       0x28 src\Communicator.o
 .text.priv_WritePidDstOmega
                0x0800166c       0x3c src\Communicator.o
 .text.priv_WritePidDstRotation
                0x080016a8       0x3c src\Communicator.o
 .text.priv_WriteArmAngle
                0x080016e4       0x3c src\Communicator.o
 .text.priv_WriteSerHor
                0x08001720       0x28 src\Communicator.o
 .text.priv_WriteSerVer
                0x08001748       0x28 src\Communicator.o
 .text.priv_AutoBalance
                0x08001770       0x18 src\Communicator.o
 .text.priv_AutoStandsUp
                0x08001788       0x18 src\Communicator.o
 .text.priv_AutoLiesDown
                0x080017a0       0x18 src\Communicator.o
 .text.pub_SendCommandBT
                0x080017b8       0x80 src\Communicator.o
                0x080017b8                pub_SendCommandBT
 .text.Communicator_CheckInputs
                0x08001838      0x468 src\Communicator.o
                0x08001838                Communicator_CheckInputs
 .text.InitializeUSART
                0x08001ca0       0xb0 StmPeriphInit\USART.o
                0x08001ca0                InitializeUSART
 .text.USART1_IRQHandler
                0x08001d50        0xc StmPeriphInit\USART.o
                0x08001d50                USART1_IRQHandler
 .text.USART2_IRQHandler
                0x08001d5c       0x38 StmPeriphInit\USART.o
                0x08001d5c                USART2_IRQHandler
 .text.USART3_IRQHandler
                0x08001d94        0xc StmPeriphInit\USART.o
                0x08001d94                USART3_IRQHandler
 .text.priv_InitializeMotors
                0x08001da0       0x98 StmPeriphInit\Timers.o
 .text.priv_InitializeServos
                0x08001e38       0xbc StmPeriphInit\Timers.o
 .text.priv_InitializeEncoderLeft
                0x08001ef4       0x54 StmPeriphInit\Timers.o
 .text.priv_InitializeEncoderRight
                0x08001f48       0x58 StmPeriphInit\Timers.o
 .text.InitializeTimers
                0x08001fa0       0x50 StmPeriphInit\Timers.o
                0x08001fa0                InitializeTimers
 .text.GetCounter
                0x08001ff0       0x18 StmPeriphInit\Timers.o
                0x08001ff0                GetCounter
 .text.priv_SetCounter
                0x08002008       0x1c StmPeriphInit\Timers.o
                0x08002008                priv_SetCounter
 .text.TIM4_IRQHandler
                0x08002024       0x20 StmPeriphInit\Timers.o
                0x08002024                TIM4_IRQHandler
 .text.NVIC_SetPriority
                0x08002044       0x54 StmPeriphInit\SysTick.o
 .text.SysTick_Config
                0x08002098       0x44 StmPeriphInit\SysTick.o
 .text.SysTick_Handler
                0x080020dc       0xa0 StmPeriphInit\SysTick.o
                0x080020dc                SysTick_Handler
 .text.InitializeSysTick
                0x0800217c       0x24 StmPeriphInit\SysTick.o
                0x0800217c                InitializeSysTick
 .text.priv_InitializeMPU
                0x080021a0       0x24 StmPeriphInit\RCC.o
 .text.priv_InitializeLedNucleo
                0x080021c4       0x10 StmPeriphInit\RCC.o
 .text.priv_InitializeLed14
                0x080021d4       0x1c StmPeriphInit\RCC.o
 .text.priv_InitializeLedEye
                0x080021f0       0x10 StmPeriphInit\RCC.o
 .text.priv_InitializeBt
                0x08002200       0x1c StmPeriphInit\RCC.o
 .text.priv_InitializeWifi
                0x0800221c       0x1c StmPeriphInit\RCC.o
 .text.priv_InitializePi
                0x08002238       0x1c StmPeriphInit\RCC.o
 .text.priv_InitializeMotors
                0x08002254       0x24 StmPeriphInit\RCC.o
 .text.priv_InitializeServosArm
                0x08002278       0x18 StmPeriphInit\RCC.o
 .text.priv_InitializeServosCam
                0x08002290       0x24 StmPeriphInit\RCC.o
 .text.priv_InitializeEncoders
                0x080022b4       0x2c StmPeriphInit\RCC.o
 .text.priv_InitializeAdc
                0x080022e0       0x2c StmPeriphInit\RCC.o
 .text.InitializeRCC
                0x0800230c       0x9c StmPeriphInit\RCC.o
                0x0800230c                InitializeRCC
 .text.NVIC_EnableIRQ
                0x080023a8       0x30 StmPeriphInit\NVIC.o
 .text.priv_InitializeBt
                0x080023d8       0x30 StmPeriphInit\NVIC.o
 .text.InitializeNVIC
                0x08002408       0x28 StmPeriphInit\NVIC.o
                0x08002408                InitializeNVIC
 .text.InitializeI2C
                0x08002430       0x48 StmPeriphInit\I2C.o
                0x08002430                InitializeI2C
 .text.priv_InitializeLed14
                0x08002478       0x5c StmPeriphInit\GPIO.o
 .text.priv_InitializeLedEye
                0x080024d4       0x28 StmPeriphInit\GPIO.o
 .text.priv_InitializeLedNucleo
                0x080024fc       0x24 StmPeriphInit\GPIO.o
 .text.priv_InitializeBt
                0x08002520       0x54 StmPeriphInit\GPIO.o
 .text.priv_InitializeWifi
                0x08002574        0xc StmPeriphInit\GPIO.o
 .text.priv_InitializePi
                0x08002580        0xc StmPeriphInit\GPIO.o
 .text.priv_InitializeMpu
                0x0800258c       0x58 StmPeriphInit\GPIO.o
 .text.priv_InitializeMotors
                0x080025e4       0x9c StmPeriphInit\GPIO.o
 .text.priv_InitializeServosArm
                0x08002680       0x50 StmPeriphInit\GPIO.o
 .text.priv_InitializeServosCam
                0x080026d0       0x58 StmPeriphInit\GPIO.o
 .text.priv_InitializeEncoders
                0x08002728       0x7c StmPeriphInit\GPIO.o
 .text.priv_InitializeBattery
                0x080027a4       0x28 StmPeriphInit\GPIO.o
 .text.priv_InitializeSharp
                0x080027cc       0x28 StmPeriphInit\GPIO.o
 .text.InitializeGPIO
                0x080027f4       0xa4 StmPeriphInit\GPIO.o
                0x080027f4                InitializeGPIO
 .text.InitializeADC
                0x08002898      0x15c StmPeriphInit\ADC.o
                0x08002898                InitializeADC
 .text.USART_Init
                0x080029f4      0x174 Framework\stm32f30x\src\stm32f30x_usart.o
                0x080029f4                USART_Init
 .text.USART_StructInit
                0x08002b68       0x38 Framework\stm32f30x\src\stm32f30x_usart.o
                0x08002b68                USART_StructInit
 .text.USART_Cmd
                0x08002ba0       0x38 Framework\stm32f30x\src\stm32f30x_usart.o
                0x08002ba0                USART_Cmd
 .text.USART_SendData
                0x08002bd8       0x24 Framework\stm32f30x\src\stm32f30x_usart.o
                0x08002bd8                USART_SendData
 .text.USART_ITConfig
                0x08002bfc       0x84 Framework\stm32f30x\src\stm32f30x_usart.o
                0x08002bfc                USART_ITConfig
 .text.USART_GetFlagStatus
                0x08002c80       0x34 Framework\stm32f30x\src\stm32f30x_usart.o
                0x08002c80                USART_GetFlagStatus
 .text.USART_GetITStatus
                0x08002cb4       0xa0 Framework\stm32f30x\src\stm32f30x_usart.o
                0x08002cb4                USART_GetITStatus
 .text.TIM_TimeBaseInit
                0x08002d54      0x100 Framework\stm32f30x\src\stm32f30x_tim.o
                0x08002d54                TIM_TimeBaseInit
 .text.TIM_PrescalerConfig
                0x08002e54       0x28 Framework\stm32f30x\src\stm32f30x_tim.o
                0x08002e54                TIM_PrescalerConfig
 .text.TIM_Cmd  0x08002e7c       0x40 Framework\stm32f30x\src\stm32f30x_tim.o
                0x08002e7c                TIM_Cmd
 .text.TIM_OC1Init
                0x08002ebc      0x118 Framework\stm32f30x\src\stm32f30x_tim.o
                0x08002ebc                TIM_OC1Init
 .text.TIM_OC2Init
                0x08002fd4      0x100 Framework\stm32f30x\src\stm32f30x_tim.o
                0x08002fd4                TIM_OC2Init
 .text.TIM_OC3Init
                0x080030d4       0xfc Framework\stm32f30x\src\stm32f30x_tim.o
                0x080030d4                TIM_OC3Init
 .text.TIM_OC4Init
                0x080031d0       0xc0 Framework\stm32f30x\src\stm32f30x_tim.o
                0x080031d0                TIM_OC4Init
 .text.TIM_OC1PreloadConfig
                0x08003290       0x38 Framework\stm32f30x\src\stm32f30x_tim.o
                0x08003290                TIM_OC1PreloadConfig
 .text.TIM_OC2PreloadConfig
                0x080032c8       0x38 Framework\stm32f30x\src\stm32f30x_tim.o
                0x080032c8                TIM_OC2PreloadConfig
 .text.TIM_OC3PreloadConfig
                0x08003300       0x38 Framework\stm32f30x\src\stm32f30x_tim.o
                0x08003300                TIM_OC3PreloadConfig
 .text.TIM_OC4PreloadConfig
                0x08003338       0x38 Framework\stm32f30x\src\stm32f30x_tim.o
                0x08003338                TIM_OC4PreloadConfig
 .text.TIM_CtrlPWMOutputs
                0x08003370       0x38 Framework\stm32f30x\src\stm32f30x_tim.o
                0x08003370                TIM_CtrlPWMOutputs
 .text.TIM_GetITStatus
                0x080033a8       0x54 Framework\stm32f30x\src\stm32f30x_tim.o
                0x080033a8                TIM_GetITStatus
 .text.TIM_ClearITPendingBit
                0x080033fc       0x24 Framework\stm32f30x\src\stm32f30x_tim.o
                0x080033fc                TIM_ClearITPendingBit
 .text.TIM_EncoderInterfaceConfig
                0x08003420       0x8c Framework\stm32f30x\src\stm32f30x_tim.o
                0x08003420                TIM_EncoderInterfaceConfig
 .text.RCC_HSICmd
                0x080034ac       0x20 Framework\stm32f30x\src\stm32f30x_rcc.o
                0x080034ac                RCC_HSICmd
 .text.RCC_PLLConfig
                0x080034cc       0x34 Framework\stm32f30x\src\stm32f30x_rcc.o
                0x080034cc                RCC_PLLConfig
 .text.RCC_PLLCmd
                0x08003500       0x20 Framework\stm32f30x\src\stm32f30x_rcc.o
                0x08003500                RCC_PLLCmd
 .text.RCC_SYSCLKConfig
                0x08003520       0x38 Framework\stm32f30x\src\stm32f30x_rcc.o
                0x08003520                RCC_SYSCLKConfig
 .text.RCC_HCLKConfig
                0x08003558       0x38 Framework\stm32f30x\src\stm32f30x_rcc.o
                0x08003558                RCC_HCLKConfig
 .text.RCC_PCLK1Config
                0x08003590       0x38 Framework\stm32f30x\src\stm32f30x_rcc.o
                0x08003590                RCC_PCLK1Config
 .text.RCC_PCLK2Config
                0x080035c8       0x38 Framework\stm32f30x\src\stm32f30x_rcc.o
                0x080035c8                RCC_PCLK2Config
 .text.RCC_GetClocksFreq
                0x08003600      0x5b0 Framework\stm32f30x\src\stm32f30x_rcc.o
                0x08003600                RCC_GetClocksFreq
 .text.RCC_ADCCLKConfig
                0x08003bb0       0x4c Framework\stm32f30x\src\stm32f30x_rcc.o
                0x08003bb0                RCC_ADCCLKConfig
 .text.RCC_AHBPeriphClockCmd
                0x08003bfc       0x3c Framework\stm32f30x\src\stm32f30x_rcc.o
                0x08003bfc                RCC_AHBPeriphClockCmd
 .text.RCC_APB2PeriphClockCmd
                0x08003c38       0x3c Framework\stm32f30x\src\stm32f30x_rcc.o
                0x08003c38                RCC_APB2PeriphClockCmd
 .text.RCC_APB1PeriphClockCmd
                0x08003c74       0x3c Framework\stm32f30x\src\stm32f30x_rcc.o
                0x08003c74                RCC_APB1PeriphClockCmd
 .text.NVIC_PriorityGroupConfig
                0x08003cb0       0x24 Framework\stm32f30x\src\stm32f30x_misc.o
                0x08003cb0                NVIC_PriorityGroupConfig
 .text.NVIC_Init
                0x08003cd4       0xc0 Framework\stm32f30x\src\stm32f30x_misc.o
                0x08003cd4                NVIC_Init
 .text.SysTick_CLKSourceConfig
                0x08003d94       0x38 Framework\stm32f30x\src\stm32f30x_misc.o
                0x08003d94                SysTick_CLKSourceConfig
 .text.I2C_Init
                0x08003dcc       0xc8 Framework\stm32f30x\src\stm32f30x_i2c.o
                0x08003dcc                I2C_Init
 .text.I2C_Cmd  0x08003e94       0x38 Framework\stm32f30x\src\stm32f30x_i2c.o
                0x08003e94                I2C_Cmd
 .text.I2C_SlaveAddressConfig
                0x08003ecc       0x40 Framework\stm32f30x\src\stm32f30x_i2c.o
                0x08003ecc                I2C_SlaveAddressConfig
 .text.I2C_TransferHandling
                0x08003f0c       0x58 Framework\stm32f30x\src\stm32f30x_i2c.o
                0x08003f0c                I2C_TransferHandling
 .text.I2C_SendData
                0x08003f64       0x1c Framework\stm32f30x\src\stm32f30x_i2c.o
                0x08003f64                I2C_SendData
 .text.I2C_ReceiveData
                0x08003f80       0x1c Framework\stm32f30x\src\stm32f30x_i2c.o
                0x08003f80                I2C_ReceiveData
 .text.I2C_GetFlagStatus
                0x08003f9c       0x40 Framework\stm32f30x\src\stm32f30x_i2c.o
                0x08003f9c                I2C_GetFlagStatus
 .text.I2C_ClearFlag
                0x08003fdc       0x1c Framework\stm32f30x\src\stm32f30x_i2c.o
                0x08003fdc                I2C_ClearFlag
 .text.GPIO_Init
                0x08003ff8      0x130 Framework\stm32f30x\src\stm32f30x_gpio.o
                0x08003ff8                GPIO_Init
 .text.GPIO_ReadOutputDataBit
                0x08004128       0x38 Framework\stm32f30x\src\stm32f30x_gpio.o
                0x08004128                GPIO_ReadOutputDataBit
 .text.GPIO_SetBits
                0x08004160       0x1c Framework\stm32f30x\src\stm32f30x_gpio.o
                0x08004160                GPIO_SetBits
 .text.GPIO_ResetBits
                0x0800417c       0x1c Framework\stm32f30x\src\stm32f30x_gpio.o
                0x0800417c                GPIO_ResetBits
 .text.GPIO_PinAFConfig
                0x08004198       0x8c Framework\stm32f30x\src\stm32f30x_gpio.o
                0x08004198                GPIO_PinAFConfig
 .text.DMA_DeInit
                0x08004224      0x178 Framework\stm32f30x\src\stm32f30x_dma.o
                0x08004224                DMA_DeInit
 .text.DMA_Init
                0x0800439c       0x80 Framework\stm32f30x\src\stm32f30x_dma.o
                0x0800439c                DMA_Init
 .text.DMA_Cmd  0x0800441c       0x38 Framework\stm32f30x\src\stm32f30x_dma.o
                0x0800441c                DMA_Cmd
 .text.ADC_Init
                0x08004454       0x80 Framework\stm32f30x\src\stm32f30x_adc.o
                0x08004454                ADC_Init
 .text.ADC_StructInit
                0x080044d4       0x44 Framework\stm32f30x\src\stm32f30x_adc.o
                0x080044d4                ADC_StructInit
 .text.ADC_CommonInit
                0x08004518       0x9c Framework\stm32f30x\src\stm32f30x_adc.o
                0x08004518                ADC_CommonInit
 .text.ADC_Cmd  0x080045b4       0x38 Framework\stm32f30x\src\stm32f30x_adc.o
                0x080045b4                ADC_Cmd
 .text.ADC_StartCalibration
                0x080045ec       0x20 Framework\stm32f30x\src\stm32f30x_adc.o
                0x080045ec                ADC_StartCalibration
 .text.ADC_SelectCalibrationMode
                0x0800460c       0x2c Framework\stm32f30x\src\stm32f30x_adc.o
                0x0800460c                ADC_SelectCalibrationMode
 .text.ADC_GetCalibrationStatus
                0x08004638       0x2c Framework\stm32f30x\src\stm32f30x_adc.o
                0x08004638                ADC_GetCalibrationStatus
 .text.ADC_VoltageRegulatorCmd
                0x08004664       0x44 Framework\stm32f30x\src\stm32f30x_adc.o
                0x08004664                ADC_VoltageRegulatorCmd
 .text.ADC_RegularChannelConfig
                0x080046a8      0x1e4 Framework\stm32f30x\src\stm32f30x_adc.o
                0x080046a8                ADC_RegularChannelConfig
 .text.ADC_StartConversion
                0x0800488c       0x20 Framework\stm32f30x\src\stm32f30x_adc.o
                0x0800488c                ADC_StartConversion
 .text.ADC_DMACmd
                0x080048ac       0x38 Framework\stm32f30x\src\stm32f30x_adc.o
                0x080048ac                ADC_DMACmd
 .text.ADC_DMAConfig
                0x080048e4       0x2c Framework\stm32f30x\src\stm32f30x_adc.o
                0x080048e4                ADC_DMAConfig
 .text.ADC_GetFlagStatus
                0x08004910       0x34 Framework\stm32f30x\src\stm32f30x_adc.o
                0x08004910                ADC_GetFlagStatus
 .text.priv_PID_Apply
                0x08004944      0x1c0 Framework\PID\PID.o
 .text.priv_SetDstValue
                0x08004b04       0x1c Framework\PID\PID.o
 .text.priv_GetDstValue
                0x08004b20       0x20 Framework\PID\PID.o
 .text.priv_SetKp
                0x08004b40       0x1c Framework\PID\PID.o
 .text.priv_SetKi
                0x08004b5c       0x1c Framework\PID\PID.o
 .text.priv_SetKd
                0x08004b78       0x1c Framework\PID\PID.o
 .text.priv_GetKp
                0x08004b94       0x20 Framework\PID\PID.o
 .text.priv_GetKi
                0x08004bb4       0x20 Framework\PID\PID.o
 .text.priv_GetKd
                0x08004bd4       0x20 Framework\PID\PID.o
 .text.PID_Initialize
                0x08004bf4       0xac Framework\PID\PID.o
                0x08004bf4                PID_Initialize
 .text.KalmanInitialize
                0x08004ca0       0x80 Framework\Kalman\KalmanFilter.o
                0x08004ca0                KalmanInitialize
 .text.KalmanGetValue
                0x08004d20      0x210 Framework\Kalman\KalmanFilter.o
                0x08004d20                KalmanGetValue
 .text.KalmanSetQAngle
                0x08004f30       0x20 Framework\Kalman\KalmanFilter.o
                0x08004f30                KalmanSetQAngle
 .text.KalmanSetRMeasure
                0x08004f50       0x20 Framework\Kalman\KalmanFilter.o
                0x08004f50                KalmanSetRMeasure
 .text.KalmanSetRMeasureDef
                0x08004f70       0x1c Framework\Kalman\KalmanFilter.o
                0x08004f70                KalmanSetRMeasureDef
 .text.KalmanSetQAngleDef
                0x08004f8c       0x1c Framework\Kalman\KalmanFilter.o
                0x08004f8c                KalmanSetQAngleDef
 .text.KalmanGetQAngle
                0x08004fa8       0x1c Framework\Kalman\KalmanFilter.o
                0x08004fa8                KalmanGetQAngle
 .text.KalmanGetRMeasure
                0x08004fc4       0x1c Framework\Kalman\KalmanFilter.o
                0x08004fc4                KalmanGetRMeasure
 .text.Fifo_Initialize
                0x08004fe0       0x38 Framework\Fifo\Fifo.o
                0x08004fe0                Fifo_Initialize
 .text.Fifo_Push
                0x08005018       0xb0 Framework\Fifo\Fifo.o
                0x08005018                Fifo_Push
 .text.Fifo_Pop
                0x080050c8       0x78 Framework\Fifo\Fifo.o
                0x080050c8                Fifo_Pop
 .text.Fifo_IsEmpty
                0x08005140       0x24 Framework\Fifo\Fifo.o
                0x08005140                Fifo_IsEmpty
 .text.Fifo_IsFull
                0x08005164       0x28 Framework\Fifo\Fifo.o
                0x08005164                Fifo_IsFull
 .text.pub_Perform
                0x0800518c       0xf8 Drivers\ProximitySensor\Sharp.o
 .text.priv_GetNewMean
                0x08005284       0xa0 Drivers\ProximitySensor\Sharp.o
 .text.priv_MeanBufferInitialize
                0x08005324       0x38 Drivers\ProximitySensor\Sharp.o
 .text.InitializeSharp
                0x0800535c       0x2c Drivers\ProximitySensor\Sharp.o
                0x0800535c                InitializeSharp
 .text.pub_MotorGetNewSpeedDst
                0x08005388       0xa0 Drivers\Motors\Motors.o
 .text.pub_MotorGetNewRotationDst
                0x08005428       0xa8 Drivers\Motors\Motors.o
 .text.pub_MotorSetSpeedLeft
                0x080054d0       0xb8 Drivers\Motors\Motors.o
 .text.pub_MotorSetSpeedRight
                0x08005588       0xb8 Drivers\Motors\Motors.o
 .text.pub_SetAngleArmLeft
                0x08005640       0xd8 Drivers\Motors\Motors.o
 .text.pub_SetAngleArmRight
                0x08005718       0x7c Drivers\Motors\Motors.o
 .text.pub_SetAngleCamHor
                0x08005794       0x80 Drivers\Motors\Motors.o
 .text.pub_SetAngleCamVer
                0x08005814       0x84 Drivers\Motors\Motors.o
 .text.pub_EncoderPerform
                0x08005898      0x140 Drivers\Motors\Motors.o
 .text.pub_GetOmegaLeft
                0x080059d8       0x1c Drivers\Motors\Motors.o
 .text.pub_GetOmegaRight
                0x080059f4       0x1c Drivers\Motors\Motors.o
 .text.InitializeEncoders
                0x08005a10       0x5c Drivers\Motors\Motors.o
                0x08005a10                InitializeEncoders
 .text.InitializeMotors
                0x08005a6c       0x4c Drivers\Motors\Motors.o
                0x08005a6c                InitializeMotors
 .text.InitializeServos
                0x08005ab8       0x54 Drivers\Motors\Motors.o
                0x08005ab8                InitializeServos
 .text.InitializePIDs
                0x08005b0c      0x144 Drivers\Motors\Motors.o
                0x08005b0c                InitializePIDs
 .text.MPU6050_Initialization
                0x08005c50       0x34 Drivers\MPU\_LibMPU6050.o
                0x08005c50                MPU6050_Initialization
 .text.MPU6050_Gyro_Set_Range
                0x08005c84       0x3c Drivers\MPU\_LibMPU6050.o
                0x08005c84                MPU6050_Gyro_Set_Range
 .text.MPU6050_Accel_Set_Range
                0x08005cc0       0x3c Drivers\MPU\_LibMPU6050.o
                0x08005cc0                MPU6050_Accel_Set_Range
 .text.MPU6050_Set_Clock
                0x08005cfc       0x28 Drivers\MPU\_LibMPU6050.o
                0x08005cfc                MPU6050_Set_Clock
 *fill*         0x08005d24        0x4 
 .text.MPU6050_Get_AccAngleXZ_Data
                0x08005d28      0x1a8 Drivers\MPU\_LibMPU6050.o
                0x08005d28                MPU6050_Get_AccAngleXZ_Data
 .text.MPU6050_Get_GyroY_Data
                0x08005ed0      0x134 Drivers\MPU\_LibMPU6050.o
                0x08005ed0                MPU6050_Get_GyroY_Data
 .text.MPU6050_Read
                0x08006004      0x16c Drivers\MPU\_LibMPU6050.o
                0x08006004                MPU6050_Read
 .text.MPU6050_Write
                0x08006170      0x144 Drivers\MPU\_LibMPU6050.o
                0x08006170                MPU6050_Write
 .text.priv_MpuGetFilteredData
                0x080062b4       0x30 Drivers\MPU\MPU.o
 .text.priv_MpuGetRawData
                0x080062e4       0x1c Drivers\MPU\MPU.o
 .text.priv_ReadKalmanQAngle
                0x08006300       0x14 Drivers\MPU\MPU.o
 .text.priv_ReadKalmanRMeasure
                0x08006314       0x14 Drivers\MPU\MPU.o
 .text.priv_WriteKalmanQAngle
                0x08006328       0x18 Drivers\MPU\MPU.o
 .text.priv_WriteKalmanRMeasure
                0x08006340       0x18 Drivers\MPU\MPU.o
 .text.priv_WriteKalmanQAngleDef
                0x08006358        0xc Drivers\MPU\MPU.o
 .text.priv_WriteKalmanRMeasureDef
                0x08006364        0xc Drivers\MPU\MPU.o
 .text.InitializeMPU
                0x08006370       0x78 Drivers\MPU\MPU.o
                0x08006370                InitializeMPU
 .text.InitializeLed14
                0x080063e8       0x14 Drivers\LEDs\LED.o
                0x080063e8                InitializeLed14
 .text.InitializeLedEye
                0x080063fc       0x14 Drivers\LEDs\LED.o
                0x080063fc                InitializeLedEye
 .text.InitializeClock
                0x08006410       0x48 Drivers\Clock\clock.o
                0x08006410                InitializeClock
 .text.pub_Perform
                0x08006458       0x78 Drivers\Battery\Battery.o
 .text.pub_AdjustPwm
                0x080064d0       0x58 Drivers\Battery\Battery.o
 .text.pub_IsDischarged
                0x08006528       0x2c Drivers\Battery\Battery.o
 .text.priv_GetNewMean
                0x08006554       0xa4 Drivers\Battery\Battery.o
 .text.priv_MeanBufferInitialize
                0x080065f8       0x38 Drivers\Battery\Battery.o
 .text.InitializeBattery
                0x08006630       0x40 Drivers\Battery\Battery.o
                0x08006630                InitializeBattery
 .text.priv_BtPushFifo
                0x08006670       0x24 Drivers\BT\BT.o
 .text.priv_BtFifoPop
                0x08006694       0x1c Drivers\BT\BT.o
 .text.priv_BtSendFifo
                0x080066b0       0x34 Drivers\BT\BT.o
 .text.priv_BtFifoIsEmpty
                0x080066e4       0x24 Drivers\BT\BT.o
 .text.priv_BtSend8
                0x08006708       0x34 Drivers\BT\BT.o
 .text.priv_BtSendMeasuredData
                0x0800673c      0x148 Drivers\BT\BT.o
 .text.InitializeBT
                0x08006884       0x88 Drivers\BT\BT.o
                0x08006884                InitializeBT
 .text.BtRxInterruptCallback
                0x0800690c       0x28 Drivers\BT\BT.o
                0x0800690c                BtRxInterruptCallback
 .text.__libc_init_array
                0x08006934       0x4c c:/program files (x86)/atollic/truestudio for arm lite 5.3.0/armtools/bin/../lib/gcc/arm-atollic-eabi/4.8.3/../../../../arm-atollic-eabi/lib/armv7e-m/fpu\libc_s.a(lib_a-init.o)
                0x08006934                __libc_init_array
 .text.atanf    0x08006980      0x1b0 c:/program files (x86)/atollic/truestudio for arm lite 5.3.0/armtools/bin/../lib/gcc/arm-atollic-eabi/4.8.3/../../../../arm-atollic-eabi/lib/armv7e-m/fpu\libm.a(lib_a-sf_atan.o)
                0x08006980                atanf
 .text.fabsf    0x08006b30        0xe c:/program files (x86)/atollic/truestudio for arm lite 5.3.0/armtools/bin/../lib/gcc/arm-atollic-eabi/4.8.3/../../../../arm-atollic-eabi/lib/armv7e-m/fpu\libm.a(lib_a-sf_fabs.o)
                0x08006b30                fabsf
 *(.glue_7)
 .glue_7        0x00000000        0x0 linker stubs
 *(.glue_7t)
 .glue_7t       0x00000000        0x0 linker stubs
 *(.eh_frame)
 *fill*         0x08006b3e        0x2 
 .eh_frame      0x08006b40        0x0 c:/program files (x86)/atollic/truestudio for arm lite 5.3.0/armtools/bin/../lib/gcc/arm-atollic-eabi/4.8.3/armv7e-m/fpu/crtbegin.o
 *(.init)
 .init          0x08006b40        0x4 c:/program files (x86)/atollic/truestudio for arm lite 5.3.0/armtools/bin/../lib/gcc/arm-atollic-eabi/4.8.3/armv7e-m/fpu/crti.o
                0x08006b40                _init
 .init          0x08006b44        0x8 c:/program files (x86)/atollic/truestudio for arm lite 5.3.0/armtools/bin/../lib/gcc/arm-atollic-eabi/4.8.3/armv7e-m/fpu/crtn.o
 *(.fini)
 .fini          0x08006b4c        0x4 c:/program files (x86)/atollic/truestudio for arm lite 5.3.0/armtools/bin/../lib/gcc/arm-atollic-eabi/4.8.3/armv7e-m/fpu/crti.o
                0x08006b4c                _fini
 .fini          0x08006b50        0x8 c:/program files (x86)/atollic/truestudio for arm lite 5.3.0/armtools/bin/../lib/gcc/arm-atollic-eabi/4.8.3/armv7e-m/fpu/crtn.o
                0x08006b58                . = ALIGN (0x4)
                0x08006b58                _etext = .

.vfp11_veneer   0x08006b58        0x0
 .vfp11_veneer  0x00000000        0x0 linker stubs

.v4_bx          0x08006b58        0x0
 .v4_bx         0x00000000        0x0 linker stubs

.iplt           0x08006b58        0x0
 .iplt          0x00000000        0x0 c:/program files (x86)/atollic/truestudio for arm lite 5.3.0/armtools/bin/../lib/gcc/arm-atollic-eabi/4.8.3/armv7e-m/fpu/crtbegin.o

.rodata         0x08006b58       0x28
                0x08006b58                . = ALIGN (0x4)
 *(.rodata)
 *(.rodata*)
 .rodata.DT_fast
                0x08006b58        0x4 src\main.o
                0x08006b58                DT_fast
 .rodata.DT_slow
                0x08006b5c        0x4 src\main.o
                0x08006b5c                DT_slow
 .rodata.atanlo
                0x08006b60       0x10 c:/program files (x86)/atollic/truestudio for arm lite 5.3.0/armtools/bin/../lib/gcc/arm-atollic-eabi/4.8.3/../../../../arm-atollic-eabi/lib/armv7e-m/fpu\libm.a(lib_a-sf_atan.o)
 .rodata.atanhi
                0x08006b70       0x10 c:/program files (x86)/atollic/truestudio for arm lite 5.3.0/armtools/bin/../lib/gcc/arm-atollic-eabi/4.8.3/../../../../arm-atollic-eabi/lib/armv7e-m/fpu\libm.a(lib_a-sf_atan.o)
                0x08006b80                . = ALIGN (0x4)

.rel.dyn        0x08006b80        0x0
 .rel.iplt      0x00000000        0x0 c:/program files (x86)/atollic/truestudio for arm lite 5.3.0/armtools/bin/../lib/gcc/arm-atollic-eabi/4.8.3/armv7e-m/fpu/crtbegin.o

.ARM.extab
 *(.ARM.extab* .gnu.linkonce.armextab.*)

.ARM            0x08006b80        0x0
                0x08006b80                __exidx_start = .
 *(.ARM.exidx*)
                0x08006b80                __exidx_end = .

.preinit_array  0x08006b80        0x0
                0x08006b80                PROVIDE (__preinit_array_start, .)
 *(.preinit_array*)
                0x08006b80                PROVIDE (__preinit_array_end, .)

.init_array     0x08006b80        0x4
                0x08006b80                PROVIDE (__init_array_start, .)
 *(SORT(.init_array.*))
 *(.init_array*)
 .init_array    0x08006b80        0x4 c:/program files (x86)/atollic/truestudio for arm lite 5.3.0/armtools/bin/../lib/gcc/arm-atollic-eabi/4.8.3/armv7e-m/fpu/crtbegin.o
                0x08006b84                PROVIDE (__init_array_end, .)

.fini_array     0x08006b84        0x4
                0x08006b84                PROVIDE (__fini_array_start, .)
 *(SORT(.fini_array.*))
 *(.fini_array*)
 .fini_array    0x08006b84        0x4 c:/program files (x86)/atollic/truestudio for arm lite 5.3.0/armtools/bin/../lib/gcc/arm-atollic-eabi/4.8.3/armv7e-m/fpu/crtbegin.o
                0x08006b88                PROVIDE (__fini_array_end, .)
                0x08006b88                _sidata = LOADADDR (.data)

.data           0x20000000       0x78 load address 0x08006b88
                0x20000000                . = ALIGN (0x4)
                0x20000000                _sdata = .
 *(.data)
 *(.data*)
 .data.kRobotProperties
                0x20000000        0x8 src\Logic.o
                0x20000000                kRobotProperties
 .data.Counter.7285
                0x20000008        0x2 StmPeriphInit\SysTick.o
 *fill*         0x2000000a        0x2 
 .data.APBAHBPrescTable
                0x2000000c       0x10 Framework\stm32f30x\src\stm32f30x_rcc.o
 .data.ADCPrescTable
                0x2000001c       0x20 Framework\stm32f30x\src\stm32f30x_rcc.o
 .data.oEncoders
                0x2000003c       0x34 Drivers\Motors\Motors.o
                0x2000003c                oEncoders
 .data.MPU6050_Timeout
                0x20000070        0x4 Drivers\MPU\_LibMPU6050.o
                0x20000070                MPU6050_Timeout
 .data.Range.8161
                0x20000074        0x2 Drivers\MPU\_LibMPU6050.o
                0x20000078                . = ALIGN (0x4)
 *fill*         0x20000076        0x2 
                0x20000078                _edata = .
                0x08006c00                _siccmram = LOADADDR (.ccmram)

.igot.plt       0x20000078        0x0 load address 0x08006c00
 .igot.plt      0x00000000        0x0 c:/program files (x86)/atollic/truestudio for arm lite 5.3.0/armtools/bin/../lib/gcc/arm-atollic-eabi/4.8.3/armv7e-m/fpu/crtbegin.o

.ccmram         0x10000000        0x0 load address 0x08006c00
                0x10000000                . = ALIGN (0x4)
                0x10000000                _sccmram = .
 *(.ccmram)
 *(.ccmram*)
                0x10000000                . = ALIGN (0x4)
                0x10000000                _eccmram = .
                0x10000000                . = ALIGN (0x4)

.bss            0x20000078      0x4a4
                0x20000078                _sbss = .
                0x20000078                __bss_start__ = _sbss
 *(.bss)
 .bss           0x20000078       0x1c c:/program files (x86)/atollic/truestudio for arm lite 5.3.0/armtools/bin/../lib/gcc/arm-atollic-eabi/4.8.3/armv7e-m/fpu/crtbegin.o
 *(.bss*)
 .bss.Selector.7599
                0x20000094        0x1 src\Logic.o
 .bss.AlreadyDone.7292
                0x20000095        0x1 StmPeriphInit\ADC.o
 *fill*         0x20000096        0x2 
 .bss.KalmanData
                0x20000098       0x34 Framework\Kalman\KalmanFilter.o
 .bss.SharpDistanceBuffer
                0x200000cc       0x28 Drivers\ProximitySensor\Sharp.o
 .bss.oMotors   0x200000f4       0x38 Drivers\Motors\Motors.o
                0x200000f4                oMotors
 .bss.Value.7464
                0x2000012c        0x4 Drivers\Motors\Motors.o
 .bss.tempAngle.8154
                0x20000130        0x4 Drivers\MPU\_LibMPU6050.o
 .bss.Last.8163
                0x20000134        0x4 Drivers\MPU\_LibMPU6050.o
 .bss.BatteryVoltageBuffer
                0x20000138      0x190 Drivers\Battery\Battery.o
 *(COMMON)
 COMMON         0x200002c8      0x234 src\main.o
                0x200002c8                oBluetooth
                0x20000374                oSharp
                0x20000380                oPID_Rotation
                0x200003d0                oBattery
                0x200003e4                oPID_AngleMoving
                0x20000434                oPID_Omega
                0x20000484                oPID_Angle
                0x200004d4                oMpuKalman
 COMMON         0x200004fc        0x4 src\Logic.o
                0x200004fc                time3072msPassed
                0x200004fd                time32msPassed
                0x200004fe                time16msPassed
                0x200004ff                time128msPassed
 COMMON         0x20000500        0x4 StmPeriphInit\ADC.o
                0x20000500                AdcBufferTable
 COMMON         0x20000504       0x10 Drivers\Motors\Motors.o
                0x20000504                oServos
 COMMON         0x20000514        0x8 Drivers\MPU\_LibMPU6050.o
                0x20000514                dataStruct
                0x2000051c                . = ALIGN (0x4)
                0x2000051c                _ebss = .
                0x2000051c                __bss_end__ = _ebss

._user_heap_stack
                0x2000051c      0x200
                0x2000051c                . = ALIGN (0x4)
                0x2000051c                PROVIDE (end, .)
                0x2000051c                PROVIDE (_end, .)
                0x2000051c                . = (. + _Min_Heap_Size)
                0x2000071c                . = (. + _Min_Stack_Size)
 *fill*         0x2000051c      0x200 
                0x2000071c                . = ALIGN (0x4)

.memory_b1_text
 *(.mb1text)
 *(.mb1text*)
 *(.mb1rodata)
 *(.mb1rodata*)

/DISCARD/
 libc.a(*)
 libm.a(*)
 libgcc.a(*)

.ARM.attributes
                0x00000000       0x30
 *(.ARM.attributes)
 .ARM.attributes
                0x00000000       0x22 c:/program files (x86)/atollic/truestudio for arm lite 5.3.0/armtools/bin/../lib/gcc/arm-atollic-eabi/4.8.3/armv7e-m/fpu/crti.o
 .ARM.attributes
                0x00000022       0x34 c:/program files (x86)/atollic/truestudio for arm lite 5.3.0/armtools/bin/../lib/gcc/arm-atollic-eabi/4.8.3/armv7e-m/fpu/crtbegin.o
 .ARM.attributes
                0x00000056       0x39 src\system_stm32f30x.o
 .ARM.attributes
                0x0000008f       0x21 src\startup_stm32f303xe.o
 .ARM.attributes
                0x000000b0       0x39 src\main.o
 .ARM.attributes
                0x000000e9       0x39 src\Logic.o
 .ARM.attributes
                0x00000122       0x39 src\Communicator.o
 .ARM.attributes
                0x0000015b       0x39 StmPeriphInit\USART.o
 .ARM.attributes
                0x00000194       0x39 StmPeriphInit\Timers.o
 .ARM.attributes
                0x000001cd       0x39 StmPeriphInit\SysTick.o
 .ARM.attributes
                0x00000206       0x39 StmPeriphInit\RCC.o
 .ARM.attributes
                0x0000023f       0x39 StmPeriphInit\NVIC.o
 .ARM.attributes
                0x00000278       0x39 StmPeriphInit\I2C.o
 .ARM.attributes
                0x000002b1       0x39 StmPeriphInit\GPIO.o
 .ARM.attributes
                0x000002ea       0x39 StmPeriphInit\ADC.o
 .ARM.attributes
                0x00000323       0x39 Framework\stm32f30x\src\stm32f30x_usart.o
 .ARM.attributes
                0x0000035c       0x39 Framework\stm32f30x\src\stm32f30x_tim.o
 .ARM.attributes
                0x00000395       0x39 Framework\stm32f30x\src\stm32f30x_rcc.o
 .ARM.attributes
                0x000003ce       0x39 Framework\stm32f30x\src\stm32f30x_misc.o
 .ARM.attributes
                0x00000407       0x39 Framework\stm32f30x\src\stm32f30x_i2c.o
 .ARM.attributes
                0x00000440       0x39 Framework\stm32f30x\src\stm32f30x_gpio.o
 .ARM.attributes
                0x00000479       0x39 Framework\stm32f30x\src\stm32f30x_dma.o
 .ARM.attributes
                0x000004b2       0x39 Framework\stm32f30x\src\stm32f30x_adc.o
 .ARM.attributes
                0x000004eb       0x39 Framework\PID\PID.o
 .ARM.attributes
                0x00000524       0x39 Framework\Kalman\KalmanFilter.o
 .ARM.attributes
                0x0000055d       0x39 Framework\Fifo\Fifo.o
 .ARM.attributes
                0x00000596       0x39 Drivers\ProximitySensor\Sharp.o
 .ARM.attributes
                0x000005cf       0x39 Drivers\Motors\Motors.o
 .ARM.attributes
                0x00000608       0x39 Drivers\MPU\_LibMPU6050.o
 .ARM.attributes
                0x00000641       0x39 Drivers\MPU\MPU.o
 .ARM.attributes
                0x0000067a       0x39 Drivers\LEDs\LED.o
 .ARM.attributes
                0x000006b3       0x39 Drivers\Clock\clock.o
 .ARM.attributes
                0x000006ec       0x39 Drivers\Battery\Battery.o
 .ARM.attributes
                0x00000725       0x39 Drivers\BT\BT.o
 .ARM.attributes
                0x0000075e       0x34 c:/program files (x86)/atollic/truestudio for arm lite 5.3.0/armtools/bin/../lib/gcc/arm-atollic-eabi/4.8.3/../../../../arm-atollic-eabi/lib/armv7e-m/fpu\libc_s.a(lib_a-init.o)
 .ARM.attributes
                0x00000792       0x34 c:/program files (x86)/atollic/truestudio for arm lite 5.3.0/armtools/bin/../lib/gcc/arm-atollic-eabi/4.8.3/../../../../arm-atollic-eabi/lib/armv7e-m/fpu\libm.a(lib_a-sf_atan.o)
 .ARM.attributes
                0x000007c6       0x34 c:/program files (x86)/atollic/truestudio for arm lite 5.3.0/armtools/bin/../lib/gcc/arm-atollic-eabi/4.8.3/../../../../arm-atollic-eabi/lib/armv7e-m/fpu\libm.a(lib_a-sf_fabs.o)
 .ARM.attributes
                0x000007fa       0x22 c:/program files (x86)/atollic/truestudio for arm lite 5.3.0/armtools/bin/../lib/gcc/arm-atollic-eabi/4.8.3/armv7e-m/fpu\libgcc.a(_arm_addsubdf3.o)
 .ARM.attributes
                0x0000081c       0x22 c:/program files (x86)/atollic/truestudio for arm lite 5.3.0/armtools/bin/../lib/gcc/arm-atollic-eabi/4.8.3/armv7e-m/fpu\libgcc.a(_arm_muldivdf3.o)
 .ARM.attributes
                0x0000083e       0x22 c:/program files (x86)/atollic/truestudio for arm lite 5.3.0/armtools/bin/../lib/gcc/arm-atollic-eabi/4.8.3/armv7e-m/fpu\libgcc.a(_arm_truncdfsf2.o)
 .ARM.attributes
                0x00000860       0x22 c:/program files (x86)/atollic/truestudio for arm lite 5.3.0/armtools/bin/../lib/gcc/arm-atollic-eabi/4.8.3/armv7e-m/fpu/crtn.o
OUTPUT(BalanSyner.elf elf32-littlearm)

.debug_info     0x00000000     0xdf14
 .debug_info    0x00000000      0x49c src\system_stm32f30x.o
 .debug_info    0x0000049c       0x88 src\startup_stm32f303xe.o
 .debug_info    0x00000524      0x67e src\main.o
 .debug_info    0x00000ba2      0xc90 src\Logic.o
 .debug_info    0x00001832     0x1005 src\Communicator.o
 .debug_info    0x00002837      0x43d StmPeriphInit\USART.o
 .debug_info    0x00002c74      0x4aa StmPeriphInit\Timers.o
 .debug_info    0x0000311e      0x6cc StmPeriphInit\SysTick.o
 .debug_info    0x000037ea      0x223 StmPeriphInit\RCC.o
 .debug_info    0x00003a0d      0x573 StmPeriphInit\NVIC.o
 .debug_info    0x00003f80      0x1fc StmPeriphInit\I2C.o
 .debug_info    0x0000417c      0x4d8 StmPeriphInit\GPIO.o
 .debug_info    0x00004654      0x551 StmPeriphInit\ADC.o
 .debug_info    0x00004ba5      0xf20 Framework\stm32f30x\src\stm32f30x_usart.o
 .debug_info    0x00005ac5     0x2188 Framework\stm32f30x\src\stm32f30x_tim.o
 .debug_info    0x00007c4d      0xb63 Framework\stm32f30x\src\stm32f30x_rcc.o
 .debug_info    0x000087b0      0x541 Framework\stm32f30x\src\stm32f30x_misc.o
 .debug_info    0x00008cf1      0xbe2 Framework\stm32f30x\src\stm32f30x_i2c.o
 .debug_info    0x000098d3      0x610 Framework\stm32f30x\src\stm32f30x_gpio.o
 .debug_info    0x00009ee3      0x477 Framework\stm32f30x\src\stm32f30x_dma.o
 .debug_info    0x0000a35a     0x131b Framework\stm32f30x\src\stm32f30x_adc.o
 .debug_info    0x0000b675      0x3e2 Framework\PID\PID.o
 .debug_info    0x0000ba57      0x237 Framework\Kalman\KalmanFilter.o
 .debug_info    0x0000bc8e      0x27b Framework\Fifo\Fifo.o
 .debug_info    0x0000bf09      0x240 Drivers\ProximitySensor\Sharp.o
 .debug_info    0x0000c149      0x982 Drivers\Motors\Motors.o
 .debug_info    0x0000cacb      0x5ad Drivers\MPU\_LibMPU6050.o
 .debug_info    0x0000d078      0x2c2 Drivers\MPU\MPU.o
 .debug_info    0x0000d33a      0x124 Drivers\LEDs\LED.o
 .debug_info    0x0000d45e      0x281 Drivers\Clock\clock.o
 .debug_info    0x0000d6df      0x2b3 Drivers\Battery\Battery.o
 .debug_info    0x0000d992      0x582 Drivers\BT\BT.o

.debug_abbrev   0x00000000     0x2b00
 .debug_abbrev  0x00000000      0x147 src\system_stm32f30x.o
 .debug_abbrev  0x00000147       0x12 src\startup_stm32f303xe.o
 .debug_abbrev  0x00000159      0x12a src\main.o
 .debug_abbrev  0x00000283      0x1f9 src\Logic.o
 .debug_abbrev  0x0000047c      0x26e src\Communicator.o
 .debug_abbrev  0x000006ea      0x19f StmPeriphInit\USART.o
 .debug_abbrev  0x00000889      0x167 StmPeriphInit\Timers.o
 .debug_abbrev  0x000009f0      0x17d StmPeriphInit\SysTick.o
 .debug_abbrev  0x00000b6d       0xaf StmPeriphInit\RCC.o
 .debug_abbrev  0x00000c1c      0x176 StmPeriphInit\NVIC.o
 .debug_abbrev  0x00000d92       0xe0 StmPeriphInit\I2C.o
 .debug_abbrev  0x00000e72      0x12d StmPeriphInit\GPIO.o
 .debug_abbrev  0x00000f9f      0x135 StmPeriphInit\ADC.o
 .debug_abbrev  0x000010d4      0x157 Framework\stm32f30x\src\stm32f30x_usart.o
 .debug_abbrev  0x0000122b      0x189 Framework\stm32f30x\src\stm32f30x_tim.o
 .debug_abbrev  0x000013b4      0x1e5 Framework\stm32f30x\src\stm32f30x_rcc.o
 .debug_abbrev  0x00001599      0x147 Framework\stm32f30x\src\stm32f30x_misc.o
 .debug_abbrev  0x000016e0      0x180 Framework\stm32f30x\src\stm32f30x_i2c.o
 .debug_abbrev  0x00001860      0x1a5 Framework\stm32f30x\src\stm32f30x_gpio.o
 .debug_abbrev  0x00001a05      0x157 Framework\stm32f30x\src\stm32f30x_dma.o
 .debug_abbrev  0x00001b5c      0x192 Framework\stm32f30x\src\stm32f30x_adc.o
 .debug_abbrev  0x00001cee      0x120 Framework\PID\PID.o
 .debug_abbrev  0x00001e0e      0x121 Framework\Kalman\KalmanFilter.o
 .debug_abbrev  0x00001f2f      0x116 Framework\Fifo\Fifo.o
 .debug_abbrev  0x00002045      0x13b Drivers\ProximitySensor\Sharp.o
 .debug_abbrev  0x00002180      0x1f4 Drivers\Motors\Motors.o
 .debug_abbrev  0x00002374      0x186 Drivers\MPU\_LibMPU6050.o
 .debug_abbrev  0x000024fa      0x135 Drivers\MPU\MPU.o
 .debug_abbrev  0x0000262f       0x7b Drivers\LEDs\LED.o
 .debug_abbrev  0x000026aa       0xcc Drivers\Clock\clock.o
 .debug_abbrev  0x00002776      0x195 Drivers\Battery\Battery.o
 .debug_abbrev  0x0000290b      0x1f5 Drivers\BT\BT.o

.debug_aranges  0x00000000     0x1338
 .debug_aranges
                0x00000000       0x30 src\system_stm32f30x.o
 .debug_aranges
                0x00000030       0x28 src\startup_stm32f303xe.o
 .debug_aranges
                0x00000058       0x20 src\main.o
 .debug_aranges
                0x00000078       0x68 src\Logic.o
 .debug_aranges
                0x000000e0      0x150 src\Communicator.o
 .debug_aranges
                0x00000230       0x40 StmPeriphInit\USART.o
 .debug_aranges
                0x00000270       0x58 StmPeriphInit\Timers.o
 .debug_aranges
                0x000002c8       0x38 StmPeriphInit\SysTick.o
 .debug_aranges
                0x00000300       0x80 StmPeriphInit\RCC.o
 .debug_aranges
                0x00000380       0x30 StmPeriphInit\NVIC.o
 .debug_aranges
                0x000003b0       0x20 StmPeriphInit\I2C.o
 .debug_aranges
                0x000003d0       0x88 StmPeriphInit\GPIO.o
 .debug_aranges
                0x00000458       0x20 StmPeriphInit\ADC.o
 .debug_aranges
                0x00000478      0x1a0 Framework\stm32f30x\src\stm32f30x_usart.o
 .debug_aranges
                0x00000618      0x3a8 Framework\stm32f30x\src\stm32f30x_tim.o
 .debug_aranges
                0x000009c0      0x158 Framework\stm32f30x\src\stm32f30x_rcc.o
 .debug_aranges
                0x00000b18       0x40 Framework\stm32f30x\src\stm32f30x_misc.o
 .debug_aranges
                0x00000b58      0x168 Framework\stm32f30x\src\stm32f30x_i2c.o
 .debug_aranges
                0x00000cc0       0x80 Framework\stm32f30x\src\stm32f30x_gpio.o
 .debug_aranges
                0x00000d40       0x70 Framework\stm32f30x\src\stm32f30x_dma.o
 .debug_aranges
                0x00000db0      0x210 Framework\stm32f30x\src\stm32f30x_adc.o
 .debug_aranges
                0x00000fc0       0x68 Framework\PID\PID.o
 .debug_aranges
                0x00001028       0x58 Framework\Kalman\KalmanFilter.o
 .debug_aranges
                0x00001080       0x40 Framework\Fifo\Fifo.o
 .debug_aranges
                0x000010c0       0x38 Drivers\ProximitySensor\Sharp.o
 .debug_aranges
                0x000010f8       0x90 Drivers\Motors\Motors.o
 .debug_aranges
                0x00001188       0x60 Drivers\MPU\_LibMPU6050.o
 .debug_aranges
                0x000011e8       0x60 Drivers\MPU\MPU.o
 .debug_aranges
                0x00001248       0x30 Drivers\LEDs\LED.o
 .debug_aranges
                0x00001278       0x20 Drivers\Clock\clock.o
 .debug_aranges
                0x00001298       0x48 Drivers\Battery\Battery.o
 .debug_aranges
                0x000012e0       0x58 Drivers\BT\BT.o

.debug_ranges   0x00000000     0x1140
 .debug_ranges  0x00000000       0x20 src\system_stm32f30x.o
 .debug_ranges  0x00000020       0x20 src\startup_stm32f303xe.o
 .debug_ranges  0x00000040       0x10 src\main.o
 .debug_ranges  0x00000050       0x58 src\Logic.o
 .debug_ranges  0x000000a8      0x140 src\Communicator.o
 .debug_ranges  0x000001e8       0x30 StmPeriphInit\USART.o
 .debug_ranges  0x00000218       0x48 StmPeriphInit\Timers.o
 .debug_ranges  0x00000260       0x28 StmPeriphInit\SysTick.o
 .debug_ranges  0x00000288       0x70 StmPeriphInit\RCC.o
 .debug_ranges  0x000002f8       0x20 StmPeriphInit\NVIC.o
 .debug_ranges  0x00000318       0x10 StmPeriphInit\I2C.o
 .debug_ranges  0x00000328       0x78 StmPeriphInit\GPIO.o
 .debug_ranges  0x000003a0       0x10 StmPeriphInit\ADC.o
 .debug_ranges  0x000003b0      0x190 Framework\stm32f30x\src\stm32f30x_usart.o
 .debug_ranges  0x00000540      0x398 Framework\stm32f30x\src\stm32f30x_tim.o
 .debug_ranges  0x000008d8      0x148 Framework\stm32f30x\src\stm32f30x_rcc.o
 .debug_ranges  0x00000a20       0x30 Framework\stm32f30x\src\stm32f30x_misc.o
 .debug_ranges  0x00000a50      0x158 Framework\stm32f30x\src\stm32f30x_i2c.o
 .debug_ranges  0x00000ba8       0x70 Framework\stm32f30x\src\stm32f30x_gpio.o
 .debug_ranges  0x00000c18       0x60 Framework\stm32f30x\src\stm32f30x_dma.o
 .debug_ranges  0x00000c78      0x200 Framework\stm32f30x\src\stm32f30x_adc.o
 .debug_ranges  0x00000e78       0x58 Framework\PID\PID.o
 .debug_ranges  0x00000ed0       0x48 Framework\Kalman\KalmanFilter.o
 .debug_ranges  0x00000f18       0x30 Framework\Fifo\Fifo.o
 .debug_ranges  0x00000f48       0x28 Drivers\ProximitySensor\Sharp.o
 .debug_ranges  0x00000f70       0x80 Drivers\Motors\Motors.o
 .debug_ranges  0x00000ff0       0x50 Drivers\MPU\_LibMPU6050.o
 .debug_ranges  0x00001040       0x50 Drivers\MPU\MPU.o
 .debug_ranges  0x00001090       0x20 Drivers\LEDs\LED.o
 .debug_ranges  0x000010b0       0x10 Drivers\Clock\clock.o
 .debug_ranges  0x000010c0       0x38 Drivers\Battery\Battery.o
 .debug_ranges  0x000010f8       0x48 Drivers\BT\BT.o

.debug_line     0x00000000     0x6c40
 .debug_line    0x00000000      0x203 src\system_stm32f30x.o
 .debug_line    0x00000203       0x7b src\startup_stm32f303xe.o
 .debug_line    0x0000027e      0x272 src\main.o
 .debug_line    0x000004f0      0x45a src\Logic.o
 .debug_line    0x0000094a      0x5a6 src\Communicator.o
 .debug_line    0x00000ef0      0x2a2 StmPeriphInit\USART.o
 .debug_line    0x00001192      0x2bb StmPeriphInit\Timers.o
 .debug_line    0x0000144d      0x1f0 StmPeriphInit\SysTick.o
 .debug_line    0x0000163d      0x2bb StmPeriphInit\RCC.o
 .debug_line    0x000018f8      0x25d StmPeriphInit\NVIC.o
 .debug_line    0x00001b55      0x205 StmPeriphInit\I2C.o
 .debug_line    0x00001d5a      0x388 StmPeriphInit\GPIO.o
 .debug_line    0x000020e2      0x25e StmPeriphInit\ADC.o
 .debug_line    0x00002340      0x630 Framework\stm32f30x\src\stm32f30x_usart.o
 .debug_line    0x00002970      0xc63 Framework\stm32f30x\src\stm32f30x_tim.o
 .debug_line    0x000035d3      0x632 Framework\stm32f30x\src\stm32f30x_rcc.o
 .debug_line    0x00003c05      0x26e Framework\stm32f30x\src\stm32f30x_misc.o
 .debug_line    0x00003e73      0x583 Framework\stm32f30x\src\stm32f30x_i2c.o
 .debug_line    0x000043f6      0x341 Framework\stm32f30x\src\stm32f30x_gpio.o
 .debug_line    0x00004737      0x319 Framework\stm32f30x\src\stm32f30x_dma.o
 .debug_line    0x00004a50      0x7b6 Framework\stm32f30x\src\stm32f30x_adc.o
 .debug_line    0x00005206      0x232 Framework\PID\PID.o
 .debug_line    0x00005438      0x1fd Framework\Kalman\KalmanFilter.o
 .debug_line    0x00005635      0x1d4 Framework\Fifo\Fifo.o
 .debug_line    0x00005809      0x27f Drivers\ProximitySensor\Sharp.o
 .debug_line    0x00005a88      0x402 Drivers\Motors\Motors.o
 .debug_line    0x00005e8a      0x33c Drivers\MPU\_LibMPU6050.o
 .debug_line    0x000061c6      0x229 Drivers\MPU\MPU.o
 .debug_line    0x000063ef      0x19b Drivers\LEDs\LED.o
 .debug_line    0x0000658a      0x19a Drivers\Clock\clock.o
 .debug_line    0x00006724      0x27e Drivers\Battery\Battery.o
 .debug_line    0x000069a2      0x29e Drivers\BT\BT.o

.debug_str      0x00000000     0x4e33
 .debug_str     0x00000000      0x2f6 src\system_stm32f30x.o
                                0x365 (size before relaxing)
 .debug_str     0x000002f6      0x2c4 src\main.o
                                0x5a4 (size before relaxing)
 .debug_str     0x000005ba      0x3c2 src\Logic.o
                                0xbed (size before relaxing)
 .debug_str     0x0000097c      0x3b0 src\Communicator.o
                                0xd7f (size before relaxing)
 .debug_str     0x00000d2c      0x102 StmPeriphInit\USART.o
                                0x41b (size before relaxing)
 .debug_str     0x00000e2e      0x1e1 StmPeriphInit\Timers.o
                                0x460 (size before relaxing)
 .debug_str     0x0000100f      0x54e StmPeriphInit\SysTick.o
                                0x810 (size before relaxing)
 .debug_str     0x0000155d      0x212 StmPeriphInit\RCC.o
                                0x40a (size before relaxing)
 .debug_str     0x0000176f      0x109 StmPeriphInit\NVIC.o
                                0x8f6 (size before relaxing)
 .debug_str     0x00001878       0xe4 StmPeriphInit\I2C.o
                                0x2b4 (size before relaxing)
 .debug_str     0x0000195c      0x1d8 StmPeriphInit\GPIO.o
                                0x5e9 (size before relaxing)
 .debug_str     0x00001b34      0x2f5 StmPeriphInit\ADC.o
                                0x54a (size before relaxing)
 .debug_str     0x00001e29      0x805 Framework\stm32f30x\src\stm32f30x_usart.o
                                0xb06 (size before relaxing)
 .debug_str     0x0000262e      0xbd0 Framework\stm32f30x\src\stm32f30x_tim.o
                                0xfe8 (size before relaxing)
 .debug_str     0x000031fe      0x492 Framework\stm32f30x\src\stm32f30x_rcc.o
                                0x937 (size before relaxing)
 .debug_str     0x00003690       0xff Framework\stm32f30x\src\stm32f30x_misc.o
                                0x43f (size before relaxing)
 .debug_str     0x0000378f      0x3c2 Framework\stm32f30x\src\stm32f30x_i2c.o
                                0x6be (size before relaxing)
 .debug_str     0x00003b51      0x165 Framework\stm32f30x\src\stm32f30x_gpio.o
                                0x517 (size before relaxing)
 .debug_str     0x00003cb6      0x129 Framework\stm32f30x\src\stm32f30x_dma.o
                                0x42e (size before relaxing)
 .debug_str     0x00003ddf      0x7b7 Framework\stm32f30x\src\stm32f30x_adc.o
                                0xc01 (size before relaxing)
 .debug_str     0x00004596       0xbb Framework\PID\PID.o
                                0x32e (size before relaxing)
 .debug_str     0x00004651      0x104 Framework\Kalman\KalmanFilter.o
                                0x2ce (size before relaxing)
 .debug_str     0x00004755       0x8f Framework\Fifo\Fifo.o
                                0x2d2 (size before relaxing)
 .debug_str     0x000047e4       0x6d Drivers\ProximitySensor\Sharp.o
                                0x390 (size before relaxing)
 .debug_str     0x00004851      0x129 Drivers\Motors\Motors.o
                                0x793 (size before relaxing)
 .debug_str     0x0000497a      0x341 Drivers\MPU\_LibMPU6050.o
                                0x5bd (size before relaxing)
 .debug_str     0x00004cbb       0x40 Drivers\MPU\MPU.o
                                0x4af (size before relaxing)
 .debug_str     0x00004cfb       0x16 Drivers\LEDs\LED.o
                                0x2ec (size before relaxing)
 .debug_str     0x00004d11       0x29 Drivers\Clock\clock.o
                                0x269 (size before relaxing)
 .debug_str     0x00004d3a       0x51 Drivers\Battery\Battery.o
                                0x3cf (size before relaxing)
 .debug_str     0x00004d8b       0xa8 Drivers\BT\BT.o
                                0x584 (size before relaxing)

.comment        0x00000000       0x83
 .comment       0x00000000       0x83 src\system_stm32f30x.o
                                 0x84 (size before relaxing)
 .comment       0x00000000       0x84 src\main.o
 .comment       0x00000000       0x84 src\Logic.o
 .comment       0x00000000       0x84 src\Communicator.o
 .comment       0x00000000       0x84 StmPeriphInit\USART.o
 .comment       0x00000000       0x84 StmPeriphInit\Timers.o
 .comment       0x00000000       0x84 StmPeriphInit\SysTick.o
 .comment       0x00000000       0x84 StmPeriphInit\RCC.o
 .comment       0x00000000       0x84 StmPeriphInit\NVIC.o
 .comment       0x00000000       0x84 StmPeriphInit\I2C.o
 .comment       0x00000000       0x84 StmPeriphInit\GPIO.o
 .comment       0x00000000       0x84 StmPeriphInit\ADC.o
 .comment       0x00000000       0x84 Framework\stm32f30x\src\stm32f30x_usart.o
 .comment       0x00000000       0x84 Framework\stm32f30x\src\stm32f30x_tim.o
 .comment       0x00000000       0x84 Framework\stm32f30x\src\stm32f30x_rcc.o
 .comment       0x00000000       0x84 Framework\stm32f30x\src\stm32f30x_misc.o
 .comment       0x00000000       0x84 Framework\stm32f30x\src\stm32f30x_i2c.o
 .comment       0x00000000       0x84 Framework\stm32f30x\src\stm32f30x_gpio.o
 .comment       0x00000000       0x84 Framework\stm32f30x\src\stm32f30x_dma.o
 .comment       0x00000000       0x84 Framework\stm32f30x\src\stm32f30x_adc.o
 .comment       0x00000000       0x84 Framework\PID\PID.o
 .comment       0x00000000       0x84 Framework\Kalman\KalmanFilter.o
 .comment       0x00000000       0x84 Framework\Fifo\Fifo.o
 .comment       0x00000000       0x84 Drivers\ProximitySensor\Sharp.o
 .comment       0x00000000       0x84 Drivers\Motors\Motors.o
 .comment       0x00000000       0x84 Drivers\MPU\_LibMPU6050.o
 .comment       0x00000000       0x84 Drivers\MPU\MPU.o
 .comment       0x00000000       0x84 Drivers\LEDs\LED.o
 .comment       0x00000000       0x84 Drivers\Clock\clock.o
 .comment       0x00000000       0x84 Drivers\Battery\Battery.o
 .comment       0x00000000       0x84 Drivers\BT\BT.o

.debug_frame    0x00000000     0x3bf4
 .debug_frame   0x00000000       0x64 src\system_stm32f30x.o
 .debug_frame   0x00000064       0x30 src\main.o
 .debug_frame   0x00000094      0x134 src\Logic.o
 .debug_frame   0x000001c8      0x494 src\Communicator.o
 .debug_frame   0x0000065c       0x98 StmPeriphInit\USART.o
 .debug_frame   0x000006f4      0x104 StmPeriphInit\Timers.o
 .debug_frame   0x000007f8       0x84 StmPeriphInit\SysTick.o
 .debug_frame   0x0000087c      0x180 StmPeriphInit\RCC.o
 .debug_frame   0x000009fc       0x6c StmPeriphInit\NVIC.o
 .debug_frame   0x00000a68       0x30 StmPeriphInit\I2C.o
 .debug_frame   0x00000a98      0x1c0 StmPeriphInit\GPIO.o
 .debug_frame   0x00000c58       0x30 StmPeriphInit\ADC.o
 .debug_frame   0x00000c88      0x574 Framework\stm32f30x\src\stm32f30x_usart.o
 .debug_frame   0x000011fc      0xca4 Framework\stm32f30x\src\stm32f30x_tim.o
 .debug_frame   0x00001ea0      0x468 Framework\stm32f30x\src\stm32f30x_rcc.o
 .debug_frame   0x00002308       0x9c Framework\stm32f30x\src\stm32f30x_misc.o
 .debug_frame   0x000023a4      0x4ac Framework\stm32f30x\src\stm32f30x_i2c.o
 .debug_frame   0x00002850      0x180 Framework\stm32f30x\src\stm32f30x_gpio.o
 .debug_frame   0x000029d0      0x144 Framework\stm32f30x\src\stm32f30x_dma.o
 .debug_frame   0x00002b14      0x6f8 Framework\stm32f30x\src\stm32f30x_adc.o
 .debug_frame   0x0000320c      0x128 Framework\PID\PID.o
 .debug_frame   0x00003334       0xdc Framework\Kalman\KalmanFilter.o
 .debug_frame   0x00003410       0xa4 Framework\Fifo\Fifo.o
 .debug_frame   0x000034b4       0x80 Drivers\ProximitySensor\Sharp.o
 .debug_frame   0x00003534      0x1bc Drivers\Motors\Motors.o
 .debug_frame   0x000036f0      0x12c Drivers\MPU\_LibMPU6050.o
 .debug_frame   0x0000381c      0x118 Drivers\MPU\MPU.o
 .debug_frame   0x00003934       0x64 Drivers\LEDs\LED.o
 .debug_frame   0x00003998       0x2c Drivers\Clock\clock.o
 .debug_frame   0x000039c4       0xb4 Drivers\Battery\Battery.o
 .debug_frame   0x00003a78      0x104 Drivers\BT\BT.o
 .debug_frame   0x00003b7c       0x2c c:/program files (x86)/atollic/truestudio for arm lite 5.3.0/armtools/bin/../lib/gcc/arm-atollic-eabi/4.8.3/../../../../arm-atollic-eabi/lib/armv7e-m/fpu\libc_s.a(lib_a-init.o)
 .debug_frame   0x00003ba8       0x2c c:/program files (x86)/atollic/truestudio for arm lite 5.3.0/armtools/bin/../lib/gcc/arm-atollic-eabi/4.8.3/../../../../arm-atollic-eabi/lib/armv7e-m/fpu\libm.a(lib_a-sf_atan.o)
 .debug_frame   0x00003bd4       0x20 c:/program files (x86)/atollic/truestudio for arm lite 5.3.0/armtools/bin/../lib/gcc/arm-atollic-eabi/4.8.3/../../../../arm-atollic-eabi/lib/armv7e-m/fpu\libm.a(lib_a-sf_fabs.o)

Cross Reference Table

Symbol                                            File
ADC1_2_IRQHandler                                 src\startup_stm32f303xe.o
ADC3_IRQHandler                                   src\startup_stm32f303xe.o
ADC4_IRQHandler                                   src\startup_stm32f303xe.o
ADC_AnalogWatchdog1SingleChannelConfig            Framework\stm32f30x\src\stm32f30x_adc.o
ADC_AnalogWatchdog1ThresholdsConfig               Framework\stm32f30x\src\stm32f30x_adc.o
ADC_AnalogWatchdog2SingleChannelConfig            Framework\stm32f30x\src\stm32f30x_adc.o
ADC_AnalogWatchdog2ThresholdsConfig               Framework\stm32f30x\src\stm32f30x_adc.o
ADC_AnalogWatchdog3SingleChannelConfig            Framework\stm32f30x\src\stm32f30x_adc.o
ADC_AnalogWatchdog3ThresholdsConfig               Framework\stm32f30x\src\stm32f30x_adc.o
ADC_AnalogWatchdogCmd                             Framework\stm32f30x\src\stm32f30x_adc.o
ADC_AutoDelayCmd                                  Framework\stm32f30x\src\stm32f30x_adc.o
ADC_AutoInjectedConvCmd                           Framework\stm32f30x\src\stm32f30x_adc.o
ADC_ChannelOffset1Cmd                             Framework\stm32f30x\src\stm32f30x_adc.o
ADC_ChannelOffset2Cmd                             Framework\stm32f30x\src\stm32f30x_adc.o
ADC_ChannelOffset3Cmd                             Framework\stm32f30x\src\stm32f30x_adc.o
ADC_ChannelOffset4Cmd                             Framework\stm32f30x\src\stm32f30x_adc.o
ADC_ClearCommonFlag                               Framework\stm32f30x\src\stm32f30x_adc.o
ADC_ClearFlag                                     Framework\stm32f30x\src\stm32f30x_adc.o
ADC_ClearITPendingBit                             Framework\stm32f30x\src\stm32f30x_adc.o
ADC_Cmd                                           Framework\stm32f30x\src\stm32f30x_adc.o
                                                  StmPeriphInit\ADC.o
ADC_CommonInit                                    Framework\stm32f30x\src\stm32f30x_adc.o
                                                  StmPeriphInit\ADC.o
ADC_CommonStructInit                              Framework\stm32f30x\src\stm32f30x_adc.o
ADC_DMACmd                                        Framework\stm32f30x\src\stm32f30x_adc.o
                                                  StmPeriphInit\ADC.o
ADC_DMAConfig                                     Framework\stm32f30x\src\stm32f30x_adc.o
                                                  StmPeriphInit\ADC.o
ADC_DeInit                                        Framework\stm32f30x\src\stm32f30x_adc.o
ADC_DisableCmd                                    Framework\stm32f30x\src\stm32f30x_adc.o
ADC_DiscModeChannelCountConfig                    Framework\stm32f30x\src\stm32f30x_adc.o
ADC_DiscModeCmd                                   Framework\stm32f30x\src\stm32f30x_adc.o
ADC_ExternalTriggerConfig                         Framework\stm32f30x\src\stm32f30x_adc.o
ADC_GetCalibrationStatus                          Framework\stm32f30x\src\stm32f30x_adc.o
                                                  StmPeriphInit\ADC.o
ADC_GetCalibrationValue                           Framework\stm32f30x\src\stm32f30x_adc.o
ADC_GetCommonFlagStatus                           Framework\stm32f30x\src\stm32f30x_adc.o
ADC_GetConversionValue                            Framework\stm32f30x\src\stm32f30x_adc.o
ADC_GetDisableCmdStatus                           Framework\stm32f30x\src\stm32f30x_adc.o
ADC_GetDualModeConversionValue                    Framework\stm32f30x\src\stm32f30x_adc.o
ADC_GetFlagStatus                                 Framework\stm32f30x\src\stm32f30x_adc.o
                                                  StmPeriphInit\ADC.o
ADC_GetITStatus                                   Framework\stm32f30x\src\stm32f30x_adc.o
ADC_GetInjectedConversionValue                    Framework\stm32f30x\src\stm32f30x_adc.o
ADC_GetStartConversionStatus                      Framework\stm32f30x\src\stm32f30x_adc.o
ADC_GetStartInjectedConversionStatus              Framework\stm32f30x\src\stm32f30x_adc.o
ADC_ITConfig                                      Framework\stm32f30x\src\stm32f30x_adc.o
ADC_Init                                          Framework\stm32f30x\src\stm32f30x_adc.o
                                                  StmPeriphInit\ADC.o
ADC_InjectedChannelSampleTimeConfig               Framework\stm32f30x\src\stm32f30x_adc.o
ADC_InjectedDiscModeCmd                           Framework\stm32f30x\src\stm32f30x_adc.o
ADC_InjectedInit                                  Framework\stm32f30x\src\stm32f30x_adc.o
ADC_InjectedStructInit                            Framework\stm32f30x\src\stm32f30x_adc.o
ADC_RegularChannelConfig                          Framework\stm32f30x\src\stm32f30x_adc.o
                                                  StmPeriphInit\ADC.o
ADC_RegularChannelSequencerLengthConfig           Framework\stm32f30x\src\stm32f30x_adc.o
ADC_SelectCalibrationMode                         Framework\stm32f30x\src\stm32f30x_adc.o
                                                  StmPeriphInit\ADC.o
ADC_SelectDifferentialMode                        Framework\stm32f30x\src\stm32f30x_adc.o
ADC_SelectQueueOfContextMode                      Framework\stm32f30x\src\stm32f30x_adc.o
ADC_SetCalibrationValue                           Framework\stm32f30x\src\stm32f30x_adc.o
ADC_SetChannelOffset1                             Framework\stm32f30x\src\stm32f30x_adc.o
ADC_SetChannelOffset2                             Framework\stm32f30x\src\stm32f30x_adc.o
ADC_SetChannelOffset3                             Framework\stm32f30x\src\stm32f30x_adc.o
ADC_SetChannelOffset4                             Framework\stm32f30x\src\stm32f30x_adc.o
ADC_StartCalibration                              Framework\stm32f30x\src\stm32f30x_adc.o
                                                  StmPeriphInit\ADC.o
ADC_StartConversion                               Framework\stm32f30x\src\stm32f30x_adc.o
                                                  StmPeriphInit\ADC.o
ADC_StartInjectedConversion                       Framework\stm32f30x\src\stm32f30x_adc.o
ADC_StopConversion                                Framework\stm32f30x\src\stm32f30x_adc.o
ADC_StopInjectedConversion                        Framework\stm32f30x\src\stm32f30x_adc.o
ADC_StructInit                                    Framework\stm32f30x\src\stm32f30x_adc.o
                                                  StmPeriphInit\ADC.o
ADC_TempSensorCmd                                 Framework\stm32f30x\src\stm32f30x_adc.o
ADC_VbatCmd                                       Framework\stm32f30x\src\stm32f30x_adc.o
ADC_VoltageRegulatorCmd                           Framework\stm32f30x\src\stm32f30x_adc.o
                                                  StmPeriphInit\ADC.o
ADC_VrefintCmd                                    Framework\stm32f30x\src\stm32f30x_adc.o
AHBPrescTable                                     src\system_stm32f30x.o
AdcBufferTable                                    Drivers\Battery\Battery.o
                                                  Drivers\ProximitySensor\Sharp.o
                                                  StmPeriphInit\ADC.o
BtRxInterruptCallback                             Drivers\BT\BT.o
                                                  StmPeriphInit\USART.o
BusFault_Handler                                  src\startup_stm32f303xe.o
CAN_CancelTransmit                                Framework\stm32f30x\src\stm32f30x_can.o
CAN_ClearFlag                                     Framework\stm32f30x\src\stm32f30x_can.o
CAN_ClearITPendingBit                             Framework\stm32f30x\src\stm32f30x_can.o
CAN_DBGFreeze                                     Framework\stm32f30x\src\stm32f30x_can.o
CAN_DeInit                                        Framework\stm32f30x\src\stm32f30x_can.o
CAN_FIFORelease                                   Framework\stm32f30x\src\stm32f30x_can.o
CAN_FilterInit                                    Framework\stm32f30x\src\stm32f30x_can.o
CAN_GetFlagStatus                                 Framework\stm32f30x\src\stm32f30x_can.o
CAN_GetITStatus                                   Framework\stm32f30x\src\stm32f30x_can.o
CAN_GetLSBTransmitErrorCounter                    Framework\stm32f30x\src\stm32f30x_can.o
CAN_GetLastErrorCode                              Framework\stm32f30x\src\stm32f30x_can.o
CAN_GetReceiveErrorCounter                        Framework\stm32f30x\src\stm32f30x_can.o
CAN_ITConfig                                      Framework\stm32f30x\src\stm32f30x_can.o
CAN_Init                                          Framework\stm32f30x\src\stm32f30x_can.o
CAN_MessagePending                                Framework\stm32f30x\src\stm32f30x_can.o
CAN_OperatingModeRequest                          Framework\stm32f30x\src\stm32f30x_can.o
CAN_RX1_IRQHandler                                src\startup_stm32f303xe.o
CAN_Receive                                       Framework\stm32f30x\src\stm32f30x_can.o
CAN_SCE_IRQHandler                                src\startup_stm32f303xe.o
CAN_SlaveStartBank                                Framework\stm32f30x\src\stm32f30x_can.o
CAN_Sleep                                         Framework\stm32f30x\src\stm32f30x_can.o
CAN_StructInit                                    Framework\stm32f30x\src\stm32f30x_can.o
CAN_TTComModeCmd                                  Framework\stm32f30x\src\stm32f30x_can.o
CAN_Transmit                                      Framework\stm32f30x\src\stm32f30x_can.o
CAN_TransmitStatus                                Framework\stm32f30x\src\stm32f30x_can.o
CAN_WakeUp                                        Framework\stm32f30x\src\stm32f30x_can.o
COMP1_2_3_IRQHandler                              src\startup_stm32f303xe.o
COMP4_5_6_IRQHandler                              src\startup_stm32f303xe.o
COMP7_IRQHandler                                  src\startup_stm32f303xe.o
COMP_Cmd                                          Framework\stm32f30x\src\stm32f30x_comp.o
COMP_DeInit                                       Framework\stm32f30x\src\stm32f30x_comp.o
COMP_GetOutputLevel                               Framework\stm32f30x\src\stm32f30x_comp.o
COMP_Init                                         Framework\stm32f30x\src\stm32f30x_comp.o
COMP_LockConfig                                   Framework\stm32f30x\src\stm32f30x_comp.o
COMP_StructInit                                   Framework\stm32f30x\src\stm32f30x_comp.o
COMP_SwitchCmd                                    Framework\stm32f30x\src\stm32f30x_comp.o
COMP_WindowCmd                                    Framework\stm32f30x\src\stm32f30x_comp.o
CRC_CalcBlockCRC                                  Framework\stm32f30x\src\stm32f30x_crc.o
CRC_CalcCRC                                       Framework\stm32f30x\src\stm32f30x_crc.o
CRC_CalcCRC16bits                                 Framework\stm32f30x\src\stm32f30x_crc.o
CRC_CalcCRC8bits                                  Framework\stm32f30x\src\stm32f30x_crc.o
CRC_DeInit                                        Framework\stm32f30x\src\stm32f30x_crc.o
CRC_GetCRC                                        Framework\stm32f30x\src\stm32f30x_crc.o
CRC_GetIDRegister                                 Framework\stm32f30x\src\stm32f30x_crc.o
CRC_PolynomialSizeSelect                          Framework\stm32f30x\src\stm32f30x_crc.o
CRC_ResetDR                                       Framework\stm32f30x\src\stm32f30x_crc.o
CRC_ReverseInputDataSelect                        Framework\stm32f30x\src\stm32f30x_crc.o
CRC_ReverseOutputDataCmd                          Framework\stm32f30x\src\stm32f30x_crc.o
CRC_SetIDRegister                                 Framework\stm32f30x\src\stm32f30x_crc.o
CRC_SetInitRegister                               Framework\stm32f30x\src\stm32f30x_crc.o
CRC_SetPolynomial                                 Framework\stm32f30x\src\stm32f30x_crc.o
Communicator_CheckInputs                          src\Communicator.o
                                                  src\Logic.o
DAC_ClearFlag                                     Framework\stm32f30x\src\stm32f30x_dac.o
DAC_ClearITPendingBit                             Framework\stm32f30x\src\stm32f30x_dac.o
DAC_Cmd                                           Framework\stm32f30x\src\stm32f30x_dac.o
DAC_DMACmd                                        Framework\stm32f30x\src\stm32f30x_dac.o
DAC_DeInit                                        Framework\stm32f30x\src\stm32f30x_dac.o
DAC_DualSoftwareTriggerCmd                        Framework\stm32f30x\src\stm32f30x_dac.o
DAC_GetDataOutputValue                            Framework\stm32f30x\src\stm32f30x_dac.o
DAC_GetFlagStatus                                 Framework\stm32f30x\src\stm32f30x_dac.o
DAC_GetITStatus                                   Framework\stm32f30x\src\stm32f30x_dac.o
DAC_ITConfig                                      Framework\stm32f30x\src\stm32f30x_dac.o
DAC_Init                                          Framework\stm32f30x\src\stm32f30x_dac.o
DAC_SetChannel1Data                               Framework\stm32f30x\src\stm32f30x_dac.o
DAC_SetChannel2Data                               Framework\stm32f30x\src\stm32f30x_dac.o
DAC_SetDualChannelData                            Framework\stm32f30x\src\stm32f30x_dac.o
DAC_SoftwareTriggerCmd                            Framework\stm32f30x\src\stm32f30x_dac.o
DAC_StructInit                                    Framework\stm32f30x\src\stm32f30x_dac.o
DAC_WaveGenerationCmd                             Framework\stm32f30x\src\stm32f30x_dac.o
DBGMCU_APB1PeriphConfig                           Framework\stm32f30x\src\stm32f30x_dbgmcu.o
DBGMCU_APB2PeriphConfig                           Framework\stm32f30x\src\stm32f30x_dbgmcu.o
DBGMCU_Config                                     Framework\stm32f30x\src\stm32f30x_dbgmcu.o
DBGMCU_GetDEVID                                   Framework\stm32f30x\src\stm32f30x_dbgmcu.o
DBGMCU_GetREVID                                   Framework\stm32f30x\src\stm32f30x_dbgmcu.o
DMA1_Channel1_IRQHandler                          src\startup_stm32f303xe.o
DMA1_Channel2_IRQHandler                          src\startup_stm32f303xe.o
DMA1_Channel3_IRQHandler                          src\startup_stm32f303xe.o
DMA1_Channel4_IRQHandler                          src\startup_stm32f303xe.o
DMA1_Channel5_IRQHandler                          src\startup_stm32f303xe.o
DMA1_Channel6_IRQHandler                          src\startup_stm32f303xe.o
DMA1_Channel7_IRQHandler                          src\startup_stm32f303xe.o
DMA2_Channel1_IRQHandler                          src\startup_stm32f303xe.o
DMA2_Channel2_IRQHandler                          src\startup_stm32f303xe.o
DMA2_Channel3_IRQHandler                          src\startup_stm32f303xe.o
DMA2_Channel4_IRQHandler                          src\startup_stm32f303xe.o
DMA2_Channel5_IRQHandler                          src\startup_stm32f303xe.o
DMA_ClearFlag                                     Framework\stm32f30x\src\stm32f30x_dma.o
DMA_ClearITPendingBit                             Framework\stm32f30x\src\stm32f30x_dma.o
DMA_Cmd                                           Framework\stm32f30x\src\stm32f30x_dma.o
                                                  StmPeriphInit\ADC.o
DMA_DeInit                                        Framework\stm32f30x\src\stm32f30x_dma.o
                                                  StmPeriphInit\ADC.o
DMA_GetCurrDataCounter                            Framework\stm32f30x\src\stm32f30x_dma.o
DMA_GetFlagStatus                                 Framework\stm32f30x\src\stm32f30x_dma.o
DMA_GetITStatus                                   Framework\stm32f30x\src\stm32f30x_dma.o
DMA_ITConfig                                      Framework\stm32f30x\src\stm32f30x_dma.o
DMA_Init                                          Framework\stm32f30x\src\stm32f30x_dma.o
                                                  StmPeriphInit\ADC.o
DMA_SetCurrDataCounter                            Framework\stm32f30x\src\stm32f30x_dma.o
DMA_StructInit                                    Framework\stm32f30x\src\stm32f30x_dma.o
DT_fast                                           src\main.o
                                                  Framework\Kalman\KalmanFilter.o
DT_slow                                           src\main.o
                                                  Drivers\Motors\Motors.o
DebugMon_Handler                                  src\startup_stm32f303xe.o
Default_Handler                                   src\startup_stm32f303xe.o
EXTI0_IRQHandler                                  src\startup_stm32f303xe.o
EXTI15_10_IRQHandler                              src\startup_stm32f303xe.o
EXTI1_IRQHandler                                  src\startup_stm32f303xe.o
EXTI2_TSC_IRQHandler                              src\startup_stm32f303xe.o
EXTI3_IRQHandler                                  src\startup_stm32f303xe.o
EXTI4_IRQHandler                                  src\startup_stm32f303xe.o
EXTI9_5_IRQHandler                                src\startup_stm32f303xe.o
EXTI_ClearFlag                                    Framework\stm32f30x\src\stm32f30x_exti.o
EXTI_ClearITPendingBit                            Framework\stm32f30x\src\stm32f30x_exti.o
EXTI_DeInit                                       Framework\stm32f30x\src\stm32f30x_exti.o
EXTI_GenerateSWInterrupt                          Framework\stm32f30x\src\stm32f30x_exti.o
EXTI_GetFlagStatus                                Framework\stm32f30x\src\stm32f30x_exti.o
EXTI_GetITStatus                                  Framework\stm32f30x\src\stm32f30x_exti.o
EXTI_Init                                         Framework\stm32f30x\src\stm32f30x_exti.o
EXTI_StructInit                                   Framework\stm32f30x\src\stm32f30x_exti.o
FLASH_ClearFlag                                   Framework\stm32f30x\src\stm32f30x_flash.o
FLASH_EraseAllPages                               Framework\stm32f30x\src\stm32f30x_flash.o
FLASH_ErasePage                                   Framework\stm32f30x\src\stm32f30x_flash.o
FLASH_GetFlagStatus                               Framework\stm32f30x\src\stm32f30x_flash.o
FLASH_GetStatus                                   Framework\stm32f30x\src\stm32f30x_flash.o
FLASH_HalfCycleAccessCmd                          Framework\stm32f30x\src\stm32f30x_flash.o
FLASH_IRQHandler                                  src\startup_stm32f303xe.o
FLASH_ITConfig                                    Framework\stm32f30x\src\stm32f30x_flash.o
FLASH_Lock                                        Framework\stm32f30x\src\stm32f30x_flash.o
FLASH_OB_BOOTConfig                               Framework\stm32f30x\src\stm32f30x_flash.o
FLASH_OB_EnableWRP                                Framework\stm32f30x\src\stm32f30x_flash.o
FLASH_OB_Erase                                    Framework\stm32f30x\src\stm32f30x_flash.o
FLASH_OB_GetRDP                                   Framework\stm32f30x\src\stm32f30x_flash.o
FLASH_OB_GetUser                                  Framework\stm32f30x\src\stm32f30x_flash.o
FLASH_OB_GetWRP                                   Framework\stm32f30x\src\stm32f30x_flash.o
FLASH_OB_Launch                                   Framework\stm32f30x\src\stm32f30x_flash.o
FLASH_OB_Lock                                     Framework\stm32f30x\src\stm32f30x_flash.o
FLASH_OB_RDPConfig                                Framework\stm32f30x\src\stm32f30x_flash.o
FLASH_OB_SRAMParityConfig                         Framework\stm32f30x\src\stm32f30x_flash.o
FLASH_OB_Unlock                                   Framework\stm32f30x\src\stm32f30x_flash.o
FLASH_OB_UserConfig                               Framework\stm32f30x\src\stm32f30x_flash.o
FLASH_OB_VDDAConfig                               Framework\stm32f30x\src\stm32f30x_flash.o
FLASH_OB_WriteUser                                Framework\stm32f30x\src\stm32f30x_flash.o
FLASH_PrefetchBufferCmd                           Framework\stm32f30x\src\stm32f30x_flash.o
FLASH_ProgramHalfWord                             Framework\stm32f30x\src\stm32f30x_flash.o
FLASH_ProgramOptionByteData                       Framework\stm32f30x\src\stm32f30x_flash.o
FLASH_ProgramWord                                 Framework\stm32f30x\src\stm32f30x_flash.o
FLASH_SetLatency                                  Framework\stm32f30x\src\stm32f30x_flash.o
FLASH_Unlock                                      Framework\stm32f30x\src\stm32f30x_flash.o
FLASH_WaitForLastOperation                        Framework\stm32f30x\src\stm32f30x_flash.o
FMC_ClearFlag                                     Framework\stm32f30x\src\stm32f30x_fmc.o
FMC_ClearITPendingBit                             Framework\stm32f30x\src\stm32f30x_fmc.o
FMC_GetECC                                        Framework\stm32f30x\src\stm32f30x_fmc.o
FMC_GetFlagStatus                                 Framework\stm32f30x\src\stm32f30x_fmc.o
FMC_GetITStatus                                   Framework\stm32f30x\src\stm32f30x_fmc.o
FMC_IRQHandler                                    src\startup_stm32f303xe.o