Archive member included because of file (symbol)

c:/program files (x86)/atollic/truestudio for arm lite 5.3.0/armtools/bin/../lib/gcc/arm-atollic-eabi/4.8.3/../../../../arm-atollic-eabi/lib/armv7e-m/fpu\libc_s.a(lib_a-init.o)
                              src\startup_stm32f303xe.o (__libc_init_array)
c:/program files (x86)/atollic/truestudio for arm lite 5.3.0/armtools/bin/../lib/gcc/arm-atollic-eabi/4.8.3/../../../../arm-atollic-eabi/lib/armv7e-m/fpu\libm.a(lib_a-sf_atan.o)
                              Drivers\MPU\_LibMPU6050.o (atanf)
c:/program files (x86)/atollic/truestudio for arm lite 5.3.0/armtools/bin/../lib/gcc/arm-atollic-eabi/4.8.3/../../../../arm-atollic-eabi/lib/armv7e-m/fpu\libm.a(lib_a-sf_fabs.o)
                              c:/program files (x86)/atollic/truestudio for arm lite 5.3.0/armtools/bin/../lib/gcc/arm-atollic-eabi/4.8.3/../../../../arm-atollic-eabi/lib/armv7e-m/fpu\libm.a(lib_a-sf_atan.o) (fabsf)
c:/program files (x86)/atollic/truestudio for arm lite 5.3.0/armtools/bin/../lib/gcc/arm-atollic-eabi/4.8.3/armv7e-m/fpu\libgcc.a(_arm_addsubdf3.o)
                              Drivers\MPU\_LibMPU6050.o (__aeabi_f2d)
c:/program files (x86)/atollic/truestudio for arm lite 5.3.0/armtools/bin/../lib/gcc/arm-atollic-eabi/4.8.3/armv7e-m/fpu\libgcc.a(_arm_muldivdf3.o)
                              Drivers\MPU\_LibMPU6050.o (__aeabi_dmul)
c:/program files (x86)/atollic/truestudio for arm lite 5.3.0/armtools/bin/../lib/gcc/arm-atollic-eabi/4.8.3/armv7e-m/fpu\libgcc.a(_arm_truncdfsf2.o)
                              Drivers\MPU\_LibMPU6050.o (__aeabi_d2f)

Allocating common symbols
Common symbol       size              file

dataStruct          0x8               Drivers\MPU\_LibMPU6050.o
MpuMeasuredData     0x18              src\main.o
err                 0x1               src\main.o

Discarded input sections

 .text          0x00000000        0x0 c:/program files (x86)/atollic/truestudio for arm lite 5.3.0/armtools/bin/../lib/gcc/arm-atollic-eabi/4.8.3/armv7e-m/fpu/crti.o
 .data          0x00000000        0x0 c:/program files (x86)/atollic/truestudio for arm lite 5.3.0/armtools/bin/../lib/gcc/arm-atollic-eabi/4.8.3/armv7e-m/fpu/crti.o
 .bss           0x00000000        0x0 c:/program files (x86)/atollic/truestudio for arm lite 5.3.0/armtools/bin/../lib/gcc/arm-atollic-eabi/4.8.3/armv7e-m/fpu/crti.o
 .data          0x00000000        0x4 c:/program files (x86)/atollic/truestudio for arm lite 5.3.0/armtools/bin/../lib/gcc/arm-atollic-eabi/4.8.3/armv7e-m/fpu/crtbegin.o
 .text          0x00000000        0x0 src\system_stm32f30x.o
 .data          0x00000000        0x0 src\system_stm32f30x.o
 .bss           0x00000000        0x0 src\system_stm32f30x.o
 .data.SystemCoreClock
                0x00000000        0x4 src\system_stm32f30x.o
 .data.AHBPrescTable
                0x00000000       0x10 src\system_stm32f30x.o
 .text.SystemCoreClockUpdate
                0x00000000       0xd4 src\system_stm32f30x.o
 .text          0x00000000       0x14 src\startup_stm32f303xe.o
 .data          0x00000000        0x0 src\startup_stm32f303xe.o
 .bss           0x00000000        0x0 src\startup_stm32f303xe.o
 .text          0x00000000        0x0 src\main.o
 .data          0x00000000        0x0 src\main.o
 .bss           0x00000000        0x0 src\main.o
 .text          0x00000000        0x0 HAL\USART.o
 .data          0x00000000        0x0 HAL\USART.o
 .bss           0x00000000        0x0 HAL\USART.o
 .text          0x00000000        0x0 HAL\Timers.o
 .data          0x00000000        0x0 HAL\Timers.o
 .bss           0x00000000        0x0 HAL\Timers.o
 .text          0x00000000        0x0 HAL\SysTick.o
 .data          0x00000000        0x0 HAL\SysTick.o
 .bss           0x00000000        0x0 HAL\SysTick.o
 .text          0x00000000        0x0 HAL\RCC.o
 .data          0x00000000        0x0 HAL\RCC.o
 .bss           0x00000000        0x0 HAL\RCC.o
 .text          0x00000000        0x0 HAL\NVIC.o
 .data          0x00000000        0x0 HAL\NVIC.o
 .bss           0x00000000        0x0 HAL\NVIC.o
 .text.NVIC_EnableIRQ
                0x00000000       0x30 HAL\NVIC.o
 .text.InitializeNVIC
                0x00000000       0xb8 HAL\NVIC.o
 .debug_info    0x00000000      0x50b HAL\NVIC.o
 .debug_abbrev  0x00000000      0x140 HAL\NVIC.o
 .debug_aranges
                0x00000000       0x28 HAL\NVIC.o
 .debug_ranges  0x00000000       0x18 HAL\NVIC.o
 .debug_line    0x00000000      0x221 HAL\NVIC.o
 .debug_str     0x00000000      0x7de HAL\NVIC.o
 .comment       0x00000000       0x84 HAL\NVIC.o
 .ARM.attributes
                0x00000000       0x39 HAL\NVIC.o
 .debug_frame   0x00000000       0x4c HAL\NVIC.o
 .text          0x00000000        0x0 HAL\I2C.o
 .data          0x00000000        0x0 HAL\I2C.o
 .bss           0x00000000        0x0 HAL\I2C.o
 .text          0x00000000        0x0 HAL\GPIO.o
 .data          0x00000000        0x0 HAL\GPIO.o
 .bss           0x00000000        0x0 HAL\GPIO.o
[...]
Memory Configuration

Name             Origin             Length             Attributes
FLASH            0x08000000         0x00080000         xr
RAM              0x20000000         0x00010000         xrw
MEMORY_B1        0x60000000         0x00000000         xr
CCMRAM           0x10000000         0x00002000         rw
*default*        0x00000000         0xffffffff

Linker script and memory map

LOAD c:/program files (x86)/atollic/truestudio for arm lite 5.3.0/armtools/bin/../lib/gcc/arm-atollic-eabi/4.8.3/armv7e-m/fpu/crti.o
LOAD c:/program files (x86)/atollic/truestudio for arm lite 5.3.0/armtools/bin/../lib/gcc/arm-atollic-eabi/4.8.3/armv7e-m/fpu/crtbegin.o
LOAD src\system_stm32f30x.o
LOAD src\startup_stm32f303xe.o
LOAD src\main.o
LOAD HAL\USART.o
LOAD HAL\Timers.o
LOAD HAL\SysTick.o
LOAD HAL\RCC.o
LOAD HAL\NVIC.o
LOAD HAL\I2C.o
LOAD HAL\GPIO.o
LOAD Framework\src\stm32f30x_wwdg.o
LOAD Framework\src\stm32f30x_usart.o
LOAD Framework\src\stm32f30x_tim.o
LOAD Framework\src\stm32f30x_syscfg.o
LOAD Framework\src\stm32f30x_spi.o
LOAD Framework\src\stm32f30x_rtc.o
LOAD Framework\src\stm32f30x_rcc.o
LOAD Framework\src\stm32f30x_pwr.o
LOAD Framework\src\stm32f30x_opamp.o
LOAD Framework\src\stm32f30x_misc.o
LOAD Framework\src\stm32f30x_iwdg.o
LOAD Framework\src\stm32f30x_i2c.o
LOAD Framework\src\stm32f30x_gpio.o
LOAD Framework\src\stm32f30x_fmc.o
LOAD Framework\src\stm32f30x_flash.o
LOAD Framework\src\stm32f30x_exti.o
LOAD Framework\src\stm32f30x_dma.o
LOAD Framework\src\stm32f30x_dbgmcu.o
LOAD Framework\src\stm32f30x_dac.o
LOAD Framework\src\stm32f30x_crc.o
LOAD Framework\src\stm32f30x_comp.o
LOAD Framework\src\stm32f30x_can.o
LOAD Framework\src\stm32f30x_adc.o
LOAD Drivers\Wifi\Wifi.o
LOAD Drivers\MPU\_LibMPU6050.o
LOAD Drivers\MPU\MPU.o
LOAD Drivers\LEDs\LED.o
LOAD Drivers\Clock\clock.o
LOAD Drivers\BT\BT.o
START GROUP
LOAD c:/program files (x86)/atollic/truestudio for arm lite 5.3.0/armtools/bin/../lib/gcc/arm-atollic-eabi/4.8.3/../../../../arm-atollic-eabi/lib/armv7e-m/fpu\libc_s.a
LOAD c:/program files (x86)/atollic/truestudio for arm lite 5.3.0/armtools/bin/../lib/gcc/arm-atollic-eabi/4.8.3/../../../../arm-atollic-eabi/lib/armv7e-m/fpu\libm.a
END GROUP
                0x00001000                malloc_getpagesize_P = 0x1000
START GROUP
LOAD c:/program files (x86)/atollic/truestudio for arm lite 5.3.0/armtools/bin/../lib/gcc/arm-atollic-eabi/4.8.3/armv7e-m/fpu\libgcc.a
LOAD c:/program files (x86)/atollic/truestudio for arm lite 5.3.0/armtools/bin/../lib/gcc/arm-atollic-eabi/4.8.3/../../../../arm-atollic-eabi/lib/armv7e-m/fpu\libc.a
END GROUP
LOAD c:/program files (x86)/atollic/truestudio for arm lite 5.3.0/armtools/bin/../lib/gcc/arm-atollic-eabi/4.8.3/armv7e-m/fpu/crtend.o
LOAD c:/program files (x86)/atollic/truestudio for arm lite 5.3.0/armtools/bin/../lib/gcc/arm-atollic-eabi/4.8.3/armv7e-m/fpu/crtn.o
                0x20010000                _estack = 0x20010000
                0x00000000                _Min_Heap_Size = 0x0
                0x00000200                _Min_Stack_Size = 0x200

.isr_vector     0x08000000      0x194
                0x08000000                . = ALIGN (0x4)
 *(.isr_vector)
 .isr_vector    0x08000000      0x194 src\startup_stm32f303xe.o
                0x08000000                g_pfnVectors
                0x08000194                . = ALIGN (0x4)

.text           0x08000198     0x2c70
                0x08000198                . = ALIGN (0x4)
 *(.text)
 .text          0x08000198       0x40 c:/program files (x86)/atollic/truestudio for arm lite 5.3.0/armtools/bin/../lib/gcc/arm-atollic-eabi/4.8.3/armv7e-m/fpu/crtbegin.o
 .text          0x080001d8      0x370 c:/program files (x86)/atollic/truestudio for arm lite 5.3.0/armtools/bin/../lib/gcc/arm-atollic-eabi/4.8.3/armv7e-m/fpu\libgcc.a(_arm_addsubdf3.o)
                0x080001d8                __aeabi_drsub
                0x080001e0                __aeabi_dsub
                0x080001e0                __subdf3
                0x080001e4                __aeabi_dadd
                0x080001e4                __adddf3
                0x0800045c                __floatunsidf
                0x0800045c                __aeabi_ui2d
                0x0800047c                __floatsidf
                0x0800047c                __aeabi_i2d
                0x080004a0                __aeabi_f2d
                0x080004a0                __extendsfdf2
                0x080004dc                __floatundidf
                0x080004dc                __aeabi_ul2d
                0x080004ec                __floatdidf
                0x080004ec                __aeabi_l2d
 .text          0x08000548      0x424 c:/program files (x86)/atollic/truestudio for arm lite 5.3.0/armtools/bin/../lib/gcc/arm-atollic-eabi/4.8.3/armv7e-m/fpu\libgcc.a(_arm_muldivdf3.o)
                0x08000548                __aeabi_dmul
                0x08000548                __muldf3
                0x0800079c                __divdf3
                0x0800079c                __aeabi_ddiv
 .text          0x0800096c       0xa0 c:/program files (x86)/atollic/truestudio for arm lite 5.3.0/armtools/bin/../lib/gcc/arm-atollic-eabi/4.8.3/armv7e-m/fpu\libgcc.a(_arm_truncdfsf2.o)
                0x0800096c                __truncdfsf2
                0x0800096c                __aeabi_d2f
 *(.text*)
 .text.SystemInit
                0x08000a0c       0x90 src\system_stm32f30x.o
                0x08000a0c                SystemInit
 .text.SetSysClock
                0x08000a9c       0xe0 src\system_stm32f30x.o
 .text.Reset_Handler
                0x08000b7c       0x5c src\startup_stm32f303xe.o
                0x08000b7c                Reset_Handler
 .text.Default_Handler
                0x08000bd8        0x4 src\startup_stm32f303xe.o
                0x08000bd8                RTC_Alarm_IRQHandler
                0x08000bd8                TIM8_TRG_COM_IRQHandler
                0x08000bd8                TIM8_CC_IRQHandler
                0x08000bd8                DebugMon_Handler
                0x08000bd8                SPI4_IRQHandler
                0x08000bd8                TIM1_CC_IRQHandler
                0x08000bd8                HardFault_Handler
                0x08000bd8                USB_HP_IRQHandler
                0x08000bd8                PVD_IRQHandler
                0x08000bd8                TAMP_STAMP_IRQHandler
                0x08000bd8                PendSV_Handler
                0x08000bd8                NMI_Handler
                0x08000bd8                EXTI3_IRQHandler
                0x08000bd8                I2C3_ER_IRQHandler
                0x08000bd8                USB_HP_CAN_TX_IRQHandler
                0x08000bd8                EXTI0_IRQHandler
                0x08000bd8                I2C2_EV_IRQHandler
                0x08000bd8                FPU_IRQHandler
                0x08000bd8                TIM1_UP_TIM16_IRQHandler
                0x08000bd8                UsageFault_Handler
                0x08000bd8                ADC1_2_IRQHandler
                0x08000bd8                SPI1_IRQHandler
                0x08000bd8                CAN_SCE_IRQHandler
                0x08000bd8                TIM6_DAC_IRQHandler
                0x08000bd8                TIM8_UP_IRQHandler
                0x08000bd8                DMA2_Channel2_IRQHandler
                0x08000bd8                DMA1_Channel4_IRQHandler
                0x08000bd8                TIM20_TRG_COM_IRQHandler
                0x08000bd8                DMA1_Channel7_IRQHandler
                0x08000bd8                UART5_IRQHandler
                0x08000bd8                ADC3_IRQHandler
                0x08000bd8                TIM4_IRQHandler
                0x08000bd8                CAN_RX1_IRQHandler
                0x08000bd8                DMA2_Channel1_IRQHandler
                0x08000bd8                I2C1_EV_IRQHandler
                0x08000bd8                DMA1_Channel6_IRQHandler
                0x08000bd8                UART4_IRQHandler
                0x08000bd8                DMA2_Channel4_IRQHandler
                0x08000bd8                TIM3_IRQHandler
                0x08000bd8                RCC_IRQHandler
                0x08000bd8                TIM20_UP_IRQHandler
                0x08000bd8                DMA1_Channel1_IRQHandler
                0x08000bd8                Default_Handler
                0x08000bd8                USBWakeUp_RMP_IRQHandler
                0x08000bd8                EXTI15_10_IRQHandler
                0x08000bd8                TIM7_IRQHandler
                0x08000bd8                I2C3_EV_IRQHandler
                0x08000bd8                EXTI9_5_IRQHandler
                0x08000bd8                RTC_WKUP_IRQHandler
                0x08000bd8                SPI2_IRQHandler
                0x08000bd8                USB_LP_CAN_RX0_IRQHandler
                0x08000bd8                MemManage_Handler
                0x08000bd8                SVC_Handler
                0x08000bd8                DMA2_Channel5_IRQHandler
                0x08000bd8                DMA1_Channel5_IRQHandler
                0x08000bd8                USB_LP_IRQHandler
                0x08000bd8                EXTI4_IRQHandler
                0x08000bd8                TIM1_TRG_COM_TIM17_IRQHandler
                0x08000bd8                DMA1_Channel3_IRQHandler
                0x08000bd8                ADC4_IRQHandler
                0x08000bd8                WWDG_IRQHandler
                0x08000bd8                TIM2_IRQHandler
                0x08000bd8                COMP7_IRQHandler
                0x08000bd8                COMP1_2_3_IRQHandler
                0x08000bd8                EXTI1_IRQHandler
                0x08000bd8                COMP4_5_6_IRQHandler
                0x08000bd8                TIM20_BRK_IRQHandler
                0x08000bd8                I2C2_ER_IRQHandler
                0x08000bd8                DMA1_Channel2_IRQHandler
                0x08000bd8                TIM8_BRK_IRQHandler
                0x08000bd8                FLASH_IRQHandler
                0x08000bd8                TIM20_CC_IRQHandler
                0x08000bd8                BusFault_Handler
                0x08000bd8                SPI3_IRQHandler
                0x08000bd8                I2C1_ER_IRQHandler
                0x08000bd8                FMC_IRQHandler
                0x08000bd8                USBWakeUp_IRQHandler
                0x08000bd8                DMA2_Channel3_IRQHandler
                0x08000bd8                EXTI2_TSC_IRQHandler
                0x08000bd8                TIM1_BRK_TIM15_IRQHandler
 .text.main     0x08000bdc       0x38 src\main.o
                0x08000bdc                main
 .text.InitializeUSART
                0x08000c14       0xb4 HAL\USART.o
                0x08000c14                InitializeUSART
 .text.USARTInterrupt
                0x08000cc8       0x14 HAL\USART.o
                0x08000cc8                USARTInterrupt
 .text.USART1_IRQHandler
                0x08000cdc       0x10 HAL\USART.o
                0x08000cdc                USART1_IRQHandler
 .text.USART2_IRQHandler
                0x08000cec       0x10 HAL\USART.o
                0x08000cec                USART2_IRQHandler
 .text.USART3_IRQHandler
                0x08000cfc       0x10 HAL\USART.o
                0x08000cfc                USART3_IRQHandler
 .text.InitializeTimers
                0x08000d0c       0xa4 HAL\Timers.o
                0x08000d0c                InitializeTimers
 .text.NVIC_SetPriority
                0x08000db0       0x54 HAL\SysTick.o
 .text.SysTick_Config
                0x08000e04       0x44 HAL\SysTick.o
 .text.InitializeSysTick
                0x08000e48       0x18 HAL\SysTick.o
                0x08000e48                InitializeSysTick
 .text.SysTick_Handler
                0x08000e60       0xe8 HAL\SysTick.o
                0x08000e60                SysTick_Handler
 .text.priv_InitializeMPU
                0x08000f48       0x24 HAL\RCC.o
                0x08000f48                priv_InitializeMPU
 .text.priv_InitializeLedNucleo
                0x08000f6c       0x10 HAL\RCC.o
                0x08000f6c                priv_InitializeLedNucleo
 .text.priv_InitializeLed14
                0x08000f7c       0x1c HAL\RCC.o
                0x08000f7c                priv_InitializeLed14
 .text.priv_InitializeLedEye
                0x08000f98       0x10 HAL\RCC.o
                0x08000f98                priv_InitializeLedEye
 .text.priv_InitializeBt
                0x08000fa8       0x1c HAL\RCC.o
                0x08000fa8                priv_InitializeBt
 .text.priv_InitializeWifi
                0x08000fc4       0x1c HAL\RCC.o
                0x08000fc4                priv_InitializeWifi
 .text.priv_InitializePi
                0x08000fe0       0x1c HAL\RCC.o
                0x08000fe0                priv_InitializePi
 .text.InitializeRCC
                0x08000ffc       0x68 HAL\RCC.o
                0x08000ffc                InitializeRCC
 .text.InitializeI2C
                0x08001064       0x48 HAL\I2C.o
                0x08001064                InitializeI2C
 .text.priv_InitializeLed14
                0x080010ac       0x5c HAL\GPIO.o
 .text.priv_InitializeLedEye
                0x08001108       0x28 HAL\GPIO.o
 .text.priv_InitializeLedNucleo
                0x08001130       0x24 HAL\GPIO.o
 .text.priv_InitializeBt
                0x08001154       0x54 HAL\GPIO.o
 .text.priv_InitializeWifi
                0x080011a8        0xc HAL\GPIO.o
 .text.priv_InitializePi
                0x080011b4        0xc HAL\GPIO.o
 .text.priv_InitializeMpu
                0x080011c0       0x58 HAL\GPIO.o
 .text.InitializeGPIO
                0x08001218       0x68 HAL\GPIO.o
                0x08001218                InitializeGPIO
 .text.USART_Init
                0x08001280      0x174 Framework\src\stm32f30x_usart.o
                0x08001280                USART_Init
 .text.USART_StructInit
                0x080013f4       0x38 Framework\src\stm32f30x_usart.o
                0x080013f4                USART_StructInit
 .text.USART_Cmd
                0x0800142c       0x38 Framework\src\stm32f30x_usart.o
                0x0800142c                USART_Cmd
 .text.USART_SendData
                0x08001464       0x24 Framework\src\stm32f30x_usart.o
                0x08001464                USART_SendData
 .text.USART_ITConfig
                0x08001488       0x84 Framework\src\stm32f30x_usart.o
                0x08001488                USART_ITConfig
 .text.USART_GetFlagStatus
                0x0800150c       0x34 Framework\src\stm32f30x_usart.o
                0x0800150c                USART_GetFlagStatus
 .text.TIM_TimeBaseInit
                0x08001540      0x100 Framework\src\stm32f30x_tim.o
                0x08001540                TIM_TimeBaseInit
 .text.TIM_Cmd  0x08001640       0x40 Framework\src\stm32f30x_tim.o
                0x08001640                TIM_Cmd
 .text.TIM_OC2Init
                0x08001680      0x100 Framework\src\stm32f30x_tim.o
                0x08001680                TIM_OC2Init
 .text.TIM_OC2PreloadConfig
                0x08001780       0x38 Framework\src\stm32f30x_tim.o
                0x08001780                TIM_OC2PreloadConfig
 .text.RCC_HSICmd
                0x080017b8       0x20 Framework\src\stm32f30x_rcc.o
                0x080017b8                RCC_HSICmd
 .text.RCC_PLLConfig
                0x080017d8       0x34 Framework\src\stm32f30x_rcc.o
                0x080017d8                RCC_PLLConfig
 .text.RCC_PLLCmd
                0x0800180c       0x20 Framework\src\stm32f30x_rcc.o
                0x0800180c                RCC_PLLCmd
 .text.RCC_SYSCLKConfig
                0x0800182c       0x38 Framework\src\stm32f30x_rcc.o
                0x0800182c                RCC_SYSCLKConfig
 .text.RCC_HCLKConfig
                0x08001864       0x38 Framework\src\stm32f30x_rcc.o
                0x08001864                RCC_HCLKConfig
 .text.RCC_PCLK1Config
                0x0800189c       0x38 Framework\src\stm32f30x_rcc.o
                0x0800189c                RCC_PCLK1Config
 .text.RCC_PCLK2Config
                0x080018d4       0x38 Framework\src\stm32f30x_rcc.o
                0x080018d4                RCC_PCLK2Config
 .text.RCC_GetClocksFreq
                0x0800190c      0x5b0 Framework\src\stm32f30x_rcc.o
                0x0800190c                RCC_GetClocksFreq
 .text.RCC_AHBPeriphClockCmd
                0x08001ebc       0x3c Framework\src\stm32f30x_rcc.o
                0x08001ebc                RCC_AHBPeriphClockCmd
 .text.RCC_APB2PeriphClockCmd
                0x08001ef8       0x3c Framework\src\stm32f30x_rcc.o
                0x08001ef8                RCC_APB2PeriphClockCmd
 .text.RCC_APB1PeriphClockCmd
                0x08001f34       0x3c Framework\src\stm32f30x_rcc.o
                0x08001f34                RCC_APB1PeriphClockCmd
 .text.SysTick_CLKSourceConfig
                0x08001f70       0x38 Framework\src\stm32f30x_misc.o
                0x08001f70                SysTick_CLKSourceConfig
 .text.I2C_Init
                0x08001fa8       0xc8 Framework\src\stm32f30x_i2c.o
                0x08001fa8                I2C_Init
 .text.I2C_Cmd  0x08002070       0x38 Framework\src\stm32f30x_i2c.o
                0x08002070                I2C_Cmd
 .text.I2C_SlaveAddressConfig
                0x080020a8       0x40 Framework\src\stm32f30x_i2c.o
                0x080020a8                I2C_SlaveAddressConfig
 .text.I2C_TransferHandling
                0x080020e8       0x58 Framework\src\stm32f30x_i2c.o
                0x080020e8                I2C_TransferHandling
 .text.I2C_SendData
                0x08002140       0x1c Framework\src\stm32f30x_i2c.o
                0x08002140                I2C_SendData
 .text.I2C_ReceiveData
                0x0800215c       0x1c Framework\src\stm32f30x_i2c.o
                0x0800215c                I2C_ReceiveData
 .text.I2C_GetFlagStatus
                0x08002178       0x40 Framework\src\stm32f30x_i2c.o
                0x08002178                I2C_GetFlagStatus
 .text.I2C_ClearFlag
                0x080021b8       0x1c Framework\src\stm32f30x_i2c.o
                0x080021b8                I2C_ClearFlag
 .text.GPIO_Init
                0x080021d4      0x130 Framework\src\stm32f30x_gpio.o
                0x080021d4                GPIO_Init
 .text.GPIO_ReadOutputDataBit
                0x08002304       0x38 Framework\src\stm32f30x_gpio.o
                0x08002304                GPIO_ReadOutputDataBit
 .text.GPIO_SetBits
                0x0800233c       0x1c Framework\src\stm32f30x_gpio.o
                0x0800233c                GPIO_SetBits
 .text.GPIO_ResetBits
                0x08002358       0x1c Framework\src\stm32f30x_gpio.o
                0x08002358                GPIO_ResetBits
 .text.GPIO_PinAFConfig
                0x08002374       0x8c Framework\src\stm32f30x_gpio.o
                0x08002374                GPIO_PinAFConfig
 .text.MPU6050_Initialization
                0x08002400       0x4c Drivers\MPU\_LibMPU6050.o
                0x08002400                MPU6050_Initialization
 .text.MPU6050_Gyro_Set_Range
                0x0800244c       0x44 Drivers\MPU\_LibMPU6050.o
                0x0800244c                MPU6050_Gyro_Set_Range
 .text.MPU6050_Accel_Set_Range
                0x08002490       0x44 Drivers\MPU\_LibMPU6050.o
                0x08002490                MPU6050_Accel_Set_Range
 .text.MPU6050_Set_Clock
                0x080024d4       0x30 Drivers\MPU\_LibMPU6050.o
                0x080024d4                MPU6050_Set_Clock
 .text.MPU6050_Get_GyroX_Data_Raw
                0x08002504       0x4c Drivers\MPU\_LibMPU6050.o
                0x08002504                MPU6050_Get_GyroX_Data_Raw
 .text.MPU6050_Get_GyroAngleX_Data_Raw
                0x08002550       0x68 Drivers\MPU\_LibMPU6050.o
                0x08002550                MPU6050_Get_GyroAngleX_Data_Raw
 .text.MPU6050_Get_AccelYZ_Data_Raw
                0x080025b8       0x84 Drivers\MPU\_LibMPU6050.o
                0x080025b8                MPU6050_Get_AccelYZ_Data_Raw
 *fill*         0x0800263c        0x4 
 .text.MPU6050_Get_AccAngleYZ_Data_Raw
                0x08002640      0x148 Drivers\MPU\_LibMPU6050.o
                0x08002640                MPU6050_Get_AccAngleYZ_Data_Raw
 .text.MPU6050_Read
                0x08002788      0x16c Drivers\MPU\_LibMPU6050.o
                0x08002788                MPU6050_Read
 .text.MPU6050_Write
                0x080028f4      0x144 Drivers\MPU\_LibMPU6050.o
                0x080028f4                MPU6050_Write
 .text.InitializeMPU
                0x08002a38       0x28 Drivers\MPU\MPU.o
                0x08002a38                InitializeMPU
 .text.InitializeLedNucleo
                0x08002a60       0x14 Drivers\LEDs\LED.o
                0x08002a60                InitializeLedNucleo
 .text.InitializeClock
                0x08002a74       0x48 Drivers\Clock\clock.o
                0x08002a74                InitializeClock
 .text.InitializeBT
                0x08002abc       0x1c Drivers\BT\BT.o
                0x08002abc                InitializeBT
 .text.BT_Send16
                0x08002ad8       0x50 Drivers\BT\BT.o
                0x08002ad8                BT_Send16
 .text.BT_Send32
                0x08002b28       0x94 Drivers\BT\BT.o
                0x08002b28                BT_Send32
 .text.BT_SendMeasuredData
                0x08002bbc       0x28 Drivers\BT\BT.o
                0x08002bbc                BT_SendMeasuredData
 .text.__libc_init_array
                0x08002be4       0x4c c:/program files (x86)/atollic/truestudio for arm lite 5.3.0/armtools/bin/../lib/gcc/arm-atollic-eabi/4.8.3/../../../../arm-atollic-eabi/lib/armv7e-m/fpu\libc_s.a(lib_a-init.o)
                0x08002be4                __libc_init_array
 .text.atanf    0x08002c30      0x1b0 c:/program files (x86)/atollic/truestudio for arm lite 5.3.0/armtools/bin/../lib/gcc/arm-atollic-eabi/4.8.3/../../../../arm-atollic-eabi/lib/armv7e-m/fpu\libm.a(lib_a-sf_atan.o)
                0x08002c30                atanf
 .text.fabsf    0x08002de0        0xe c:/program files (x86)/atollic/truestudio for arm lite 5.3.0/armtools/bin/../lib/gcc/arm-atollic-eabi/4.8.3/../../../../arm-atollic-eabi/lib/armv7e-m/fpu\libm.a(lib_a-sf_fabs.o)
                0x08002de0                fabsf
 *(.glue_7)
 .glue_7        0x00000000        0x0 linker stubs
 *(.glue_7t)
 .glue_7t       0x00000000        0x0 linker stubs
 *(.eh_frame)
 *fill*         0x08002dee        0x2 
 .eh_frame      0x08002df0        0x0 c:/program files (x86)/atollic/truestudio for arm lite 5.3.0/armtools/bin/../lib/gcc/arm-atollic-eabi/4.8.3/armv7e-m/fpu/crtbegin.o
 *(.init)
 .init          0x08002df0        0x4 c:/program files (x86)/atollic/truestudio for arm lite 5.3.0/armtools/bin/../lib/gcc/arm-atollic-eabi/4.8.3/armv7e-m/fpu/crti.o
                0x08002df0                _init
 .init          0x08002df4        0x8 c:/program files (x86)/atollic/truestudio for arm lite 5.3.0/armtools/bin/../lib/gcc/arm-atollic-eabi/4.8.3/armv7e-m/fpu/crtn.o
 *(.fini)
 .fini          0x08002dfc        0x4 c:/program files (x86)/atollic/truestudio for arm lite 5.3.0/armtools/bin/../lib/gcc/arm-atollic-eabi/4.8.3/armv7e-m/fpu/crti.o
                0x08002dfc                _fini
 .fini          0x08002e00        0x8 c:/program files (x86)/atollic/truestudio for arm lite 5.3.0/armtools/bin/../lib/gcc/arm-atollic-eabi/4.8.3/armv7e-m/fpu/crtn.o
                0x08002e08                . = ALIGN (0x4)
                0x08002e08                _etext = .

.vfp11_veneer   0x08002e08        0x0
 .vfp11_veneer  0x00000000        0x0 linker stubs

.v4_bx          0x08002e08        0x0
 .v4_bx         0x00000000        0x0 linker stubs

.iplt           0x08002e08        0x0
 .iplt          0x00000000        0x0 c:/program files (x86)/atollic/truestudio for arm lite 5.3.0/armtools/bin/../lib/gcc/arm-atollic-eabi/4.8.3/armv7e-m/fpu/crtbegin.o

.rodata         0x08002e08       0x20
                0x08002e08                . = ALIGN (0x4)
 *(.rodata)
 *(.rodata*)
 .rodata.atanlo
                0x08002e08       0x10 c:/program files (x86)/atollic/truestudio for arm lite 5.3.0/armtools/bin/../lib/gcc/arm-atollic-eabi/4.8.3/../../../../arm-atollic-eabi/lib/armv7e-m/fpu\libm.a(lib_a-sf_atan.o)
 .rodata.atanhi
                0x08002e18       0x10 c:/program files (x86)/atollic/truestudio for arm lite 5.3.0/armtools/bin/../lib/gcc/arm-atollic-eabi/4.8.3/../../../../arm-atollic-eabi/lib/armv7e-m/fpu\libm.a(lib_a-sf_atan.o)
                0x08002e28                . = ALIGN (0x4)

.rel.dyn        0x08002e28        0x0
 .rel.iplt      0x00000000        0x0 c:/program files (x86)/atollic/truestudio for arm lite 5.3.0/armtools/bin/../lib/gcc/arm-atollic-eabi/4.8.3/armv7e-m/fpu/crtbegin.o

.ARM.extab
 *(.ARM.extab* .gnu.linkonce.armextab.*)

.ARM            0x08002e28        0x0
                0x08002e28                __exidx_start = .
 *(.ARM.exidx*)
                0x08002e28                __exidx_end = .

.preinit_array  0x08002e28        0x0
                0x08002e28                PROVIDE (__preinit_array_start, .)
 *(.preinit_array*)
                0x08002e28                PROVIDE (__preinit_array_end, .)

.init_array     0x08002e28        0x4
                0x08002e28                PROVIDE (__init_array_start, .)
 *(SORT(.init_array.*))
 *(.init_array*)
 .init_array    0x08002e28        0x4 c:/program files (x86)/atollic/truestudio for arm lite 5.3.0/armtools/bin/../lib/gcc/arm-atollic-eabi/4.8.3/armv7e-m/fpu/crtbegin.o
                0x08002e2c                PROVIDE (__init_array_end, .)

.fini_array     0x08002e2c        0x4
                0x08002e2c                PROVIDE (__fini_array_start, .)
 *(SORT(.fini_array.*))
 *(.fini_array*)
 .fini_array    0x08002e2c        0x4 c:/program files (x86)/atollic/truestudio for arm lite 5.3.0/armtools/bin/../lib/gcc/arm-atollic-eabi/4.8.3/armv7e-m/fpu/crtbegin.o
                0x08002e30                PROVIDE (__fini_array_end, .)
                0x08002e30                _sidata = LOADADDR (.data)

.data           0x20000000       0x38 load address 0x08002e30
                0x20000000                . = ALIGN (0x4)
                0x20000000                _sdata = .
 *(.data)
 *(.data*)
 .data.Counter.7414
                0x20000000        0x2 HAL\SysTick.o
 .data.Period.7415
                0x20000002        0x1 HAL\SysTick.o
 *fill*         0x20000003        0x1 
 .data.APBAHBPrescTable
                0x20000004       0x10 Framework\src\stm32f30x_rcc.o
 .data.ADCPrescTable
                0x20000014       0x20 Framework\src\stm32f30x_rcc.o
 .data.MPU6050_Timeout
                0x20000034        0x4 Drivers\MPU\_LibMPU6050.o
                0x20000034                MPU6050_Timeout
                0x20000038                . = ALIGN (0x4)
                0x20000038                _edata = .
                0x08002e68                _siccmram = LOADADDR (.ccmram)

.igot.plt       0x20000038        0x0 load address 0x08002e68
 .igot.plt      0x00000000        0x0 c:/program files (x86)/atollic/truestudio for arm lite 5.3.0/armtools/bin/../lib/gcc/arm-atollic-eabi/4.8.3/armv7e-m/fpu/crtbegin.o

.ccmram         0x10000000        0x0 load address 0x08002e68
                0x10000000                . = ALIGN (0x4)
                0x10000000                _sccmram = .
 *(.ccmram)
 *(.ccmram*)
                0x10000000                . = ALIGN (0x4)
                0x10000000                _eccmram = .
                0x10000000                . = ALIGN (0x4)

.bss            0x20000038       0x44
                0x20000038                _sbss = .
                0x20000038                __bss_start__ = _sbss
 *(.bss)
 .bss           0x20000038       0x1c c:/program files (x86)/atollic/truestudio for arm lite 5.3.0/armtools/bin/../lib/gcc/arm-atollic-eabi/4.8.3/armv7e-m/fpu/crtbegin.o
 *(.bss*)
 .bss.tempAngle.8223
                0x20000054        0x4 Drivers\MPU\_LibMPU6050.o
 *(COMMON)
 COMMON         0x20000058       0x19 src\main.o
                0x20000058                MpuMeasuredData
                0x20000070                err
 *fill*         0x20000071        0x3 
 COMMON         0x20000074        0x8 Drivers\MPU\_LibMPU6050.o
                0x20000074                dataStruct
                0x2000007c                . = ALIGN (0x4)
                0x2000007c                _ebss = .
                0x2000007c                __bss_end__ = _ebss

._user_heap_stack
                0x2000007c      0x200
                0x2000007c                . = ALIGN (0x4)
                0x2000007c                PROVIDE (end, .)
                0x2000007c                PROVIDE (_end, .)
                0x2000007c                . = (. + _Min_Heap_Size)
                0x2000027c                . = (. + _Min_Stack_Size)
 *fill*         0x2000007c      0x200 
                0x2000027c                . = ALIGN (0x4)

.memory_b1_text
 *(.mb1text)
 *(.mb1text*)
 *(.mb1rodata)
 *(.mb1rodata*)

/DISCARD/
 libc.a(*)
 libm.a(*)
 libgcc.a(*)

.ARM.attributes
                0x00000000       0x30
 *(.ARM.attributes)
 .ARM.attributes
                0x00000000       0x22 c:/program files (x86)/atollic/truestudio for arm lite 5.3.0/armtools/bin/../lib/gcc/arm-atollic-eabi/4.8.3/armv7e-m/fpu/crti.o
 .ARM.attributes
                0x00000022       0x34 c:/program files (x86)/atollic/truestudio for arm lite 5.3.0/armtools/bin/../lib/gcc/arm-atollic-eabi/4.8.3/armv7e-m/fpu/crtbegin.o
 .ARM.attributes
                0x00000056       0x39 src\system_stm32f30x.o
 .ARM.attributes
                0x0000008f       0x21 src\startup_stm32f303xe.o
 .ARM.attributes
                0x000000b0       0x39 src\main.o
 .ARM.attributes
                0x000000e9       0x39 HAL\USART.o
 .ARM.attributes
                0x00000122       0x39 HAL\Timers.o
 .ARM.attributes
                0x0000015b       0x39 HAL\SysTick.o
 .ARM.attributes
                0x00000194       0x39 HAL\RCC.o
 .ARM.attributes
                0x000001cd       0x39 HAL\I2C.o
 .ARM.attributes
                0x00000206       0x39 HAL\GPIO.o
 .ARM.attributes
                0x0000023f       0x39 Framework\src\stm32f30x_usart.o
 .ARM.attributes
                0x00000278       0x39 Framework\src\stm32f30x_tim.o
 .ARM.attributes
                0x000002b1       0x39 Framework\src\stm32f30x_rcc.o
 .ARM.attributes
                0x000002ea       0x39 Framework\src\stm32f30x_misc.o
 .ARM.attributes
                0x00000323       0x39 Framework\src\stm32f30x_i2c.o
 .ARM.attributes
                0x0000035c       0x39 Framework\src\stm32f30x_gpio.o
 .ARM.attributes
                0x00000395       0x39 Drivers\MPU\_LibMPU6050.o
 .ARM.attributes
                0x000003ce       0x39 Drivers\MPU\MPU.o
 .ARM.attributes
                0x00000407       0x39 Drivers\LEDs\LED.o
 .ARM.attributes
                0x00000440       0x39 Drivers\Clock\clock.o
 .ARM.attributes
                0x00000479       0x39 Drivers\BT\BT.o
 .ARM.attributes
                0x000004b2       0x34 c:/program files (x86)/atollic/truestudio for arm lite 5.3.0/armtools/bin/../lib/gcc/arm-atollic-eabi/4.8.3/../../../../arm-atollic-eabi/lib/armv7e-m/fpu\libc_s.a(lib_a-init.o)
 .ARM.attributes
                0x000004e6       0x34 c:/program files (x86)/atollic/truestudio for arm lite 5.3.0/armtools/bin/../lib/gcc/arm-atollic-eabi/4.8.3/../../../../arm-atollic-eabi/lib/armv7e-m/fpu\libm.a(lib_a-sf_atan.o)
 .ARM.attributes
                0x0000051a       0x34 c:/program files (x86)/atollic/truestudio for arm lite 5.3.0/armtools/bin/../lib/gcc/arm-atollic-eabi/4.8.3/../../../../arm-atollic-eabi/lib/armv7e-m/fpu\libm.a(lib_a-sf_fabs.o)
 .ARM.attributes
                0x0000054e       0x22 c:/program files (x86)/atollic/truestudio for arm lite 5.3.0/armtools/bin/../lib/gcc/arm-atollic-eabi/4.8.3/armv7e-m/fpu\libgcc.a(_arm_addsubdf3.o)
 .ARM.attributes
                0x00000570       0x22 c:/program files (x86)/atollic/truestudio for arm lite 5.3.0/armtools/bin/../lib/gcc/arm-atollic-eabi/4.8.3/armv7e-m/fpu\libgcc.a(_arm_muldivdf3.o)
 .ARM.attributes
                0x00000592       0x22 c:/program files (x86)/atollic/truestudio for arm lite 5.3.0/armtools/bin/../lib/gcc/arm-atollic-eabi/4.8.3/armv7e-m/fpu\libgcc.a(_arm_truncdfsf2.o)
 .ARM.attributes
                0x000005b4       0x22 c:/program files (x86)/atollic/truestudio for arm lite 5.3.0/armtools/bin/../lib/gcc/arm-atollic-eabi/4.8.3/armv7e-m/fpu/crtn.o
OUTPUT(BalanSyner.elf elf32-littlearm)

.debug_info     0x00000000     0x8496
 .debug_info    0x00000000      0x49c src\system_stm32f30x.o
 .debug_info    0x0000049c       0x88 src\startup_stm32f303xe.o
 .debug_info    0x00000524      0x182 src\main.o
 .debug_info    0x000006a6      0x2b7 HAL\USART.o
 .debug_info    0x0000095d      0x629 HAL\Timers.o
 .debug_info    0x00000f86      0x855 HAL\SysTick.o
 .debug_info    0x000017db      0x1aa HAL\RCC.o
 .debug_info    0x00001985      0x1fc HAL\I2C.o
 .debug_info    0x00001b81      0x3dc HAL\GPIO.o
 .debug_info    0x00001f5d      0xf20 Framework\src\stm32f30x_usart.o
 .debug_info    0x00002e7d     0x2188 Framework\src\stm32f30x_tim.o
 .debug_info    0x00005005      0xb63 Framework\src\stm32f30x_rcc.o
 .debug_info    0x00005b68      0x541 Framework\src\stm32f30x_misc.o
 .debug_info    0x000060a9      0xbe2 Framework\src\stm32f30x_i2c.o
 .debug_info    0x00006c8b      0x610 Framework\src\stm32f30x_gpio.o
 .debug_info    0x0000729b      0x94c Drivers\MPU\_LibMPU6050.o
 .debug_info    0x00007be7      0x178 Drivers\MPU\MPU.o
 .debug_info    0x00007d5f      0x100 Drivers\LEDs\LED.o
 .debug_info    0x00007e5f      0x281 Drivers\Clock\clock.o
 .debug_info    0x000080e0      0x3b6 Drivers\BT\BT.o

.debug_abbrev   0x00000000     0x171e
 .debug_abbrev  0x00000000      0x147 src\system_stm32f30x.o
 .debug_abbrev  0x00000147       0x12 src\startup_stm32f303xe.o
 .debug_abbrev  0x00000159       0xbd src\main.o
 .debug_abbrev  0x00000216      0x12c HAL\USART.o
 .debug_abbrev  0x00000342      0x121 HAL\Timers.o
 .debug_abbrev  0x00000463      0x1b7 HAL\SysTick.o
 .debug_abbrev  0x0000061a       0xb1 HAL\RCC.o
 .debug_abbrev  0x000006cb       0xe0 HAL\I2C.o
 .debug_abbrev  0x000007ab      0x12d HAL\GPIO.o
 .debug_abbrev  0x000008d8      0x157 Framework\src\stm32f30x_usart.o
 .debug_abbrev  0x00000a2f      0x189 Framework\src\stm32f30x_tim.o
 .debug_abbrev  0x00000bb8      0x1e5 Framework\src\stm32f30x_rcc.o
 .debug_abbrev  0x00000d9d      0x147 Framework\src\stm32f30x_misc.o
 .debug_abbrev  0x00000ee4      0x180 Framework\src\stm32f30x_i2c.o
 .debug_abbrev  0x00001064      0x1a5 Framework\src\stm32f30x_gpio.o
 .debug_abbrev  0x00001209      0x1be Drivers\MPU\_LibMPU6050.o
 .debug_abbrev  0x000013c7       0xb7 Drivers\MPU\MPU.o
 .debug_abbrev  0x0000147e       0x7b Drivers\LEDs\LED.o
 .debug_abbrev  0x000014f9       0xcc Drivers\Clock\clock.o
 .debug_abbrev  0x000015c5      0x159 Drivers\BT\BT.o

.debug_aranges  0x00000000      0xc10
 .debug_aranges
                0x00000000       0x30 src\system_stm32f30x.o
 .debug_aranges
                0x00000030       0x28 src\startup_stm32f303xe.o
 .debug_aranges
                0x00000058       0x20 src\main.o
 .debug_aranges
                0x00000078       0x40 HAL\USART.o
 .debug_aranges
                0x000000b8       0x20 HAL\Timers.o
 .debug_aranges
                0x000000d8       0x38 HAL\SysTick.o
 .debug_aranges
                0x00000110       0x58 HAL\RCC.o
 .debug_aranges
                0x00000168       0x20 HAL\I2C.o
 .debug_aranges
                0x00000188       0x58 HAL\GPIO.o
 .debug_aranges
                0x000001e0      0x1a0 Framework\src\stm32f30x_usart.o
 .debug_aranges
                0x00000380      0x3a8 Framework\src\stm32f30x_tim.o
 .debug_aranges
                0x00000728      0x158 Framework\src\stm32f30x_rcc.o
 .debug_aranges
                0x00000880       0x40 Framework\src\stm32f30x_misc.o
 .debug_aranges
                0x000008c0      0x168 Framework\src\stm32f30x_i2c.o
 .debug_aranges
                0x00000a28       0x80 Framework\src\stm32f30x_gpio.o
 .debug_aranges
                0x00000aa8       0xa8 Drivers\MPU\_LibMPU6050.o
 .debug_aranges
                0x00000b50       0x28 Drivers\MPU\MPU.o
 .debug_aranges
                0x00000b78       0x30 Drivers\LEDs\LED.o
 .debug_aranges
                0x00000ba8       0x20 Drivers\Clock\clock.o
 .debug_aranges
                0x00000bc8       0x48 Drivers\BT\BT.o

.debug_ranges   0x00000000      0xad8
 .debug_ranges  0x00000000       0x20 src\system_stm32f30x.o
 .debug_ranges  0x00000020       0x20 src\startup_stm32f303xe.o
 .debug_ranges  0x00000040       0x10 src\main.o
 .debug_ranges  0x00000050       0x30 HAL\USART.o
 .debug_ranges  0x00000080       0x10 HAL\Timers.o
 .debug_ranges  0x00000090       0x28 HAL\SysTick.o
 .debug_ranges  0x000000b8       0x48 HAL\RCC.o
 .debug_ranges  0x00000100       0x10 HAL\I2C.o
 .debug_ranges  0x00000110       0x48 HAL\GPIO.o
 .debug_ranges  0x00000158      0x190 Framework\src\stm32f30x_usart.o
 .debug_ranges  0x000002e8      0x398 Framework\src\stm32f30x_tim.o
 .debug_ranges  0x00000680      0x148 Framework\src\stm32f30x_rcc.o
 .debug_ranges  0x000007c8       0x30 Framework\src\stm32f30x_misc.o
 .debug_ranges  0x000007f8      0x158 Framework\src\stm32f30x_i2c.o
 .debug_ranges  0x00000950       0x70 Framework\src\stm32f30x_gpio.o
 .debug_ranges  0x000009c0       0x98 Drivers\MPU\_LibMPU6050.o
 .debug_ranges  0x00000a58       0x18 Drivers\MPU\MPU.o
 .debug_ranges  0x00000a70       0x20 Drivers\LEDs\LED.o
 .debug_ranges  0x00000a90       0x10 Drivers\Clock\clock.o
 .debug_ranges  0x00000aa0       0x38 Drivers\BT\BT.o

.debug_line     0x00000000     0x409e
 .debug_line    0x00000000      0x203 src\system_stm32f30x.o
 .debug_line    0x00000203       0x7b src\startup_stm32f303xe.o
 .debug_line    0x0000027e      0x189 src\main.o
 .debug_line    0x00000407      0x244 HAL\USART.o
 .debug_line    0x0000064b      0x24b HAL\Timers.o
 .debug_line    0x00000896      0x22f HAL\SysTick.o
 .debug_line    0x00000ac5      0x239 HAL\RCC.o
 .debug_line    0x00000cfe      0x1f1 HAL\I2C.o
 .debug_line    0x00000eef      0x2b8 HAL\GPIO.o
 .debug_line    0x000011a7      0x61c Framework\src\stm32f30x_usart.o
 .debug_line    0x000017c3      0xc4f Framework\src\stm32f30x_tim.o
 .debug_line    0x00002412      0x61e Framework\src\stm32f30x_rcc.o
 .debug_line    0x00002a30      0x25a Framework\src\stm32f30x_misc.o
 .debug_line    0x00002c8a      0x56f Framework\src\stm32f30x_i2c.o
 .debug_line    0x000031f9      0x32d Framework\src\stm32f30x_gpio.o
 .debug_line    0x00003526      0x418 Drivers\MPU\_LibMPU6050.o
 .debug_line    0x0000393e      0x19a Drivers\MPU\MPU.o
 .debug_line    0x00003ad8      0x19b Drivers\LEDs\LED.o
 .debug_line    0x00003c73      0x19a Drivers\Clock\clock.o
 .debug_line    0x00003e0d      0x291 Drivers\BT\BT.o

.debug_str      0x00000000     0x336e
 .debug_str     0x00000000      0x2f6 src\system_stm32f30x.o
                                0x365 (size before relaxing)
 .debug_str     0x000002f6       0xf6 src\main.o
                                0x2be (size before relaxing)
 .debug_str     0x000003ec      0x142 HAL\USART.o
                                0x317 (size before relaxing)
 .debug_str     0x0000052e      0x332 HAL\Timers.o
                                0x64e (size before relaxing)
 .debug_str     0x00000860      0x544 HAL\SysTick.o
                                0x908 (size before relaxing)
 .debug_str     0x00000da4       0xff HAL\RCC.o
                                0x2e1 (size before relaxing)
 .debug_str     0x00000ea3       0xda HAL\I2C.o
                                0x2aa (size before relaxing)
 .debug_str     0x00000f7d       0x46 HAL\GPIO.o
                                0x494 (size before relaxing)
 .debug_str     0x00000fc3      0x80b Framework\src\stm32f30x_usart.o
                                0xafc (size before relaxing)
 .debug_str     0x000017ce      0xbcb Framework\src\stm32f30x_tim.o
                                0xfde (size before relaxing)
 .debug_str     0x00002399      0x488 Framework\src\stm32f30x_rcc.o
                                0x92d (size before relaxing)
 .debug_str     0x00002821      0x166 Framework\src\stm32f30x_misc.o
                                0x435 (size before relaxing)
 .debug_str     0x00002987      0x3b8 Framework\src\stm32f30x_i2c.o
                                0x6b4 (size before relaxing)
 .debug_str     0x00002d3f      0x155 Framework\src\stm32f30x_gpio.o
                                0x50d (size before relaxing)
 .debug_str     0x00002e94      0x40f Drivers\MPU\_LibMPU6050.o
                                0x6df (size before relaxing)
 .debug_str     0x000032a3       0x23 Drivers\MPU\MPU.o
                                0x2c7 (size before relaxing)
 .debug_str     0x000032c6       0x16 Drivers\LEDs\LED.o
                                0x248 (size before relaxing)
 .debug_str     0x000032dc       0x29 Drivers\Clock\clock.o
                                0x269 (size before relaxing)
 .debug_str     0x00003305       0x69 Drivers\BT\BT.o
                                0x3e8 (size before relaxing)

.comment        0x00000000       0x83
 .comment       0x00000000       0x83 src\system_stm32f30x.o
                                 0x84 (size before relaxing)
 .comment       0x00000000       0x84 src\main.o
 .comment       0x00000000       0x84 HAL\USART.o
 .comment       0x00000000       0x84 HAL\Timers.o
 .comment       0x00000000       0x84 HAL\SysTick.o
 .comment       0x00000000       0x84 HAL\RCC.o
 .comment       0x00000000       0x84 HAL\I2C.o
 .comment       0x00000000       0x84 HAL\GPIO.o
 .comment       0x00000000       0x84 Framework\src\stm32f30x_usart.o
 .comment       0x00000000       0x84 Framework\src\stm32f30x_tim.o
 .comment       0x00000000       0x84 Framework\src\stm32f30x_rcc.o
 .comment       0x00000000       0x84 Framework\src\stm32f30x_misc.o
 .comment       0x00000000       0x84 Framework\src\stm32f30x_i2c.o
 .comment       0x00000000       0x84 Framework\src\stm32f30x_gpio.o
 .comment       0x00000000       0x84 Drivers\MPU\_LibMPU6050.o
 .comment       0x00000000       0x84 Drivers\MPU\MPU.o
 .comment       0x00000000       0x84 Drivers\LEDs\LED.o
 .comment       0x00000000       0x84 Drivers\Clock\clock.o
 .comment       0x00000000       0x84 Drivers\BT\BT.o

.debug_frame    0x00000000     0x25b8
 .debug_frame   0x00000000       0x64 src\system_stm32f30x.o
 .debug_frame   0x00000064       0x2c src\main.o
 .debug_frame   0x00000090       0xa0 HAL\USART.o
 .debug_frame   0x00000130       0x30 HAL\Timers.o
 .debug_frame   0x00000160       0x84 HAL\SysTick.o
 .debug_frame   0x000001e4       0xf4 HAL\RCC.o
 .debug_frame   0x000002d8       0x30 HAL\I2C.o
 .debug_frame   0x00000308      0x100 HAL\GPIO.o
 .debug_frame   0x00000408      0x574 Framework\src\stm32f30x_usart.o
 .debug_frame   0x0000097c      0xca4 Framework\src\stm32f30x_tim.o
 .debug_frame   0x00001620      0x468 Framework\src\stm32f30x_rcc.o
 .debug_frame   0x00001a88       0x9c Framework\src\stm32f30x_misc.o
 .debug_frame   0x00001b24      0x4ac Framework\src\stm32f30x_i2c.o
 .debug_frame   0x00001fd0      0x180 Framework\src\stm32f30x_gpio.o
 .debug_frame   0x00002150      0x24c Drivers\MPU\_LibMPU6050.o
 .debug_frame   0x0000239c       0x4c Drivers\MPU\MPU.o
 .debug_frame   0x000023e8       0x64 Drivers\LEDs\LED.o
 .debug_frame   0x0000244c       0x2c Drivers\Clock\clock.o
 .debug_frame   0x00002478       0xc8 Drivers\BT\BT.o
 .debug_frame   0x00002540       0x2c c:/program files (x86)/atollic/truestudio for arm lite 5.3.0/armtools/bin/../lib/gcc/arm-atollic-eabi/4.8.3/../../../../arm-atollic-eabi/lib/armv7e-m/fpu\libc_s.a(lib_a-init.o)
 .debug_frame   0x0000256c       0x2c c:/program files (x86)/atollic/truestudio for arm lite 5.3.0/armtools/bin/../lib/gcc/arm-atollic-eabi/4.8.3/../../../../arm-atollic-eabi/lib/armv7e-m/fpu\libm.a(lib_a-sf_atan.o)
 .debug_frame   0x00002598       0x20 c:/program files (x86)/atollic/truestudio for arm lite 5.3.0/armtools/bin/../lib/gcc/arm-atollic-eabi/4.8.3/../../../../arm-atollic-eabi/lib/armv7e-m/fpu\libm.a(lib_a-sf_fabs.o)

Cross Reference Table

Symbol                                            File
ADC1_2_IRQHandler                                 src\startup_stm32f303xe.o
ADC3_IRQHandler                                   src\startup_stm32f303xe.o
ADC4_IRQHandler                                   src\startup_stm32f303xe.o
ADC_AnalogWatchdog1SingleChannelConfig            Framework\src\stm32f30x_adc.o
ADC_AnalogWatchdog1ThresholdsConfig               Framework\src\stm32f30x_adc.o
ADC_AnalogWatchdog2SingleChannelConfig            Framework\src\stm32f30x_adc.o
ADC_AnalogWatchdog2ThresholdsConfig               Framework\src\stm32f30x_adc.o
ADC_AnalogWatchdog3SingleChannelConfig            Framework\src\stm32f30x_adc.o
ADC_AnalogWatchdog3ThresholdsConfig               Framework\src\stm32f30x_adc.o
ADC_AnalogWatchdogCmd                             Framework\src\stm32f30x_adc.o
ADC_AutoDelayCmd                                  Framework\src\stm32f30x_adc.o
ADC_AutoInjectedConvCmd                           Framework\src\stm32f30x_adc.o
ADC_ChannelOffset1Cmd                             Framework\src\stm32f30x_adc.o
ADC_ChannelOffset2Cmd                             Framework\src\stm32f30x_adc.o
ADC_ChannelOffset3Cmd                             Framework\src\stm32f30x_adc.o
ADC_ChannelOffset4Cmd                             Framework\src\stm32f30x_adc.o
ADC_ClearCommonFlag                               Framework\src\stm32f30x_adc.o
ADC_ClearFlag                                     Framework\src\stm32f30x_adc.o
ADC_ClearITPendingBit                             Framework\src\stm32f30x_adc.o
ADC_Cmd                                           Framework\src\stm32f30x_adc.o
ADC_CommonInit                                    Framework\src\stm32f30x_adc.o
ADC_CommonStructInit                              Framework\src\stm32f30x_adc.o
ADC_DMACmd                                        Framework\src\stm32f30x_adc.o
ADC_DMAConfig                                     Framework\src\stm32f30x_adc.o
ADC_DeInit                                        Framework\src\stm32f30x_adc.o
ADC_DisableCmd                                    Framework\src\stm32f30x_adc.o
ADC_DiscModeChannelCountConfig                    Framework\src\stm32f30x_adc.o
ADC_DiscModeCmd                                   Framework\src\stm32f30x_adc.o
ADC_ExternalTriggerConfig                         Framework\src\stm32f30x_adc.o
ADC_GetCalibrationStatus                          Framework\src\stm32f30x_adc.o
ADC_GetCalibrationValue                           Framework\src\stm32f30x_adc.o
ADC_GetCommonFlagStatus                           Framework\src\stm32f30x_adc.o
ADC_GetConversionValue                            Framework\src\stm32f30x_adc.o
ADC_GetDisableCmdStatus                           Framework\src\stm32f30x_adc.o
ADC_GetDualModeConversionValue                    Framework\src\stm32f30x_adc.o
ADC_GetFlagStatus                                 Framework\src\stm32f30x_adc.o
ADC_GetITStatus                                   Framework\src\stm32f30x_adc.o
ADC_GetInjectedConversionValue                    Framework\src\stm32f30x_adc.o
ADC_GetStartConversionStatus                      Framework\src\stm32f30x_adc.o
ADC_GetStartInjectedConversionStatus              Framework\src\stm32f30x_adc.o
ADC_ITConfig                                      Framework\src\stm32f30x_adc.o
ADC_Init                                          Framework\src\stm32f30x_adc.o
ADC_InjectedChannelSampleTimeConfig               Framework\src\stm32f30x_adc.o
ADC_InjectedDiscModeCmd                           Framework\src\stm32f30x_adc.o
ADC_InjectedInit                                  Framework\src\stm32f30x_adc.o
ADC_InjectedStructInit                            Framework\src\stm32f30x_adc.o
ADC_RegularChannelConfig                          Framework\src\stm32f30x_adc.o
ADC_RegularChannelSequencerLengthConfig           Framework\src\stm32f30x_adc.o
ADC_SelectCalibrationMode                         Framework\src\stm32f30x_adc.o
ADC_SelectDifferentialMode                        Framework\src\stm32f30x_adc.o
ADC_SelectQueueOfContextMode                      Framework\src\stm32f30x_adc.o
ADC_SetCalibrationValue                           Framework\src\stm32f30x_adc.o
ADC_SetChannelOffset1                             Framework\src\stm32f30x_adc.o
ADC_SetChannelOffset2                             Framework\src\stm32f30x_adc.o
ADC_SetChannelOffset3                             Framework\src\stm32f30x_adc.o
ADC_SetChannelOffset4                             Framework\src\stm32f30x_adc.o
ADC_StartCalibration                              Framework\src\stm32f30x_adc.o
ADC_StartConversion                               Framework\src\stm32f30x_adc.o
ADC_StartInjectedConversion                       Framework\src\stm32f30x_adc.o
ADC_StopConversion                                Framework\src\stm32f30x_adc.o
ADC_StopInjectedConversion                        Framework\src\stm32f30x_adc.o
ADC_StructInit                                    Framework\src\stm32f30x_adc.o
ADC_TempSensorCmd                                 Framework\src\stm32f30x_adc.o
ADC_VbatCmd                                       Framework\src\stm32f30x_adc.o
ADC_VoltageRegulatorCmd                           Framework\src\stm32f30x_adc.o
ADC_VrefintCmd                                    Framework\src\stm32f30x_adc.o
AHBPrescTable                                     src\system_stm32f30x.o
BT_Send                                           Drivers\BT\BT.o
BT_Send16                                         Drivers\BT\BT.o
BT_Send32                                         Drivers\BT\BT.o
BT_SendF32                                        Drivers\BT\BT.o
BT_SendMeasuredData                               Drivers\BT\BT.o
                                                  HAL\SysTick.o
BusFault_Handler                                  src\startup_stm32f303xe.o
CAN_CancelTransmit                                Framework\src\stm32f30x_can.o
CAN_ClearFlag                                     Framework\src\stm32f30x_can.o
CAN_ClearITPendingBit                             Framework\src\stm32f30x_can.o
CAN_DBGFreeze                                     Framework\src\stm32f30x_can.o
CAN_DeInit                                        Framework\src\stm32f30x_can.o
CAN_FIFORelease                                   Framework\src\stm32f30x_can.o
CAN_FilterInit                                    Framework\src\stm32f30x_can.o
CAN_GetFlagStatus                                 Framework\src\stm32f30x_can.o
CAN_GetITStatus                                   Framework\src\stm32f30x_can.o
CAN_GetLSBTransmitErrorCounter                    Framework\src\stm32f30x_can.o
CAN_GetLastErrorCode                              Framework\src\stm32f30x_can.o
CAN_GetReceiveErrorCounter                        Framework\src\stm32f30x_can.o
CAN_ITConfig                                      Framework\src\stm32f30x_can.o
CAN_Init                                          Framework\src\stm32f30x_can.o
CAN_MessagePending                                Framework\src\stm32f30x_can.o
CAN_OperatingModeRequest                          Framework\src\stm32f30x_can.o
CAN_RX1_IRQHandler                                src\startup_stm32f303xe.o
CAN_Receive                                       Framework\src\stm32f30x_can.o
CAN_SCE_IRQHandler                                src\startup_stm32f303xe.o
CAN_SlaveStartBank                                Framework\src\stm32f30x_can.o
CAN_Sleep                                         Framework\src\stm32f30x_can.o
CAN_StructInit                                    Framework\src\stm32f30x_can.o
CAN_TTComModeCmd                                  Framework\src\stm32f30x_can.o
CAN_Transmit                                      Framework\src\stm32f30x_can.o
CAN_TransmitStatus                                Framework\src\stm32f30x_can.o
CAN_WakeUp                                        Framework\src\stm32f30x_can.o
COMP1_2_3_IRQHandler                              src\startup_stm32f303xe.o
COMP4_5_6_IRQHandler                              src\startup_stm32f303xe.o
COMP7_IRQHandler                                  src\startup_stm32f303xe.o
COMP_Cmd                                          Framework\src\stm32f30x_comp.o
COMP_DeInit                                       Framework\src\stm32f30x_comp.o
COMP_GetOutputLevel                               Framework\src\stm32f30x_comp.o
COMP_Init                                         Framework\src\stm32f30x_comp.o
COMP_LockConfig                                   Framework\src\stm32f30x_comp.o
COMP_StructInit                                   Framework\src\stm32f30x_comp.o
COMP_SwitchCmd                                    Framework\src\stm32f30x_comp.o
COMP_WindowCmd                                    Framework\src\stm32f30x_comp.o
CRC_CalcBlockCRC                                  Framework\src\stm32f30x_crc.o
CRC_CalcCRC                                       Framework\src\stm32f30x_crc.o
CRC_CalcCRC16bits                                 Framework\src\stm32f30x_crc.o
CRC_CalcCRC8bits                                  Framework\src\stm32f30x_crc.o
CRC_DeInit                                        Framework\src\stm32f30x_crc.o
CRC_GetCRC                                        Framework\src\stm32f30x_crc.o
CRC_GetIDRegister                                 Framework\src\stm32f30x_crc.o
CRC_PolynomialSizeSelect                          Framework\src\stm32f30x_crc.o
CRC_ResetDR                                       Framework\src\stm32f30x_crc.o
CRC_ReverseInputDataSelect                        Framework\src\stm32f30x_crc.o
CRC_ReverseOutputDataCmd                          Framework\src\stm32f30x_crc.o
CRC_SetIDRegister                                 Framework\src\stm32f30x_crc.o
CRC_SetInitRegister                               Framework\src\stm32f30x_crc.o
CRC_SetPolynomial                                 Framework\src\stm32f30x_crc.o
DAC_ClearFlag                                     Framework\src\stm32f30x_dac.o
DAC_ClearITPendingBit                             Framework\src\stm32f30x_dac.o
DAC_Cmd                                           Framework\src\stm32f30x_dac.o
DAC_DMACmd                                        Framework\src\stm32f30x_dac.o
DAC_DeInit                                        Framework\src\stm32f30x_dac.o
DAC_DualSoftwareTriggerCmd                        Framework\src\stm32f30x_dac.o
DAC_GetDataOutputValue                            Framework\src\stm32f30x_dac.o
DAC_GetFlagStatus                                 Framework\src\stm32f30x_dac.o
DAC_GetITStatus                                   Framework\src\stm32f30x_dac.o
DAC_ITConfig                                      Framework\src\stm32f30x_dac.o
DAC_Init                                          Framework\src\stm32f30x_dac.o
DAC_SetChannel1Data                               Framework\src\stm32f30x_dac.o
DAC_SetChannel2Data                               Framework\src\stm32f30x_dac.o
DAC_SetDualChannelData                            Framework\src\stm32f30x_dac.o
DAC_SoftwareTriggerCmd                            Framework\src\stm32f30x_dac.o
DAC_StructInit                                    Framework\src\stm32f30x_dac.o
DAC_WaveGenerationCmd                             Framework\src\stm32f30x_dac.o
DBGMCU_APB1PeriphConfig                           Framework\src\stm32f30x_dbgmcu.o
DBGMCU_APB2PeriphConfig                           Framework\src\stm32f30x_dbgmcu.o
DBGMCU_Config                                     Framework\src\stm32f30x_dbgmcu.o
DBGMCU_GetDEVID                                   Framework\src\stm32f30x_dbgmcu.o
DBGMCU_GetREVID                                   Framework\src\stm32f30x_dbgmcu.o
DMA1_Channel1_IRQHandler                          src\startup_stm32f303xe.o
DMA1_Channel2_IRQHandler                          src\startup_stm32f303xe.o
DMA1_Channel3_IRQHandler                          src\startup_stm32f303xe.o
DMA1_Channel4_IRQHandler                          src\startup_stm32f303xe.o
DMA1_Channel5_IRQHandler                          src\startup_stm32f303xe.o
DMA1_Channel6_IRQHandler                          src\startup_stm32f303xe.o
DMA1_Channel7_IRQHandler                          src\startup_stm32f303xe.o
DMA2_Channel1_IRQHandler                          src\startup_stm32f303xe.o
DMA2_Channel2_IRQHandler                          src\startup_stm32f303xe.o
DMA2_Channel3_IRQHandler                          src\startup_stm32f303xe.o
DMA2_Channel4_IRQHandler                          src\startup_stm32f303xe.o
DMA2_Channel5_IRQHandler                          src\startup_stm32f303xe.o
DMA_ClearFlag                                     Framework\src\stm32f30x_dma.o
DMA_ClearITPendingBit                             Framework\src\stm32f30x_dma.o
DMA_Cmd                                           Framework\src\stm32f30x_dma.o
DMA_DeInit                                        Framework\src\stm32f30x_dma.o
DMA_GetCurrDataCounter                            Framework\src\stm32f30x_dma.o
DMA_GetFlagStatus                                 Framework\src\stm32f30x_dma.o
DMA_GetITStatus                                   Framework\src\stm32f30x_dma.o
DMA_ITConfig                                      Framework\src\stm32f30x_dma.o
DMA_Init                                          Framework\src\stm32f30x_dma.o
DMA_SetCurrDataCounter                            Framework\src\stm32f30x_dma.o
DMA_StructInit                                    Framework\src\stm32f30x_dma.o
DebugMon_Handler                                  src\startup_stm32f303xe.o
Default_Handler                                   src\startup_stm32f303xe.o
EXTI0_IRQHandler                                  src\startup_stm32f303xe.o
EXTI15_10_IRQHandler                              src\startup_stm32f303xe.o
EXTI1_IRQHandler                                  src\startup_stm32f303xe.o
EXTI2_TSC_IRQHandler                              src\startup_stm32f303xe.o
EXTI3_IRQHandler                                  src\startup_stm32f303xe.o
EXTI4_IRQHandler                                  src\startup_stm32f303xe.o
EXTI9_5_IRQHandler                                src\startup_stm32f303xe.o
EXTI_ClearFlag                                    Framework\src\stm32f30x_exti.o
EXTI_ClearITPendingBit                            Framework\src\stm32f30x_exti.o
EXTI_DeInit                                       Framework\src\stm32f30x_exti.o
EXTI_GenerateSWInterrupt                          Framework\src\stm32f30x_exti.o
EXTI_GetFlagStatus                                Framework\src\stm32f30x_exti.o
EXTI_GetITStatus                                  Framework\src\stm32f30x_exti.o
EXTI_Init                                         Framework\src\stm32f30x_exti.o
EXTI_StructInit                                   Framework\src\stm32f30x_exti.o
FLASH_ClearFlag                                   Framework\src\stm32f30x_flash.o
FLASH_EraseAllPages                               Framework\src\stm32f30x_flash.o
FLASH_ErasePage                                   Framework\src\stm32f30x_flash.o
FLASH_GetFlagStatus                               Framework\src\stm32f30x_flash.o
FLASH_GetStatus                                   Framework\src\stm32f30x_flash.o
FLASH_HalfCycleAccessCmd                          Framework\src\stm32f30x_flash.o
FLASH_IRQHandler                                  src\startup_stm32f303xe.o
FLASH_ITConfig                                    Framework\src\stm32f30x_flash.o
FLASH_Lock                                        Framework\src\stm32f30x_flash.o
FLASH_OB_BOOTConfig                               Framework\src\stm32f30x_flash.o
FLASH_OB_EnableWRP                                Framework\src\stm32f30x_flash.o
FLASH_OB_Erase                                    Framework\src\stm32f30x_flash.o
FLASH_OB_GetRDP                                   Framework\src\stm32f30x_flash.o
FLASH_OB_GetUser                                  Framework\src\stm32f30x_flash.o
FLASH_OB_GetWRP                                   Framework\src\stm32f30x_flash.o
FLASH_OB_Launch                                   Framework\src\stm32f30x_flash.o
FLASH_OB_Lock                                     Framework\src\stm32f30x_flash.o
FLASH_OB_RDPConfig                                Framework\src\stm32f30x_flash.o
FLASH_OB_SRAMParityConfig                         Framework\src\stm32f30x_flash.o
FLASH_OB_Unlock                                   Framework\src\stm32f30x_flash.o
FLASH_OB_UserConfig                               Framework\src\stm32f30x_flash.o
FLASH_OB_VDDAConfig                               Framework\src\stm32f30x_flash.o
FLASH_OB_WriteUser                                Framework\src\stm32f30x_flash.o
FLASH_PrefetchBufferCmd                           Framework\src\stm32f30x_flash.o
FLASH_ProgramHalfWord                             Framework\src\stm32f30x_flash.o
FLASH_ProgramOptionByteData                       Framework\src\stm32f30x_flash.o
FLASH_ProgramWord                                 Framework\src\stm32f30x_flash.o
FLASH_SetLatency                                  Framework\src\stm32f30x_flash.o
FLASH_Unlock                                      Framework\src\stm32f30x_flash.o
FLASH_WaitForLastOperation                        Framework\src\stm32f30x_flash.o
FMC_ClearFlag                                     Framework\src\stm32f30x_fmc.o
FMC_ClearITPendingBit                             Framework\src\stm32f30x_fmc.o
FMC_GetECC                                        Framework\src\stm32f30x_fmc.o
FMC_GetFlagStatus                                 Framework\src\stm32f30x_fmc.o
FMC_GetITStatus                                   Framework\src\stm32f30x_fmc.o
FMC_IRQHandler                                    src\startup_stm32f303xe.o
FMC_ITConfig                                      Framework\src\stm32f30x_fmc.o
FMC_NANDCmd                                       Framework\src\stm32f30x_fmc.o
FMC_NANDDeInit                                    Framework\src\stm32f30x_fmc.o
FMC_NANDECCCmd                                    Framework\src\stm32f30x_fmc.o
FMC_NANDInit                                      Framework\src\stm32f30x_fmc.o
FMC_NANDStructInit                                Framework\src\stm32f30x_fmc.o
FMC_NORSRAMCmd                                    Framework\src\stm32f30x_fmc.o
FMC_NORSRAMDeInit                                 Framework\src\stm32f30x_fmc.o
FMC_NORSRAMInit                                   Framework\src\stm32f30x_fmc.o
FMC_NORSRAMStructInit                             Framework\src\stm32f30x_fmc.o
FMC_PCCARDCmd                                     Framework\src\stm32f30x_fmc.o
FMC_PCCARDDeInit                                  Framework\src\stm32f30x_fmc.o
FMC_PCCARDInit                                    Framework\src\stm32f30x_fmc.o
FMC_PCCARDStructInit                              Framework\src\stm32f30x_fmc.o
FPU_IRQHandler                                    src\startup_stm32f303xe.o
GPIO_DeInit                                       Framework\src\stm32f30x_gpio.o
GPIO_Init                                         Framework\src\stm32f30x_gpio.o
                                                  Drivers\Wifi\Wifi.o
                                                  HAL\GPIO.o
                                                  HAL\Timers.o
GPIO_PinAFConfig                                  Framework\src\stm32f30x_gpio.o
                                                  Drivers\Wifi\Wifi.o
                                                  HAL\GPIO.o
                                                  HAL\Timers.o
GPIO_PinLockConfig                                Framework\src\stm32f30x_gpio.o
GPIO_ReadInputData                                Framework\src\stm32f30x_gpio.o
GPIO_ReadInputDataBit                             Framework\src\stm32f30x_gpio.o
GPIO_ReadOutputData                               Framework\src\stm32f30x_gpio.o
GPIO_ReadOutputDataBit                            Framework\src\stm32f30x_gpio.o
                                                  HAL\SysTick.o
GPIO_ResetBits                                    Framework\src\stm32f30x_gpio.o
                                                  HAL\SysTick.o
GPIO_SetBits                                      Framework\src\stm32f30x_gpio.o
                                                  HAL\SysTick.o
GPIO_StructInit                                   Framework\src\stm32f30x_gpio.o
GPIO_Write                                        Framework\src\stm32f30x_gpio.o
GPIO_WriteBit                                     Framework\src\stm32f30x_gpio.o
HardFault_Handler                                 src\startup_stm32f303xe.o
I2C1_ER_IRQHandler                                src\startup_stm32f303xe.o
I2C1_EV_IRQHandler                                src\startup_stm32f303xe.o
I2C2_ER_IRQHandler                                src\startup_stm32f303xe.o
I2C2_EV_IRQHandler                                src\startup_stm32f303xe.o
I2C3_ER_IRQHandler                                src\startup_stm32f303xe.o
I2C3_EV_IRQHandler                                src\startup_stm32f303xe.o
I2C_10BitAddressHeaderCmd                         Framework\src\stm32f30x_i2c.o
I2C_10BitAddressingModeCmd                        Framework\src\stm32f30x_i2c.o
I2C_AcknowledgeConfig                             Framework\src\stm32f30x_i2c.o
I2C_AutoEndCmd                                    Framework\src\stm32f30x_i2c.o
I2C_CalculatePEC                                  Framework\src\stm32f30x_i2c.o
I2C_ClearFlag                                     Framework\src\stm32f30x_i2c.o
                                                  Drivers\MPU\_LibMPU6050.o
I2C_ClearITPendingBit                             Framework\src\stm32f30x_i2c.o
I2C_ClockTimeoutCmd                               Framework\src\stm32f30x_i2c.o
I2C_Cmd                                           Framework\src\stm32f30x_i2c.o
                                                  HAL\I2C.o
I2C_DMACmd                                        Framework\src\stm32f30x_i2c.o
I2C_DeInit                                        Framework\src\stm32f30x_i2c.o
I2C_DualAddressCmd                                Framework\src\stm32f30x_i2c.o
I2C_ExtendedClockTimeoutCmd                       Framework\src\stm32f30x_i2c.o
I2C_GeneralCallCmd                                Framework\src\stm32f30x_i2c.o
I2C_GenerateSTART                                 Framework\src\stm32f30x_i2c.o
I2C_GenerateSTOP                                  Framework\src\stm32f30x_i2c.o
I2C_GetAddressMatched                             Framework\src\stm32f30x_i2c.o
I2C_GetFlagStatus                                 Framework\src\stm32f30x_i2c.o
                                                  Drivers\MPU\_LibMPU6050.o
I2C_GetITStatus                                   Framework\src\stm32f30x_i2c.o
I2C_GetPEC                                        Framework\src\stm32f30x_i2c.o
I2C_GetTransferDirection                          Framework\src\stm32f30x_i2c.o
I2C_ITConfig                                      Framework\src\stm32f30x_i2c.o
I2C_IdleClockTimeoutCmd                           Framework\src\stm32f30x_i2c.o
I2C_Init                                          Framework\src\stm32f30x_i2c.o
                                                  HAL\I2C.o
I2C_MasterRequestConfig                           Framework\src\stm32f30x_i2c.o
I2C_NumberOfBytesConfig                           Framework\src\stm32f30x_i2c.o
I2C_OwnAddress2Config                             Framework\src\stm32f30x_i2c.o
I2C_PECRequestCmd                                 Framework\src\stm32f30x_i2c.o
I2C_ReadRegister                                  Framework\src\stm32f30x_i2c.o
I2C_ReceiveData                                   Framework\src\stm32f30x_i2c.o
                                                  Drivers\MPU\_LibMPU6050.o
I2C_ReloadCmd                                     Framework\src\stm32f30x_i2c.o
I2C_SMBusAlertCmd                                 Framework\src\stm32f30x_i2c.o
I2C_SendData                                      Framework\src\stm32f30x_i2c.o
                                                  Drivers\MPU\_LibMPU6050.o
I2C_SlaveAddressConfig                            Framework\src\stm32f30x_i2c.o
                                                  HAL\I2C.o
I2C_SlaveByteControlCmd                           Framework\src\stm32f30x_i2c.o
I2C_SoftwareResetCmd                              Framework\src\stm32f30x_i2c.o
I2C_StopModeCmd                                   Framework\src\stm32f30x_i2c.o
I2C_StretchClockCmd                               Framework\src\stm32f30x_i2c.o
I2C_StructInit                                    Framework\src\stm32f30x_i2c.o
I2C_TimeoutAConfig                                Framework\src\stm32f30x_i2c.o
I2C_TimeoutBConfig                                Framework\src\stm32f30x_i2c.o
I2C_TransferHandling                              Framework\src\stm32f30x_i2c.o
                                                  Drivers\MPU\_LibMPU6050.o
I2S_Cmd                                           Framework\src\stm32f30x_spi.o
I2S_FullDuplexConfig                              Framework\src\stm32f30x_spi.o
I2S_Init                                          Framework\src\stm32f30x_spi.o
I2S_StructInit                                    Framework\src\stm32f30x_spi.o
IWDG_Enable                                       Framework\src\stm32f30x_iwdg.o
IWDG_GetFlagStatus                                Framework\src\stm32f30x_iwdg.o
IWDG_ReloadCounter                                Framework\src\stm32f30x_iwdg.o
IWDG_SetPrescaler                                 Framework\src\stm32f30x_iwdg.o
IWDG_SetReload                                    Framework\src\stm32f30x_iwdg.o
IWDG_SetWindowValue                               Framework\src\stm32f30x_iwdg.o
IWDG_WriteAccessCmd                               Framework\src\stm32f30x_iwdg.o
InitializeBT                                      Drivers\BT\BT.o
                                                  src\main.o
InitializeClock                                   Drivers\Clock\clock.o
                                                  src\main.o
InitializeGPIO                                    HAL\GPIO.o
                                                  Drivers\BT\BT.o
                                                  Drivers\LEDs\LED.o
                                                  Drivers\MPU\MPU.o
InitializeI2C                                     HAL\I2C.o
                                                  Drivers\MPU\MPU.o
InitializeLed14                                   Drivers\LEDs\LED.o
InitializeLedEye                                  Drivers\LEDs\LED.o
InitializeLedNucleo                               Drivers\LEDs\LED.o
                                                  src\main.o
InitializeMPU                                     Drivers\MPU\MPU.o
                                                  src\main.o
InitializeNVIC                                    HAL\NVIC.o
InitializeRCC                                     HAL\RCC.o
                                                  Drivers\BT\BT.o
                                                  Drivers\LEDs\LED.o
                                                  Drivers\MPU\MPU.o
InitializeSysTick                                 HAL\SysTick.o
                                                  src\main.o
InitializeTimers                                  HAL\Timers.o
                                                  src\main.o
InitializeUSART                                   HAL\USART.o
                                                  Drivers\BT\BT.o
InitializeWifi                                    Drivers\Wifi\Wifi.o
MPU6050_Accel_Get_Range                           Drivers\MPU\_LibMPU6050.o
MPU6050_Accel_Set_Range                           Drivers\MPU\_LibMPU6050.o
MPU6050_Get_AccAngleYZ_Data_Raw                   Drivers\MPU\_LibMPU6050.o
                                                  HAL\SysTick.o
MPU6050_Get_AccelYZ_Data_Raw                      Drivers\MPU\_LibMPU6050.o
                                                  HAL\SysTick.o
MPU6050_Get_Accel_Data                            Drivers\MPU\_LibMPU6050.o
MPU6050_Get_Accel_Data_Raw                        Drivers\MPU\_LibMPU6050.o
MPU6050_Get_GyroAngleX_Data_Raw                   Drivers\MPU\_LibMPU6050.o
                                                  HAL\SysTick.o
MPU6050_Get_GyroX_Data_Raw                        Drivers\MPU\_LibMPU6050.o
                                                  HAL\SysTick.o
MPU6050_Get_Gyro_Data                             Drivers\MPU\_LibMPU6050.o
MPU6050_Get_Gyro_Data_Raw                         Drivers\MPU\_LibMPU6050.o
MPU6050_Get_Temperature                           Drivers\MPU\_LibMPU6050.o
MPU6050_Gyro_Get_Range                            Drivers\MPU\_LibMPU6050.o
MPU6050_Gyro_Set_Range                            Drivers\MPU\_LibMPU6050.o
MPU6050_Initialization                            Drivers\MPU\_LibMPU6050.o
                                                  Drivers\MPU\MPU.o
MPU6050_Read                                      Drivers\MPU\_LibMPU6050.o
MPU6050_Set_Clock                                 Drivers\MPU\_LibMPU6050.o
MPU6050_Test                                      Drivers\MPU\_LibMPU6050.o
MPU6050_Timeout                                   Drivers\MPU\_LibMPU6050.o
MPU6050_Write                                     Drivers\MPU\_LibMPU6050.o
MPU_Send                                          Drivers\MPU\MPU.o
MemManage_Handler                                 src\startup_stm32f303xe.o
MpuMeasuredData                                   Drivers\BT\BT.o
                                                  HAL\SysTick.o
                                                  HAL\Timers.o
                                                  src\main.o
NMI_Handler                                       src\startup_stm32f303xe.o
NVIC_Init                                         Framework\src\stm32f30x_misc.o
                                                  HAL\NVIC.o
NVIC_PriorityGroupConfig                          Framework\src\stm32f30x_misc.o
                                                  HAL\NVIC.o
NVIC_SetVectorTable                               Framework\src\stm32f30x_misc.o
NVIC_SystemLPConfig                               Framework\src\stm32f30x_misc.o
OPAMP_Cmd                                         Framework\src\stm32f30x_opamp.o
OPAMP_DeInit                                      Framework\src\stm32f30x_opamp.o
OPAMP_GetOutputLevel                              Framework\src\stm32f30x_opamp.o
OPAMP_Init                                        Framework\src\stm32f30x_opamp.o
OPAMP_LockConfig                                  Framework\src\stm32f30x_opamp.o
OPAMP_OffsetTrimConfig                            Framework\src\stm32f30x_opamp.o
OPAMP_OffsetTrimModeSelect                        Framework\src\stm32f30x_opamp.o
OPAMP_PGAConfig                                   Framework\src\stm32f30x_opamp.o
OPAMP_StartCalibration                            Framework\src\stm32f30x_opamp.o
OPAMP_StructInit                                  Framework\src\stm32f30x_opamp.o
OPAMP_TimerControlledMuxCmd                       Framework\src\stm32f30x_opamp.o
OPAMP_TimerControlledMuxConfig                    Framework\src\stm32f30x_opamp.o
OPAMP_VrefConfig                                  Framework\src\stm32f30x_opamp.o
OPAMP_VrefConnectADCCmd                           Framework\src\stm32f30x_opamp.o
OPAMP_VrefConnectNonInvertingInput                Framework\src\stm32f30x_opamp.o
PVD_IRQHandler                                    src\startup_stm32f303xe.o
PWR_BackupAccessCmd                               Framework\src\stm32f30x_pwr.o
PWR_ClearFlag                                     Framework\src\stm32f30x_pwr.o
PWR_DeInit                                        Framework\src\stm32f30x_pwr.o
PWR_EnterSTANDBYMode                              Framework\src\stm32f30x_pwr.o
PWR_EnterSTOPMode                                 Framework\src\stm32f30x_pwr.o
PWR_EnterSleepMode                                Framework\src\stm32f30x_pwr.o
PWR_GetFlagStatus                                 Framework\src\stm32f30x_pwr.o
PWR_PVDCmd                                        Framework\src\stm32f30x_pwr.o
PWR_PVDLevelConfig                                Framework\src\stm32f30x_pwr.o
PWR_WakeUpPinCmd                                  Framework\src\stm32f30x_pwr.o
PendSV_Handler                                    src\startup_stm32f303xe.o
RCC_ADCCLKConfig                                  Framework\src\stm32f30x_rcc.o
RCC_AHBPeriphClockCmd                             Framework\src\stm32f30x_rcc.o
                                                  HAL\RCC.o
RCC_AHBPeriphResetCmd                             Framework\src\stm32f30x_rcc.o
                                                  Framework\src\stm32f30x_adc.o
                                                  Framework\src\stm32f30x_gpio.o
RCC_APB1PeriphClockCmd                            Framework\src\stm32f30x_rcc.o
                                                  HAL\RCC.o
RCC_APB1PeriphResetCmd                            Framework\src\stm32f30x_rcc.o
                                                  Framework\src\stm32f30x_can.o
                                                  Framework\src\stm32f30x_dac.o
                                                  Framework\src\stm32f30x_i2c.o
                                                  Framework\src\stm32f30x_pwr.o
                                                  Framework\src\stm32f30x_spi.o
                                                  Framework\src\stm32f30x_tim.o
                                                  Framework\src\stm32f30x_usart.o
                                                  Framework\src\stm32f30x_wwdg.o
RCC_APB2PeriphClockCmd                            Framework\src\stm32f30x_rcc.o
                                                  HAL\RCC.o
RCC_APB2PeriphResetCmd                            Framework\src\stm32f30x_rcc.o
                                                  Framework\src\stm32f30x_spi.o
                                                  Framework\src\stm32f30x_tim.o
                                                  Framework\src\stm32f30x_usart.o
RCC_AdjustHSICalibrationValue                     Framework\src\stm32f30x_rcc.o
RCC_BackupResetCmd                                Framework\src\stm32f30x_rcc.o
RCC_ClearFlag                                     Framework\src\stm32f30x_rcc.o
RCC_ClearITPendingBit                             Framework\src\stm32f30x_rcc.o
RCC_ClockSecuritySystemCmd                        Framework\src\stm32f30x_rcc.o
RCC_DeInit                                        Framework\src\stm32f30x_rcc.o
RCC_GetClocksFreq                                 Framework\src\stm32f30x_rcc.o
                                                  Framework\src\stm32f30x_spi.o
                                                  Framework\src\stm32f30x_usart.o
RCC_GetFlagStatus                                 Framework\src\stm32f30x_rcc.o
RCC_GetITStatus                                   Framework\src\stm32f30x_rcc.o
RCC_GetSYSCLKSource                               Framework\src\stm32f30x_rcc.o
RCC_HCLKConfig                                    Framework\src\stm32f30x_rcc.o
                                                  Drivers\Clock\clock.o
RCC_HRTIM1CLKConfig                               Framework\src\stm32f30x_rcc.o
RCC_HSEConfig                                     Framework\src\stm32f30x_rcc.o
RCC_HSICmd                                        Framework\src\stm32f30x_rcc.o
                                                  Drivers\Clock\clock.o
RCC_I2CCLKConfig                                  Framework\src\stm32f30x_rcc.o
RCC_I2SCLKConfig                                  Framework\src\stm32f30x_rcc.o
RCC_IRQHandler                                    src\startup_stm32f303xe.o
RCC_ITConfig                                      Framework\src\stm32f30x_rcc.o
RCC_LSEConfig                                     Framework\src\stm32f30x_rcc.o
RCC_LSEDriveConfig                                Framework\src\stm32f30x_rcc.o
RCC_LSICmd                                        Framework\src\stm32f30x_rcc.o
RCC_MCOConfig                                     Framework\src\stm32f30x_rcc.o
RCC_PCLK1Config                                   Framework\src\stm32f30x_rcc.o
                                                  Drivers\Clock\clock.o
RCC_PCLK2Config                                   Framework\src\stm32f30x_rcc.o
                                                  Drivers\Clock\clock.o
RCC_PLLCmd                                        Framework\src\stm32f30x_rcc.o
                                                  Drivers\Clock\clock.o
RCC_PLLConfig                                     Framework\src\stm32f30x_rcc.o
                                                  Drivers\Clock\clock.o
RCC_PREDIV1Config                                 Framework\src\stm32f30x_rcc.o
RCC_RTCCLKCmd                                     Framework\src\stm32f30x_rcc.o
RCC_RTCCLKConfig                                  Framework\src\stm32f30x_rcc.o
RCC_SYSCLKConfig                                  Framework\src\stm32f30x_rcc.o
                                                  Drivers\Clock\clock.o
RCC_TIMCLKConfig                                  Framework\src\stm32f30x_rcc.o
RCC_USARTCLKConfig                                Framework\src\stm32f30x_rcc.o
RCC_USBCLKConfig                                  Framework\src\stm32f30x_rcc.o
RCC_WaitForHSEStartUp                             Framework\src\stm32f30x_rcc.o
RTC_AlarmCmd                                      Framework\src\stm32f30x_rtc.o
RTC_AlarmStructInit                               Framework\src\stm32f30x_rtc.o
RTC_AlarmSubSecondConfig                          Framework\src\stm32f30x_rtc.o
RTC_Alarm_IRQHandler                              src\startup_stm32f303xe.o
RTC_BypassShadowCmd                               Framework\src\stm32f30x_rtc.o
RTC_CalibOutputCmd                                Framework\src\stm32f30x_rtc.o
RTC_CalibOutputConfig                             Framework\src\stm32f30x_rtc.o
RTC_ClearFlag                                     Framework\src\stm32f30x_rtc.o
RTC_ClearITPendingBit                             Framework\src\stm32f30x_rtc.o
RTC_DateStructInit                                Framework\src\stm32f30x_rtc.o
RTC_DayLightSavingConfig                          Framework\src\stm32f30x_rtc.o
RTC_DeInit                                        Framework\src\stm32f30x_rtc.o
RTC_EnterInitMode                                 Framework\src\stm32f30x_rtc.o
RTC_ExitInitMode                                  Framework\src\stm32f30x_rtc.o
RTC_GetAlarm                                      Framework\src\stm32f30x_rtc.o
RTC_GetAlarmSubSecond                             Framework\src\stm32f30x_rtc.o
RTC_GetDate                                       Framework\src\stm32f30x_rtc.o
RTC_GetFlagStatus                                 Framework\src\stm32f30x_rtc.o
RTC_GetITStatus                                   Framework\src\stm32f30x_rtc.o
RTC_GetStoreOperation                             Framework\src\stm32f30x_rtc.o
RTC_GetSubSecond                                  Framework\src\stm32f30x_rtc.o
RTC_GetTime                                       Framework\src\stm32f30x_rtc.o
RTC_GetTimeStamp                                  Framework\src\stm32f30x_rtc.o
RTC_GetTimeStampSubSecond                         Framework\src\stm32f30x_rtc.o
RTC_GetWakeUpCounter                              Framework\src\stm32f30x_rtc.o
RTC_ITConfig                                      Framework\src\stm32f30x_rtc.o
RTC_Init                                          Framework\src\stm32f30x_rtc.o
RTC_OutputConfig                                  Framework\src\stm32f30x_rtc.o
RTC_OutputTypeConfig                              Framework\src\stm32f30x_rtc.o
RTC_ReadBackupRegister                            Framework\src\stm32f30x_rtc.o
RTC_RefClockCmd                                   Framework\src\stm32f30x_rtc.o
RTC_SetAlarm                                      Framework\src\stm32f30x_rtc.o
RTC_SetDate                                       Framework\src\stm32f30x_rtc.o
RTC_SetTime                                       Framework\src\stm32f30x_rtc.o
RTC_SetWakeUpCounter                              Framework\src\stm32f30x_rtc.o
RTC_SmoothCalibConfig                             Framework\src\stm32f30x_rtc.o
RTC_StructInit                                    Framework\src\stm32f30x_rtc.o
RTC_SynchroShiftConfig                            Framework\src\stm32f30x_rtc.o
RTC_TamperCmd                                     Framework\src\stm32f30x_rtc.o
RTC_TamperFilterConfig                            Framework\src\stm32f30x_rtc.o
RTC_TamperPinsPrechargeDuration                   Framework\src\stm32f30x_rtc.o
RTC_TamperPullUpCmd                               Framework\src\stm32f30x_rtc.o
RTC_TamperSamplingFreqConfig                      Framework\src\stm32f30x_rtc.o
RTC_TamperTriggerConfig                           Framework\src\stm32f30x_rtc.o
RTC_TimeStampCmd                                  Framework\src\stm32f30x_rtc.o
RTC_TimeStampOnTamperDetectionCmd                 Framework\src\stm32f30x_rtc.o
RTC_TimeStructInit                                Framework\src\stm32f30x_rtc.o
RTC_WKUP_IRQHandler                               src\startup_stm32f303xe.o
RTC_WaitForSynchro                                Framework\src\stm32f30x_rtc.o
RTC_WakeUpClockConfig                             Framework\src\stm32f30x_rtc.o
RTC_WakeUpCmd                                     Framework\src\stm32f30x_rtc.o
RTC_WriteBackupRegister                           Framework\src\stm32f30x_rtc.o
RTC_WriteProtectionCmd                            Framework\src\stm32f30x_rtc.o
Reset_Handler                                     src\startup_stm32f303xe.o
SPI1_IRQHandler                                   src\startup_stm32f303xe.o
SPI2_IRQHandler                                   src\startup_stm32f303xe.o
SPI3_IRQHandler                                   src\startup_stm32f303xe.o
SPI4_IRQHandler                                   src\startup_stm32f303xe.o
SPI_BiDirectionalLineConfig                       Framework\src\stm32f30x_spi.o
SPI_CRCLengthConfig                               Framework\src\stm32f30x_spi.o
SPI_CalculateCRC                                  Framework\src\stm32f30x_spi.o
SPI_Cmd                                           Framework\src\stm32f30x_spi.o
SPI_DataSizeConfig                                Framework\src\stm32f30x_spi.o
SPI_GetCRC                                        Framework\src\stm32f30x_spi.o
SPI_GetCRCPolynomial                              Framework\src\stm32f30x_spi.o
SPI_GetReceptionFIFOStatus                        Framework\src\stm32f30x_spi.o
SPI_GetTransmissionFIFOStatus                     Framework\src\stm32f30x_spi.o
SPI_I2S_ClearFlag                                 Framework\src\stm32f30x_spi.o
SPI_I2S_DMACmd                                    Framework\src\stm32f30x_spi.o
SPI_I2S_DeInit                                    Framework\src\stm32f30x_spi.o
SPI_I2S_GetFlagStatus                             Framework\src\stm32f30x_spi.o
SPI_I2S_GetITStatus                               Framework\src\stm32f30x_spi.o
SPI_I2S_ITConfig                                  Framework\src\stm32f30x_spi.o
SPI_I2S_ReceiveData16                             Framework\src\stm32f30x_spi.o
SPI_I2S_SendData16                                Framework\src\stm32f30x_spi.o
SPI_Init                                          Framework\src\stm32f30x_spi.o
SPI_LastDMATransferCmd                            Framework\src\stm32f30x_spi.o
SPI_NSSInternalSoftwareConfig                     Framework\src\stm32f30x_spi.o
SPI_NSSPulseModeCmd                               Framework\src\stm32f30x_spi.o
SPI_ReceiveData8                                  Framework\src\stm32f30x_spi.o
SPI_RxFIFOThresholdConfig                         Framework\src\stm32f30x_spi.o
SPI_SSOutputCmd                                   Framework\src\stm32f30x_spi.o
SPI_SendData8                                     Framework\src\stm32f30x_spi.o
SPI_StructInit                                    Framework\src\stm32f30x_spi.o
SPI_TIModeCmd                                     Framework\src\stm32f30x_spi.o
SPI_TransmitCRC                                   Framework\src\stm32f30x_spi.o
SVC_Handler                                       src\startup_stm32f303xe.o
SYSCFG_ADCTriggerRemapConfig                      Framework\src\stm32f30x_syscfg.o
SYSCFG_BreakConfig                                Framework\src\stm32f30x_syscfg.o
SYSCFG_BypassParityCheckDisable                   Framework\src\stm32f30x_syscfg.o
SYSCFG_ClearFlag                                  Framework\src\stm32f30x_syscfg.o
SYSCFG_DMAChannelRemapConfig                      Framework\src\stm32f30x_syscfg.o
SYSCFG_DeInit                                     Framework\src\stm32f30x_syscfg.o
SYSCFG_EXTILineConfig                             Framework\src\stm32f30x_syscfg.o
SYSCFG_EncoderRemapConfig                         Framework\src\stm32f30x_syscfg.o
SYSCFG_GetFlagStatus                              Framework\src\stm32f30x_syscfg.o
SYSCFG_I2CFastModePlusConfig                      Framework\src\stm32f30x_syscfg.o
SYSCFG_ITConfig                                   Framework\src\stm32f30x_syscfg.o
SYSCFG_MemoryRemapConfig                          Framework\src\stm32f30x_syscfg.o
SYSCFG_SRAMWRPEnable                              Framework\src\stm32f30x_syscfg.o
SYSCFG_TriggerRemapConfig                         Framework\src\stm32f30x_syscfg.o
SYSCFG_USBInterruptLineRemapCmd                   Framework\src\stm32f30x_syscfg.o
SysTick_CLKSourceConfig                           Framework\src\stm32f30x_misc.o
                                                  HAL\SysTick.o
SysTick_Handler                                   HAL\SysTick.o
                                                  src\startup_stm32f303xe.o
SystemCoreClock                                   src\system_stm32f30x.o
SystemCoreClockUpdate                             src\system_stm32f30x.o
SystemInit                                        src\system_stm32f30x.o
                                                  src\startup_stm32f303xe.o
TAMP_STAMP_IRQHandler                             src\startup_stm32f303xe.o
TIM1_BRK_TIM15_IRQHandler                         src\startup_stm32f303xe.o
TIM1_CC_IRQHandler                                src\startup_stm32f303xe.o
TIM1_TRG_COM_TIM17_IRQHandler                     src\startup_stm32f303xe.o
TIM1_UP_TIM16_IRQHandler                          src\startup_stm32f303xe.o
TIM20_BRK_IRQHandler                              src\startup_stm32f303xe.o
TIM20_CC_IRQHandler                               src\startup_stm32f303xe.o
TIM20_TRG_COM_IRQHandler                          src\startup_stm32f303xe.o
TIM20_UP_IRQHandler                               src\startup_stm32f303xe.o
TIM2_IRQHandler                                   src\startup_stm32f303xe.o
TIM3_IRQHandler                                   src\startup_stm32f303xe.o
TIM4_IRQHandler                                   src\startup_stm32f303xe.o
TIM6_DAC_IRQHandler                               src\startup_stm32f303xe.o
TIM7_IRQHandler                                   src\startup_stm32f303xe.o
TIM8_BRK_IRQHandler                               src\startup_stm32f303xe.o
TIM8_CC_IRQHandler                                src\startup_stm32f303xe.o
TIM8_TRG_COM_IRQHandler                           src\startup_stm32f303xe.o
TIM8_UP_IRQHandler                                src\startup_stm32f303xe.o
TIM_ARRPreloadConfig                              Framework\src\stm32f30x_tim.o
TIM_BDTRConfig                                    Framework\src\stm32f30x_tim.o
TIM_BDTRStructInit                                Framework\src\stm32f30x_tim.o
TIM_Break1Cmd                                     Framework\src\stm32f30x_tim.o
TIM_Break1Config                                  Framework\src\stm32f30x_tim.o
TIM_Break2Cmd                                     Framework\src\stm32f30x_tim.o
TIM_Break2Config                                  Framework\src\stm32f30x_tim.o
TIM_CCPreloadControl                              Framework\src\stm32f30x_tim.o
TIM_CCxCmd                                        Framework\src\stm32f30x_tim.o
TIM_CCxNCmd                                       Framework\src\stm32f30x_tim.o
TIM_ClearFlag                                     Framework\src\stm32f30x_tim.o
TIM_ClearITPendingBit                             Framework\src\stm32f30x_tim.o
TIM_ClearOC1Ref                                   Framework\src\stm32f30x_tim.o
TIM_ClearOC2Ref                                   Framework\src\stm32f30x_tim.o
TIM_ClearOC3Ref                                   Framework\src\stm32f30x_tim.o
TIM_ClearOC4Ref                                   Framework\src\stm32f30x_tim.o
TIM_ClearOC5Ref                                   Framework\src\stm32f30x_tim.o
TIM_ClearOC6Ref                                   Framework\src\stm32f30x_tim.o
TIM_Cmd                                           Framework\src\stm32f30x_tim.o
                                                  HAL\Timers.o
TIM_CounterModeConfig                             Framework\src\stm32f30x_tim.o
TIM_CtrlPWMOutputs                                Framework\src\stm32f30x_tim.o
TIM_DMACmd                                        Framework\src\stm32f30x_tim.o
TIM_DMAConfig                                     Framework\src\stm32f30x_tim.o
TIM_DeInit                                        Framework\src\stm32f30x_tim.o
TIM_ETRClockMode1Config                           Framework\src\stm32f30x_tim.o
TIM_ETRClockMode2Config                           Framework\src\stm32f30x_tim.o
TIM_ETRConfig                                     Framework\src\stm32f30x_tim.o
TIM_EncoderInterfaceConfig                        Framework\src\stm32f30x_tim.o
TIM_ForcedOC1Config                               Framework\src\stm32f30x_tim.o
TIM_ForcedOC2Config                               Framework\src\stm32f30x_tim.o
TIM_ForcedOC3Config                               Framework\src\stm32f30x_tim.o